[INFO] Scanning for projects...
[INFO] 
[INFO] ---------------< com.dsaplatform:dsa-learning-platform >----------------
[INFO] Building DSA Learning Platform Backend 1.0.0
[INFO]   from pom.xml
[INFO] --------------------------------[ jar ]---------------------------------
[INFO] 
[INFO] --- resources:3.3.1:resources (default-resources) @ dsa-learning-platform ---
[INFO] Copying 1 resource from src\main\resources to target\classes
[INFO] Copying 1 resource from src\main\resources to target\classes
[INFO] 
[INFO] --- compiler:3.14.0:compile (default-compile) @ dsa-learning-platform ---
[INFO] Nothing to compile - all classes are up to date.
[INFO] 
[INFO] --- resources:3.3.1:testResources (default-testResources) @ dsa-learning-platform ---
[INFO] Copying 1 resource from src\test\resources to target\test-classes
[INFO] 
[INFO] --- compiler:3.14.0:testCompile (default-testCompile) @ dsa-learning-platform ---
[INFO] Recompiling the module because of changed source code.
[INFO] Compiling 9 source files with javac [debug parameters release 17] to target\test-classes
[WARNING] /D:/Proj/Dsa/backend/src/test/java/com/dsaplatform/integration/ChatIntegrationTest.java:[77,6] org.springframework.boot.test.mock.mockito.MockBean in org.springframework.boot.test.mock.mockito has been deprecated and marked for removal
[WARNING] /D:/Proj/Dsa/backend/src/test/java/com/dsaplatform/integration/ChatIntegrationTest.java:[77,6] org.springframework.boot.test.mock.mockito.MockBean in org.springframework.boot.test.mock.mockito has been deprecated and marked for removal
[WARNING] /D:/Proj/Dsa/backend/src/test/java/com/dsaplatform/integration/ChatIntegrationTest.java:[77,6] org.springframework.boot.test.mock.mockito.MockBean in org.springframework.boot.test.mock.mockito has been deprecated and marked for removal
[WARNING] /D:/Proj/Dsa/backend/src/test/java/com/dsaplatform/integration/ChatIntegrationTest.java:[77,6] org.springframework.boot.test.mock.mockito.MockBean in org.springframework.boot.test.mock.mockito has been deprecated and marked for removal
[WARNING] /D:/Proj/Dsa/backend/src/test/java/com/dsaplatform/integration/ChatIntegrationTest.java:[77,6] org.springframework.boot.test.mock.mockito.MockBean in org.springframework.boot.test.mock.mockito has been deprecated and marked for removal
[WARNING] /D:/Proj/Dsa/backend/src/test/java/com/dsaplatform/service/ChatServicePropertyTest.java:[65,6] org.springframework.boot.test.mock.mockito.MockBean in org.springframework.boot.test.mock.mockito has been deprecated and marked for removal
[WARNING] /D:/Proj/Dsa/backend/src/test/java/com/dsaplatform/service/ChatServicePropertyTest.java:[65,6] org.springframework.boot.test.mock.mockito.MockBean in org.springframework.boot.test.mock.mockito has been deprecated and marked for removal
[WARNING] /D:/Proj/Dsa/backend/src/test/java/com/dsaplatform/service/ChatServicePropertyTest.java:[65,6] org.springframework.boot.test.mock.mockito.MockBean in org.springframework.boot.test.mock.mockito has been deprecated and marked for removal
[WARNING] /D:/Proj/Dsa/backend/src/test/java/com/dsaplatform/service/ChatServicePropertyTest.java:[65,6] org.springframework.boot.test.mock.mockito.MockBean in org.springframework.boot.test.mock.mockito has been deprecated and marked for removal
[WARNING] /D:/Proj/Dsa/backend/src/test/java/com/dsaplatform/service/ChatServicePropertyTest.java:[65,6] org.springframework.boot.test.mock.mockito.MockBean in org.springframework.boot.test.mock.mockito has been deprecated and marked for removal
[INFO] 
[INFO] --- surefire:3.5.2:test (default-test) @ dsa-learning-platform ---
[INFO] Using auto detected provider org.apache.maven.surefire.junitplatform.JUnitPlatformProvider
[INFO] 
[INFO] -------------------------------------------------------
[INFO]  T E S T S
[INFO] -------------------------------------------------------
[INFO] Running com.dsaplatform.integration.ChatIntegrationTest
14:28:46.723 [main] INFO org.springframework.test.context.support.AnnotationConfigContextLoaderUtils -- Could not detect default configuration classes for test class [com.dsaplatform.integration.ChatIntegrationTest]: ChatIntegrationTest does not declare any static, non-private, non-final, nested classes annotated with @Configuration.
14:28:47.051 [main] INFO org.springframework.boot.test.context.SpringBootTestContextBootstrapper -- Found @SpringBootConfiguration com.dsaplatform.DsaLearningPlatformApplication for test class com.dsaplatform.integration.ChatIntegrationTest

  .   ____          _            __ _ _
 /\\ / ___'_ __ _ _(_)_ __  __ _ \ \ \ \
( ( )\___ | '_ | '_| | '_ \/ _` | \ \ \ \
 \\/  ___)| |_)| | | | | || (_| |  ) ) ) )
  '  |____| .__|_| |_|_| |_\__, | / / / /
 =========|_|==============|___/=/_/_/_/

 :: Spring Boot ::                (v3.4.1)

2026-01-18 14:28:48 - Starting ChatIntegrationTest using Java 21.0.9 with PID 1172 (started by PC in D:\Proj\Dsa\backend)
2026-01-18 14:28:48 - Running with Spring Boot v3.4.1, Spring v6.2.1
2026-01-18 14:28:48 - The following 1 profile is active: "test"
2026-01-18 14:28:50 - Bootstrapping Spring Data JPA repositories in DEFAULT mode.
2026-01-18 14:28:50 - Finished Spring Data repository scanning in 481 ms. Found 10 JPA repository interfaces.
.\mvnw.cmd : 
Mockito is 
currently 
self-attaching to 
enable the 
inline-mock-maker. 
This will no longer 
work in future 
releases of the 
JDK. Please add 
Mockito as an agent 
to your build what 
is described in 
Mockito's 
documentation: https
://javadoc.io/doc/or
g.mockito/mockito-co
re/latest/org/mockit
o/Mockito.html#0.3
At line:1 char:1
+ .\mvnw.cmd test > 
test-output.txt 
2>&1; Get-Content 
test-output.txt | 
...
+ ~~~~~~~~~~~~~~~~~~
~~~~~~~~~~~~~~~~~~~~
    + CategoryInfo  
            : NotS  
  pecified: (Mock   
 ito is curr...o    
ckito.html#0.3:    
String) [], Rem    
oteException
    + FullyQualifie 
   dErrorId : Nati  
  veCommandError
 
WARNING: A Java 
agent has been 
loaded dynamically (
C:\Users\PC\.m2\repo
sitory\net\bytebuddy
\byte-buddy-agent\1.
15.11\byte-buddy-age
nt-1.15.11.jar)
WARNING: If a 
serviceability tool 
is in use, please 
run with -XX:+Enable
DynamicAgentLoading 
to hide this warning
WARNING: If a 
serviceability tool 
is not in use, 
please run with -Djd
k.instrument.traceUs
age for more 
information
WARNING: Dynamic 
loading of agents 
will be disallowed 
by default in a 
future release
OpenJDK 64-Bit 
Server VM warning: 
Sharing is only 
supported for boot 
loader classes 
because bootstrap 
classpath has been 
appended
2026-01-18 14:28:55 - HHH000204: Processing PersistenceUnitInfo [name: default]
2026-01-18 14:28:55 - HHH000412: Hibernate ORM core version 6.6.4.Final
2026-01-18 14:28:55 - HHH000026: Second-level cache disabled
2026-01-18 14:28:56 - No LoadTimeWeaver setup: ignoring JPA class transformer
2026-01-18 14:28:56 - HikariPool-1 - Starting...
2026-01-18 14:28:57 - HikariPool-1 - Added connection conn0: url=jdbc:h2:mem:testdb user=SA
2026-01-18 14:28:57 - HikariPool-1 - Start completed.
2026-01-18 14:28:57 - HHH90000025: H2Dialect does not need to be specified explicitly using 'hibernate.dialect' (remove the property setting and it will be selected by default)
2026-01-18 14:28:57 - HHH10001005: Database info:
	Database JDBC URL [Connecting through datasource 'HikariDataSource (HikariPool-1)']
	Database driver: undefined/unknown
	Database version: 2.3.232
	Autocommit mode: undefined/unknown
	Isolation level: undefined/unknown
	Minimum pool size: undefined/unknown
	Maximum pool size: undefined/unknown
2026-01-18 14:29:00 - HHH000489: No JTA platform available (set 'hibernate.transaction.jta.platform' to enable JTA platform integration)
Hibernate: 
    drop table if exists badges cascade 
Hibernate: 
    drop table if exists chapters cascade 
Hibernate: 
    drop table if exists chat_logs cascade 
Hibernate: 
    drop table if exists courses cascade 
Hibernate: 
    drop table if exists lesson_embeddings cascade 
Hibernate: 
    drop table if exists lesson_progress cascade 
Hibernate: 
    drop table if exists lessons cascade 
Hibernate: 
    drop table if exists notes cascade 
Hibernate: 
    drop table if exists user_badges cascade 
Hibernate: 
    drop table if exists users cascade 
Hibernate: 
    create table badges (
        created_at timestamp(6) not null,
        id bigint generated by default as identity,
        updated_at timestamp(6),
        icon varchar(10),
        name varchar(100) not null unique,
        description varchar(500),
        rarity enum ('COMMON','EPIC','LEGENDARY','RARE') not null,
        primary key (id)
    )
Hibernate: 
    create table chapters (
        chapter_order integer not null,
        course_id bigint not null,
        created_at timestamp(6) not null,
        id bigint generated by default as identity,
        updated_at timestamp(6),
        title varchar(200) not null,
        description varchar(1000),
        primary key (id)
    )
Hibernate: 
    create table chat_logs (
        confidence_score numeric(5,4),
        retrieved_chunks integer,
        created_at timestamp(6) not null,
        id bigint generated by default as identity,
        question_timestamp timestamp(6) not null,
        response_timestamp timestamp(6),
        user_id bigint not null,
        bot_response TEXT,
        related_chapter_ids TEXT,
        user_question TEXT not null,
        primary key (id)
    )
Hibernate: 
    create table courses (
        duration integer not null,
        created_at timestamp(6) not null,
        id bigint generated by default as identity,
        updated_at timestamp(6),
        title varchar(200) not null,
        thumbnail varchar(500),
        description varchar(1000),
        difficulty enum ('ADVANCED','BEGINNER','INTERMEDIATE') not null,
        primary key (id)
    )
Hibernate: 
    create table lesson_embeddings (
        chunk_index integer,
        created_at timestamp(6) not null,
        id bigint generated by default as identity,
        lesson_id bigint not null,
        chunk_text varchar(2000),
        embedding TEXT,
        primary key (id)
    )
Hibernate: 
    create table lesson_progress (
        completed boolean not null,
        completed_at timestamp(6),
        created_at timestamp(6) not null,
        id bigint generated by default as identity,
        lesson_id bigint not null,
        updated_at timestamp(6),
        user_id bigint not null,
        primary key (id),
        unique (user_id, lesson_id)
    )
Hibernate: 
    create table lessons (
        duration integer not null,
        lesson_order integer not null,
        chapter_id bigint not null,
        created_at timestamp(6) not null,
        id bigint generated by default as identity,
        updated_at timestamp(6),
        title varchar(200) not null,
        content TEXT,
        primary key (id)
    )
Hibernate: 
    create table notes (
        created_at timestamp(6) not null,
        id bigint generated by default as identity,
        lesson_id bigint,
        updated_at timestamp(6),
        user_id bigint not null,
        title varchar(200) not null,
        content TEXT,
        primary key (id)
    )
Hibernate: 
    create table user_badges (
        badge_id bigint not null,
        earned_at timestamp(6) not null,
        id bigint generated by default as identity,
        user_id bigint not null,
        primary key (id),
        unique (user_id, badge_id)
    )
Hibernate: 
    create table users (
        level integer not null,
        points integer not null,
        streak integer not null,
        created_at timestamp(6) not null,
        id bigint generated by default as identity,
        last_activity_date timestamp(6),
        updated_at timestamp(6),
        username varchar(50) not null unique,
        avatar varchar(500),
        email varchar(255) not null unique,
        password varchar(255) not null,
        role enum ('ADMIN','STUDENT') not null,
        primary key (id)
    )
Hibernate: 
    alter table if exists chapters 
       add constraint FK6h1m0nrtdwj37570c0sp2tdcs 
       foreign key (course_id) 
       references courses
Hibernate: 
    alter table if exists lesson_embeddings 
       add constraint FKqrgqipxxna7k8m9p4o08ck01p 
       foreign key (lesson_id) 
       references lessons
Hibernate: 
    alter table if exists lesson_progress 
       add constraint FKqwr70bkn0j6gok1y4op9jns8y 
       foreign key (lesson_id) 
       references lessons
Hibernate: 
    alter table if exists lesson_progress 
       add constraint FKhxwj6gbacmwi2768sceg602uf 
       foreign key (user_id) 
       references users
Hibernate: 
    alter table if exists lessons 
       add constraint FKmb78vk1f2oljr16oj1hpo45ma 
       foreign key (chapter_id) 
       references chapters
Hibernate: 
    alter table if exists notes 
       add constraint FK3xenqmacuiqjq2lnhmtojavp7 
       foreign key (lesson_id) 
       references lessons
Hibernate: 
    alter table if exists notes 
       add constraint FKechaouoa6kus6k1dpix1u91c 
       foreign key (user_id) 
       references users
Hibernate: 
    alter table if exists user_badges 
       add constraint FKk6e00pguaij0uke6xr81gt045 
       foreign key (badge_id) 
       references badges
Hibernate: 
    alter table if exists user_badges 
       add constraint FKr46ah81sjymsn035m4ojstn5s 
       foreign key (user_id) 
       references users
2026-01-18 14:29:00 - Initialized JPA EntityManagerFactory for persistence unit 'default'
2026-01-18 14:29:01 - Global AuthenticationManager configured with AuthenticationProvider bean with name authenticationProvider
2026-01-18 14:29:01 - Global AuthenticationManager configured with an AuthenticationProvider bean. UserDetailsService beans will not be used by Spring Security for automatically configuring username/password login. Consider removing the AuthenticationProvider bean. Alternatively, consider using the UserDetailsService in a manually instantiated DaoAuthenticationProvider. If the current configuration is intentional, to turn off this warning, increase the logging level of 'org.springframework.security.config.annotation.authentication.configuration.InitializeUserDetailsBeanManagerConfigurer' to ERROR
2026-01-18 14:29:02 - Hibernate is in classpath; If applicable, HQL parser will be used.
2026-01-18 14:29:07 - spring.jpa.open-in-view is enabled by default. Therefore, database queries may be performed during view rendering. Explicitly configure spring.jpa.open-in-view to disable this warning
2026-01-18 14:29:09 - H2 console available at '/h2-console'. Database available at 'jdbc:h2:mem:testdb'
2026-01-18 14:29:09 - Filter 'jwtAuthenticationFilter' configured for use
2026-01-18 14:29:09 - Initializing Spring TestDispatcherServlet ''
2026-01-18 14:29:09 - Initializing Servlet ''
2026-01-18 14:29:09 - Completed initialization in 3 ms
2026-01-18 14:29:10 - Started ChatIntegrationTest in 22.907 seconds (process running for 25.98)
Hibernate: 
    select
        cl1_0.id,
        cl1_0.bot_response,
        cl1_0.confidence_score,
        cl1_0.created_at,
        cl1_0.question_timestamp,
        cl1_0.related_chapter_ids,
        cl1_0.response_timestamp,
        cl1_0.retrieved_chunks,
        cl1_0.user_id,
        cl1_0.user_question 
    from
        chat_logs cl1_0
Hibernate: 
    select
        le1_0.id,
        le1_0.chunk_index,
        le1_0.chunk_text,
        le1_0.created_at,
        le1_0.embedding,
        le1_0.lesson_id 
    from
        lesson_embeddings le1_0
Hibernate: 
    select
        l1_0.id,
        l1_0.chapter_id,
        l1_0.content,
        l1_0.created_at,
        l1_0.duration,
        l1_0.lesson_order,
        l1_0.title,
        l1_0.updated_at 
    from
        lessons l1_0
Hibernate: 
    select
        c1_0.id,
        c1_0.course_id,
        c1_0.created_at,
        c1_0.description,
        c1_0.chapter_order,
        c1_0.title,
        c1_0.updated_at 
    from
        chapters c1_0
Hibernate: 
    select
        c1_0.id,
        c1_0.created_at,
        c1_0.description,
        c1_0.difficulty,
        c1_0.duration,
        c1_0.thumbnail,
        c1_0.title,
        c1_0.updated_at 
    from
        courses c1_0
Hibernate: 
    select
        u1_0.id,
        u1_0.avatar,
        u1_0.created_at,
        u1_0.email,
        u1_0.last_activity_date,
        u1_0.level,
        u1_0.password,
        u1_0.points,
        u1_0.role,
        u1_0.streak,
        u1_0.updated_at,
        u1_0.username 
    from
        users u1_0
Hibernate: 
    insert 
    into
        users
        (avatar, created_at, email, last_activity_date, level, password, points, role, streak, updated_at, username, id) 
    values
        (?, ?, ?, ?, ?, ?, ?, ?, ?, ?, ?, default)
Hibernate: 
    insert 
    into
        courses
        (created_at, description, difficulty, duration, thumbnail, title, updated_at, id) 
    values
        (?, ?, ?, ?, ?, ?, ?, default)
Hibernate: 
    insert 
    into
        chapters
        (course_id, created_at, description, chapter_order, title, updated_at, id) 
    values
        (?, ?, ?, ?, ?, ?, default)
Hibernate: 
    insert 
    into
        lessons
        (chapter_id, content, created_at, duration, lesson_order, title, updated_at, id) 
    values
        (?, ?, ?, ?, ?, ?, ?, default)
Hibernate: 
    select
        u1_0.id,
        u1_0.avatar,
        u1_0.created_at,
        u1_0.email,
        u1_0.last_activity_date,
        u1_0.level,
        u1_0.password,
        u1_0.points,
        u1_0.role,
        u1_0.streak,
        u1_0.updated_at,
        u1_0.username 
    from
        users u1_0 
    where
        u1_0.email=?
2026-01-18 14:29:11 - Rate limiting is disabled, allowing request
2026-01-18 14:29:11 - Embedding content for lesson 1
2026-01-18 14:29:11 - Starting embedding process for lesson ID: 1
Hibernate: 
    select
        l1_0.id,
        l1_0.chapter_id,
        l1_0.content,
        l1_0.created_at,
        l1_0.duration,
        l1_0.lesson_order,
        l1_0.title,
        l1_0.updated_at 
    from
        lessons l1_0 
    where
        l1_0.id=?
2026-01-18 14:29:11 - Generated 4 chunks for lesson 1
Hibernate: 
    select
        le1_0.id,
        le1_0.chunk_index,
        le1_0.chunk_text,
        le1_0.created_at,
        le1_0.embedding,
        le1_0.lesson_id 
    from
        lesson_embeddings le1_0 
    left join
        lessons l1_0 
            on l1_0.id=le1_0.lesson_id 
    where
        l1_0.id=?
Hibernate: 
    insert 
    into
        lesson_embeddings
        (chunk_index, chunk_text, created_at, embedding, lesson_id, id) 
    values
        (?, ?, ?, ?, ?, default)
Hibernate: 
    insert 
    into
        lesson_embeddings
        (chunk_index, chunk_text, created_at, embedding, lesson_id, id) 
    values
        (?, ?, ?, ?, ?, default)
Hibernate: 
    insert 
    into
        lesson_embeddings
        (chunk_index, chunk_text, created_at, embedding, lesson_id, id) 
    values
        (?, ?, ?, ?, ?, default)
Hibernate: 
    insert 
    into
        lesson_embeddings
        (chunk_index, chunk_text, created_at, embedding, lesson_id, id) 
    values
        (?, ?, ?, ?, ?, default)
2026-01-18 14:29:11 - Successfully created 4 embeddings for lesson 1
Hibernate: 
    select
        le1_0.id,
        le1_0.chunk_index,
        le1_0.chunk_text,
        le1_0.created_at,
        le1_0.embedding,
        le1_0.lesson_id 
    from
        lesson_embeddings le1_0 
    left join
        lessons l1_0 
            on l1_0.id=le1_0.lesson_id 
    where
        l1_0.id=? 
    order by
        le1_0.chunk_index
Hibernate: 
    select
        cl1_0.id,
        cl1_0.bot_response,
        cl1_0.confidence_score,
        cl1_0.created_at,
        cl1_0.question_timestamp,
        cl1_0.related_chapter_ids,
        cl1_0.response_timestamp,
        cl1_0.retrieved_chunks,
        cl1_0.user_id,
        cl1_0.user_question 
    from
        chat_logs cl1_0
Hibernate: 
    select
        le1_0.id,
        le1_0.chunk_index,
        le1_0.chunk_text,
        le1_0.created_at,
        le1_0.embedding,
        le1_0.lesson_id 
    from
        lesson_embeddings le1_0
Hibernate: 
    delete 
    from
        lesson_embeddings 
    where
        id=?
Hibernate: 
    delete 
    from
        lesson_embeddings 
    where
        id=?
Hibernate: 
    delete 
    from
        lesson_embeddings 
    where
        id=?
Hibernate: 
    delete 
    from
        lesson_embeddings 
    where
        id=?
Hibernate: 
    select
        l1_0.id,
        l1_0.chapter_id,
        l1_0.content,
        l1_0.created_at,
        l1_0.duration,
        l1_0.lesson_order,
        l1_0.title,
        l1_0.updated_at 
    from
        lessons l1_0
Hibernate: 
    select
        e1_0.lesson_id,
        e1_0.id,
        e1_0.chunk_index,
        e1_0.chunk_text,
        e1_0.created_at,
        e1_0.embedding 
    from
        lesson_embeddings e1_0 
    where
        e1_0.lesson_id=?
Hibernate: 
    select
        p1_0.lesson_id,
        p1_0.id,
        p1_0.completed,
        p1_0.completed_at,
        p1_0.created_at,
        p1_0.updated_at,
        p1_0.user_id 
    from
        lesson_progress p1_0 
    where
        p1_0.lesson_id=?
Hibernate: 
    delete 
    from
        lessons 
    where
        id=?
Hibernate: 
    select
        c1_0.id,
        c1_0.course_id,
        c1_0.created_at,
        c1_0.description,
        c1_0.chapter_order,
        c1_0.title,
        c1_0.updated_at 
    from
        chapters c1_0
Hibernate: 
    select
        l1_0.chapter_id,
        l1_0.id,
        l1_0.content,
        l1_0.created_at,
        l1_0.duration,
        l1_0.lesson_order,
        l1_0.title,
        l1_0.updated_at 
    from
        lessons l1_0 
    where
        l1_0.chapter_id=? 
    order by
        l1_0.lesson_order
Hibernate: 
    delete 
    from
        chapters 
    where
        id=?
Hibernate: 
    select
        c1_0.id,
        c1_0.created_at,
        c1_0.description,
        c1_0.difficulty,
        c1_0.duration,
        c1_0.thumbnail,
        c1_0.title,
        c1_0.updated_at 
    from
        courses c1_0
Hibernate: 
    select
        c1_0.course_id,
        c1_0.id,
        c1_0.created_at,
        c1_0.description,
        c1_0.chapter_order,
        c1_0.title,
        c1_0.updated_at 
    from
        chapters c1_0 
    where
        c1_0.course_id=? 
    order by
        c1_0.chapter_order
Hibernate: 
    delete 
    from
        courses 
    where
        id=?
Hibernate: 
    select
        u1_0.id,
        u1_0.avatar,
        u1_0.created_at,
        u1_0.email,
        u1_0.last_activity_date,
        u1_0.level,
        u1_0.password,
        u1_0.points,
        u1_0.role,
        u1_0.streak,
        u1_0.updated_at,
        u1_0.username 
    from
        users u1_0
Hibernate: 
    select
        b1_0.user_id,
        b1_0.id,
        b1_0.badge_id,
        b1_0.earned_at 
    from
        user_badges b1_0 
    where
        b1_0.user_id=?
Hibernate: 
    select
        lp1_0.user_id,
        lp1_0.id,
        lp1_0.completed,
        lp1_0.completed_at,
        lp1_0.created_at,
        lp1_0.lesson_id,
        lp1_0.updated_at 
    from
        lesson_progress lp1_0 
    where
        lp1_0.user_id=?
Hibernate: 
    select
        n1_0.user_id,
        n1_0.id,
        n1_0.content,
        n1_0.created_at,
        n1_0.lesson_id,
        n1_0.title,
        n1_0.updated_at 
    from
        notes n1_0 
    where
        n1_0.user_id=?
Hibernate: 
    delete 
    from
        users 
    where
        id=?
Hibernate: 
    insert 
    into
        users
        (avatar, created_at, email, last_activity_date, level, password, points, role, streak, updated_at, username, id) 
    values
        (?, ?, ?, ?, ?, ?, ?, ?, ?, ?, ?, default)
Hibernate: 
    insert 
    into
        courses
        (created_at, description, difficulty, duration, thumbnail, title, updated_at, id) 
    values
        (?, ?, ?, ?, ?, ?, ?, default)
Hibernate: 
    insert 
    into
        chapters
        (course_id, created_at, description, chapter_order, title, updated_at, id) 
    values
        (?, ?, ?, ?, ?, ?, default)
Hibernate: 
    insert 
    into
        lessons
        (chapter_id, content, created_at, duration, lesson_order, title, updated_at, id) 
    values
        (?, ?, ?, ?, ?, ?, ?, default)
Hibernate: 
    select
        u1_0.id,
        u1_0.avatar,
        u1_0.created_at,
        u1_0.email,
        u1_0.last_activity_date,
        u1_0.level,
        u1_0.password,
        u1_0.points,
        u1_0.role,
        u1_0.streak,
        u1_0.updated_at,
        u1_0.username 
    from
        users u1_0 
    where
        u1_0.email=?
2026-01-18 14:29:12 - Rate limiting is disabled, allowing request
Hibernate: 
    select
        u1_0.id,
        u1_0.avatar,
        u1_0.created_at,
        u1_0.email,
        u1_0.last_activity_date,
        u1_0.level,
        u1_0.password,
        u1_0.points,
        u1_0.role,
        u1_0.streak,
        u1_0.updated_at,
        u1_0.username 
    from
        users u1_0 
    where
        u1_0.email=?
2026-01-18 14:29:12 - Processing question for user 2
2026-01-18 14:29:12 - Processing question for user 2: What is an array and how does it work?
Hibernate: 
    insert 
    into
        chat_logs
        (bot_response, confidence_score, created_at, question_timestamp, related_chapter_ids, response_timestamp, retrieved_chunks, user_id, user_question, id) 
    values
        (?, ?, ?, ?, ?, ?, ?, ?, ?, default)
Hibernate: 
    select
        le1_0.id,
        le1_0.chunk_index,
        le1_0.chunk_text,
        le1_0.created_at,
        le1_0.embedding,
        le1_0.lesson_id 
    from
        lesson_embeddings le1_0 
    where
        le1_0.embedding is not null
2026-01-18 14:29:12 - Retrieved 0 similar chunks for question
2026-01-18 14:29:12 - Updated chat log 1 with response
Hibernate: 
    update
        chat_logs 
    set
        bot_response=?,
        confidence_score=?,
        question_timestamp=?,
        related_chapter_ids=?,
        response_timestamp=?,
        retrieved_chunks=?,
        user_id=?,
        user_question=? 
    where
        id=?

MockHttpServletRequest:
      HTTP Method = POST
      Request URI = /api/chat/ask
       Parameters = {}
          Headers = [Content-Type:"application/json;charset=UTF-8", Authorization:"Bearer eyJhbGciOiJIUzI1NiJ9.eyJyb2xlIjoiU1RVREVOVCIsInVzZXJJZCI6Miwic3ViIjoidGVzdEBleGFtcGxlLmNvbSIsImlhdCI6MTc2ODc3NTM1MiwiZXhwIjoxNzY4ODYxNzUyfQ.vfOqIYmAQWYk1F4YxrzHTWDzsbHY9QnDYfz-ufDES08", Content-Length:"95"]
             Body = {"message":"What is an array and how does it work?","lessonId":null,"conversationHistory":null}
    Session Attrs = {}

Handler:
             Type = com.dsaplatform.controller.ChatController
           Method = com.dsaplatform.controller.ChatController#askQuestion(ChatRequest, Authentication)

Async:
    Async started = false
     Async result = null

Resolved Exception:
             Type = null

ModelAndView:
        View name = null
             View = null
            Model = null

FlashMap:
       Attributes = null

MockHttpServletResponse:
           Status = 200
    Error message = null
          Headers = [Vary:"Origin", "Access-Control-Request-Method", "Access-Control-Request-Headers", Content-Type:"application/json", X-Content-Type-Options:"nosniff", X-XSS-Protection:"0", Cache-Control:"no-cache, no-store, max-age=0, must-revalidate", Pragma:"no-cache", Expires:"0", X-Frame-Options:"DENY"]
     Content type = application/json
             Body = {"data":{"id":"chat_1","content":null,"confidenceScore":0.0,"relatedChapters":[],"timestamp":"2026-01-18T14:29:12.4256944"},"message":null,"success":true}
    Forwarded URL = null
   Redirected URL = null
          Cookies = []
Hibernate: 
    select
        cl1_0.id,
        cl1_0.bot_response,
        cl1_0.confidence_score,
        cl1_0.created_at,
        cl1_0.question_timestamp,
        cl1_0.related_chapter_ids,
        cl1_0.response_timestamp,
        cl1_0.retrieved_chunks,
        cl1_0.user_id,
        cl1_0.user_question 
    from
        chat_logs cl1_0
Hibernate: 
    delete 
    from
        chat_logs 
    where
        id=?
Hibernate: 
    select
        le1_0.id,
        le1_0.chunk_index,
        le1_0.chunk_text,
        le1_0.created_at,
        le1_0.embedding,
        le1_0.lesson_id 
    from
        lesson_embeddings le1_0
Hibernate: 
    select
        l1_0.id,
        l1_0.chapter_id,
        l1_0.content,
        l1_0.created_at,
        l1_0.duration,
        l1_0.lesson_order,
        l1_0.title,
        l1_0.updated_at 
    from
        lessons l1_0
Hibernate: 
    select
        e1_0.lesson_id,
        e1_0.id,
        e1_0.chunk_index,
        e1_0.chunk_text,
        e1_0.created_at,
        e1_0.embedding 
    from
        lesson_embeddings e1_0 
    where
        e1_0.lesson_id=?
Hibernate: 
    select
        p1_0.lesson_id,
        p1_0.id,
        p1_0.completed,
        p1_0.completed_at,
        p1_0.created_at,
        p1_0.updated_at,
        p1_0.user_id 
    from
        lesson_progress p1_0 
    where
        p1_0.lesson_id=?
Hibernate: 
    delete 
    from
        lessons 
    where
        id=?
Hibernate: 
    select
        c1_0.id,
        c1_0.course_id,
        c1_0.created_at,
        c1_0.description,
        c1_0.chapter_order,
        c1_0.title,
        c1_0.updated_at 
    from
        chapters c1_0
Hibernate: 
    select
        l1_0.chapter_id,
        l1_0.id,
        l1_0.content,
        l1_0.created_at,
        l1_0.duration,
        l1_0.lesson_order,
        l1_0.title,
        l1_0.updated_at 
    from
        lessons l1_0 
    where
        l1_0.chapter_id=? 
    order by
        l1_0.lesson_order
Hibernate: 
    delete 
    from
        chapters 
    where
        id=?
Hibernate: 
    select
        c1_0.id,
        c1_0.created_at,
        c1_0.description,
        c1_0.difficulty,
        c1_0.duration,
        c1_0.thumbnail,
        c1_0.title,
        c1_0.updated_at 
    from
        courses c1_0
Hibernate: 
    select
        c1_0.course_id,
        c1_0.id,
        c1_0.created_at,
        c1_0.description,
        c1_0.chapter_order,
        c1_0.title,
        c1_0.updated_at 
    from
        chapters c1_0 
    where
        c1_0.course_id=? 
    order by
        c1_0.chapter_order
Hibernate: 
    delete 
    from
        courses 
    where
        id=?
Hibernate: 
    select
        u1_0.id,
        u1_0.avatar,
        u1_0.created_at,
        u1_0.email,
        u1_0.last_activity_date,
        u1_0.level,
        u1_0.password,
        u1_0.points,
        u1_0.role,
        u1_0.streak,
        u1_0.updated_at,
        u1_0.username 
    from
        users u1_0
Hibernate: 
    select
        b1_0.user_id,
        b1_0.id,
        b1_0.badge_id,
        b1_0.earned_at 
    from
        user_badges b1_0 
    where
        b1_0.user_id=?
Hibernate: 
    select
        lp1_0.user_id,
        lp1_0.id,
        lp1_0.completed,
        lp1_0.completed_at,
        lp1_0.created_at,
        lp1_0.lesson_id,
        lp1_0.updated_at 
    from
        lesson_progress lp1_0 
    where
        lp1_0.user_id=?
Hibernate: 
    select
        n1_0.user_id,
        n1_0.id,
        n1_0.content,
        n1_0.created_at,
        n1_0.lesson_id,
        n1_0.title,
        n1_0.updated_at 
    from
        notes n1_0 
    where
        n1_0.user_id=?
Hibernate: 
    delete 
    from
        users 
    where
        id=?
Hibernate: 
    insert 
    into
        users
        (avatar, created_at, email, last_activity_date, level, password, points, role, streak, updated_at, username, id) 
    values
        (?, ?, ?, ?, ?, ?, ?, ?, ?, ?, ?, default)
Hibernate: 
    insert 
    into
        courses
        (created_at, description, difficulty, duration, thumbnail, title, updated_at, id) 
    values
        (?, ?, ?, ?, ?, ?, ?, default)
Hibernate: 
    insert 
    into
        chapters
        (course_id, created_at, description, chapter_order, title, updated_at, id) 
    values
        (?, ?, ?, ?, ?, ?, default)
Hibernate: 
    insert 
    into
        lessons
        (chapter_id, content, created_at, duration, lesson_order, title, updated_at, id) 
    values
        (?, ?, ?, ?, ?, ?, ?, default)
Hibernate: 
    insert 
    into
        chat_logs
        (bot_response, confidence_score, created_at, question_timestamp, related_chapter_ids, response_timestamp, retrieved_chunks, user_id, user_question, id) 
    values
        (?, ?, ?, ?, ?, ?, ?, ?, ?, default)
Hibernate: 
    insert 
    into
        chat_logs
        (bot_response, confidence_score, created_at, question_timestamp, related_chapter_ids, response_timestamp, retrieved_chunks, user_id, user_question, id) 
    values
        (?, ?, ?, ?, ?, ?, ?, ?, ?, default)
Hibernate: 
    insert 
    into
        chat_logs
        (bot_response, confidence_score, created_at, question_timestamp, related_chapter_ids, response_timestamp, retrieved_chunks, user_id, user_question, id) 
    values
        (?, ?, ?, ?, ?, ?, ?, ?, ?, default)
Hibernate: 
    insert 
    into
        chat_logs
        (bot_response, confidence_score, created_at, question_timestamp, related_chapter_ids, response_timestamp, retrieved_chunks, user_id, user_question, id) 
    values
        (?, ?, ?, ?, ?, ?, ?, ?, ?, default)
Hibernate: 
    insert 
    into
        chat_logs
        (bot_response, confidence_score, created_at, question_timestamp, related_chapter_ids, response_timestamp, retrieved_chunks, user_id, user_question, id) 
    values
        (?, ?, ?, ?, ?, ?, ?, ?, ?, default)
Hibernate: 
    select
        u1_0.id,
        u1_0.avatar,
        u1_0.created_at,
        u1_0.email,
        u1_0.last_activity_date,
        u1_0.level,
        u1_0.password,
        u1_0.points,
        u1_0.role,
        u1_0.streak,
        u1_0.updated_at,
        u1_0.username 
    from
        users u1_0 
    where
        u1_0.email=?
2026-01-18 14:29:12 - Rate limiting is disabled, allowing request
Hibernate: 
    select
        u1_0.id,
        u1_0.avatar,
        u1_0.created_at,
        u1_0.email,
        u1_0.last_activity_date,
        u1_0.level,
        u1_0.password,
        u1_0.points,
        u1_0.role,
        u1_0.streak,
        u1_0.updated_at,
        u1_0.username 
    from
        users u1_0 
    where
        u1_0.email=?
2026-01-18 14:29:12 - Retrieving chat history for user 3
2026-01-18 14:29:12 - Retrieving chat history for user 3 with pagination Page request [number: 0, size 10, sort: questionTimestamp: ASC]
Hibernate: 
    select
        cl1_0.id,
        cl1_0.bot_response,
        cl1_0.confidence_score,
        cl1_0.created_at,
        cl1_0.question_timestamp,
        cl1_0.related_chapter_ids,
        cl1_0.response_timestamp,
        cl1_0.retrieved_chunks,
        cl1_0.user_id,
        cl1_0.user_question 
    from
        chat_logs cl1_0 
    where
        cl1_0.user_id=? 
    order by
        cl1_0.question_timestamp desc,
        cl1_0.question_timestamp 
    fetch
        first ? rows only
2026-01-18 14:29:12 - Serializing PageImpl instances as-is is not supported, meaning that there is no guarantee about the stability of the resulting JSON structure!
	For a stable JSON structure, please use Spring Data's PagedModel (globally via @EnableSpringDataWebSupport(pageSerializationMode = VIA_DTO))
	or Spring HATEOAS and Spring Data's PagedResourcesAssembler as documented in https://docs.spring.io/spring-data/commons/reference/repositories/core-extensions.html#core.web.pageables.

Hibernate: 
    select
        cl1_0.id,
        cl1_0.bot_response,
        cl1_0.confidence_score,
        cl1_0.created_at,
        cl1_0.question_timestamp,
        cl1_0.related_chapter_ids,
        cl1_0.response_timestamp,
        cl1_0.retrieved_chunks,
        cl1_0.user_id,
        cl1_0.user_question 
    from
        chat_logs cl1_0
Hibernate: 
    delete 
    from
        chat_logs 
    where
        id=?
Hibernate: 
    delete 
    from
        chat_logs 
    where
        id=?
Hibernate: 
    delete 
    from
        chat_logs 
    where
        id=?
Hibernate: 
    delete 
    from
        chat_logs 
    where
        id=?
Hibernate: 
    delete 
    from
        chat_logs 
    where
        id=?
Hibernate: 
    select
        le1_0.id,
        le1_0.chunk_index,
        le1_0.chunk_text,
        le1_0.created_at,
        le1_0.embedding,
        le1_0.lesson_id 
    from
        lesson_embeddings le1_0
Hibernate: 
    select
        l1_0.id,
        l1_0.chapter_id,
        l1_0.content,
        l1_0.created_at,
        l1_0.duration,
        l1_0.lesson_order,
        l1_0.title,
        l1_0.updated_at 
    from
        lessons l1_0
Hibernate: 
    select
        e1_0.lesson_id,
        e1_0.id,
        e1_0.chunk_index,
        e1_0.chunk_text,
        e1_0.created_at,
        e1_0.embedding 
    from
        lesson_embeddings e1_0 
    where
        e1_0.lesson_id=?
Hibernate: 
    select
        p1_0.lesson_id,
        p1_0.id,
        p1_0.completed,
        p1_0.completed_at,
        p1_0.created_at,
        p1_0.updated_at,
        p1_0.user_id 
    from
        lesson_progress p1_0 
    where
        p1_0.lesson_id=?
Hibernate: 
    delete 
    from
        lessons 
    where
        id=?
Hibernate: 
    select
        c1_0.id,
        c1_0.course_id,
        c1_0.created_at,
        c1_0.description,
        c1_0.chapter_order,
        c1_0.title,
        c1_0.updated_at 
    from
        chapters c1_0
Hibernate: 
    select
        l1_0.chapter_id,
        l1_0.id,
        l1_0.content,
        l1_0.created_at,
        l1_0.duration,
        l1_0.lesson_order,
        l1_0.title,
        l1_0.updated_at 
    from
        lessons l1_0 
    where
        l1_0.chapter_id=? 
    order by
        l1_0.lesson_order
Hibernate: 
    delete 
    from
        chapters 
    where
        id=?
Hibernate: 
    select
        c1_0.id,
        c1_0.created_at,
        c1_0.description,
        c1_0.difficulty,
        c1_0.duration,
        c1_0.thumbnail,
        c1_0.title,
        c1_0.updated_at 
    from
        courses c1_0
Hibernate: 
    select
        c1_0.course_id,
        c1_0.id,
        c1_0.created_at,
        c1_0.description,
        c1_0.chapter_order,
        c1_0.title,
        c1_0.updated_at 
    from
        chapters c1_0 
    where
        c1_0.course_id=? 
    order by
        c1_0.chapter_order
Hibernate: 
    delete 
    from
        courses 
    where
        id=?
Hibernate: 
    select
        u1_0.id,
        u1_0.avatar,
        u1_0.created_at,
        u1_0.email,
        u1_0.last_activity_date,
        u1_0.level,
        u1_0.password,
        u1_0.points,
        u1_0.role,
        u1_0.streak,
        u1_0.updated_at,
        u1_0.username 
    from
        users u1_0
Hibernate: 
    select
        b1_0.user_id,
        b1_0.id,
        b1_0.badge_id,
        b1_0.earned_at 
    from
        user_badges b1_0 
    where
        b1_0.user_id=?
Hibernate: 
    select
        lp1_0.user_id,
        lp1_0.id,
        lp1_0.completed,
        lp1_0.completed_at,
        lp1_0.created_at,
        lp1_0.lesson_id,
        lp1_0.updated_at 
    from
        lesson_progress lp1_0 
    where
        lp1_0.user_id=?
Hibernate: 
    select
        n1_0.user_id,
        n1_0.id,
        n1_0.content,
        n1_0.created_at,
        n1_0.lesson_id,
        n1_0.title,
        n1_0.updated_at 
    from
        notes n1_0 
    where
        n1_0.user_id=?
Hibernate: 
    delete 
    from
        users 
    where
        id=?
Hibernate: 
    insert 
    into
        users
        (avatar, created_at, email, last_activity_date, level, password, points, role, streak, updated_at, username, id) 
    values
        (?, ?, ?, ?, ?, ?, ?, ?, ?, ?, ?, default)
Hibernate: 
    insert 
    into
        courses
        (created_at, description, difficulty, duration, thumbnail, title, updated_at, id) 
    values
        (?, ?, ?, ?, ?, ?, ?, default)
Hibernate: 
    insert 
    into
        chapters
        (course_id, created_at, description, chapter_order, title, updated_at, id) 
    values
        (?, ?, ?, ?, ?, ?, default)
Hibernate: 
    insert 
    into
        lessons
        (chapter_id, content, created_at, duration, lesson_order, title, updated_at, id) 
    values
        (?, ?, ?, ?, ?, ?, ?, default)
Hibernate: 
    select
        u1_0.id,
        u1_0.avatar,
        u1_0.created_at,
        u1_0.email,
        u1_0.last_activity_date,
        u1_0.level,
        u1_0.password,
        u1_0.points,
        u1_0.role,
        u1_0.streak,
        u1_0.updated_at,
        u1_0.username 
    from
        users u1_0 
    where
        u1_0.email=?
2026-01-18 14:29:13 - Rate limiting is disabled, allowing request
2026-01-18 14:29:13 - Embedding content for lesson 4
2026-01-18 14:29:13 - Starting embedding process for lesson ID: 4
Hibernate: 
    select
        l1_0.id,
        l1_0.chapter_id,
        l1_0.content,
        l1_0.created_at,
        l1_0.duration,
        l1_0.lesson_order,
        l1_0.title,
        l1_0.updated_at 
    from
        lessons l1_0 
    where
        l1_0.id=?
2026-01-18 14:29:13 - Generated 4 chunks for lesson 4
Hibernate: 
    select
        le1_0.id,
        le1_0.chunk_index,
        le1_0.chunk_text,
        le1_0.created_at,
        le1_0.embedding,
        le1_0.lesson_id 
    from
        lesson_embeddings le1_0 
    left join
        lessons l1_0 
            on l1_0.id=le1_0.lesson_id 
    where
        l1_0.id=?
Hibernate: 
    insert 
    into
        lesson_embeddings
        (chunk_index, chunk_text, created_at, embedding, lesson_id, id) 
    values
        (?, ?, ?, ?, ?, default)
Hibernate: 
    insert 
    into
        lesson_embeddings
        (chunk_index, chunk_text, created_at, embedding, lesson_id, id) 
    values
        (?, ?, ?, ?, ?, default)
Hibernate: 
    insert 
    into
        lesson_embeddings
        (chunk_index, chunk_text, created_at, embedding, lesson_id, id) 
    values
        (?, ?, ?, ?, ?, default)
Hibernate: 
    insert 
    into
        lesson_embeddings
        (chunk_index, chunk_text, created_at, embedding, lesson_id, id) 
    values
        (?, ?, ?, ?, ?, default)
2026-01-18 14:29:13 - Successfully created 4 embeddings for lesson 4
Hibernate: 
    select
        le1_0.id,
        le1_0.chunk_index,
        le1_0.chunk_text,
        le1_0.created_at,
        le1_0.embedding,
        le1_0.lesson_id 
    from
        lesson_embeddings le1_0 
    left join
        lessons l1_0 
            on l1_0.id=le1_0.lesson_id 
    where
        l1_0.id=? 
    order by
        le1_0.chunk_index
Hibernate: 
    select
        u1_0.id,
        u1_0.avatar,
        u1_0.created_at,
        u1_0.email,
        u1_0.last_activity_date,
        u1_0.level,
        u1_0.password,
        u1_0.points,
        u1_0.role,
        u1_0.streak,
        u1_0.updated_at,
        u1_0.username 
    from
        users u1_0 
    where
        u1_0.email=?
2026-01-18 14:29:13 - Rate limiting is disabled, allowing request
2026-01-18 14:29:13 - Embedding content for lesson 4
2026-01-18 14:29:13 - Starting embedding process for lesson ID: 4
Hibernate: 
    select
        l1_0.id,
        l1_0.chapter_id,
        l1_0.content,
        l1_0.created_at,
        l1_0.duration,
        l1_0.lesson_order,
        l1_0.title,
        l1_0.updated_at 
    from
        lessons l1_0 
    where
        l1_0.id=?
2026-01-18 14:29:13 - Generated 2 chunks for lesson 4
Hibernate: 
    select
        le1_0.id,
        le1_0.chunk_index,
        le1_0.chunk_text,
        le1_0.created_at,
        le1_0.embedding,
        le1_0.lesson_id 
    from
        lesson_embeddings le1_0 
    left join
        lessons l1_0 
            on l1_0.id=le1_0.lesson_id 
    where
        l1_0.id=?
Hibernate: 
    delete 
    from
        lesson_embeddings 
    where
        id=?
Hibernate: 
    delete 
    from
        lesson_embeddings 
    where
        id=?
Hibernate: 
    delete 
    from
        lesson_embeddings 
    where
        id=?
Hibernate: 
    delete 
    from
        lesson_embeddings 
    where
        id=?
Hibernate: 
    insert 
    into
        lesson_embeddings
        (chunk_index, chunk_text, created_at, embedding, lesson_id, id) 
    values
        (?, ?, ?, ?, ?, default)
Hibernate: 
    insert 
    into
        lesson_embeddings
        (chunk_index, chunk_text, created_at, embedding, lesson_id, id) 
    values
        (?, ?, ?, ?, ?, default)
2026-01-18 14:29:13 - Successfully created 2 embeddings for lesson 4
Hibernate: 
    select
        le1_0.id,
        le1_0.chunk_index,
        le1_0.chunk_text,
        le1_0.created_at,
        le1_0.embedding,
        le1_0.lesson_id 
    from
        lesson_embeddings le1_0 
    left join
        lessons l1_0 
            on l1_0.id=le1_0.lesson_id 
    where
        l1_0.id=? 
    order by
        le1_0.chunk_index
Hibernate: 
    select
        cl1_0.id,
        cl1_0.bot_response,
        cl1_0.confidence_score,
        cl1_0.created_at,
        cl1_0.question_timestamp,
        cl1_0.related_chapter_ids,
        cl1_0.response_timestamp,
        cl1_0.retrieved_chunks,
        cl1_0.user_id,
        cl1_0.user_question 
    from
        chat_logs cl1_0
Hibernate: 
    select
        le1_0.id,
        le1_0.chunk_index,
        le1_0.chunk_text,
        le1_0.created_at,
        le1_0.embedding,
        le1_0.lesson_id 
    from
        lesson_embeddings le1_0
Hibernate: 
    delete 
    from
        lesson_embeddings 
    where
        id=?
Hibernate: 
    delete 
    from
        lesson_embeddings 
    where
        id=?
Hibernate: 
    select
        l1_0.id,
        l1_0.chapter_id,
        l1_0.content,
        l1_0.created_at,
        l1_0.duration,
        l1_0.lesson_order,
        l1_0.title,
        l1_0.updated_at 
    from
        lessons l1_0
Hibernate: 
    select
        e1_0.lesson_id,
        e1_0.id,
        e1_0.chunk_index,
        e1_0.chunk_text,
        e1_0.created_at,
        e1_0.embedding 
    from
        lesson_embeddings e1_0 
    where
        e1_0.lesson_id=?
Hibernate: 
    select
        p1_0.lesson_id,
        p1_0.id,
        p1_0.completed,
        p1_0.completed_at,
        p1_0.created_at,
        p1_0.updated_at,
        p1_0.user_id 
    from
        lesson_progress p1_0 
    where
        p1_0.lesson_id=?
Hibernate: 
    delete 
    from
        lessons 
    where
        id=?
Hibernate: 
    select
        c1_0.id,
        c1_0.course_id,
        c1_0.created_at,
        c1_0.description,
        c1_0.chapter_order,
        c1_0.title,
        c1_0.updated_at 
    from
        chapters c1_0
Hibernate: 
    select
        l1_0.chapter_id,
        l1_0.id,
        l1_0.content,
        l1_0.created_at,
        l1_0.duration,
        l1_0.lesson_order,
        l1_0.title,
        l1_0.updated_at 
    from
        lessons l1_0 
    where
        l1_0.chapter_id=? 
    order by
        l1_0.lesson_order
Hibernate: 
    delete 
    from
        chapters 
    where
        id=?
Hibernate: 
    select
        c1_0.id,
        c1_0.created_at,
        c1_0.description,
        c1_0.difficulty,
        c1_0.duration,
        c1_0.thumbnail,
        c1_0.title,
        c1_0.updated_at 
    from
        courses c1_0
Hibernate: 
    select
        c1_0.course_id,
        c1_0.id,
        c1_0.created_at,
        c1_0.description,
        c1_0.chapter_order,
        c1_0.title,
        c1_0.updated_at 
    from
        chapters c1_0 
    where
        c1_0.course_id=? 
    order by
        c1_0.chapter_order
Hibernate: 
    delete 
    from
        courses 
    where
        id=?
Hibernate: 
    select
        u1_0.id,
        u1_0.avatar,
        u1_0.created_at,
        u1_0.email,
        u1_0.last_activity_date,
        u1_0.level,
        u1_0.password,
        u1_0.points,
        u1_0.role,
        u1_0.streak,
        u1_0.updated_at,
        u1_0.username 
    from
        users u1_0
Hibernate: 
    select
        b1_0.user_id,
        b1_0.id,
        b1_0.badge_id,
        b1_0.earned_at 
    from
        user_badges b1_0 
    where
        b1_0.user_id=?
Hibernate: 
    select
        lp1_0.user_id,
        lp1_0.id,
        lp1_0.completed,
        lp1_0.completed_at,
        lp1_0.created_at,
        lp1_0.lesson_id,
        lp1_0.updated_at 
    from
        lesson_progress lp1_0 
    where
        lp1_0.user_id=?
Hibernate: 
    select
        n1_0.user_id,
        n1_0.id,
        n1_0.content,
        n1_0.created_at,
        n1_0.lesson_id,
        n1_0.title,
        n1_0.updated_at 
    from
        notes n1_0 
    where
        n1_0.user_id=?
Hibernate: 
    delete 
    from
        users 
    where
        id=?
Hibernate: 
    insert 
    into
        users
        (avatar, created_at, email, last_activity_date, level, password, points, role, streak, updated_at, username, id) 
    values
        (?, ?, ?, ?, ?, ?, ?, ?, ?, ?, ?, default)
Hibernate: 
    insert 
    into
        courses
        (created_at, description, difficulty, duration, thumbnail, title, updated_at, id) 
    values
        (?, ?, ?, ?, ?, ?, ?, default)
Hibernate: 
    insert 
    into
        chapters
        (course_id, created_at, description, chapter_order, title, updated_at, id) 
    values
        (?, ?, ?, ?, ?, ?, default)
Hibernate: 
    insert 
    into
        lessons
        (chapter_id, content, created_at, duration, lesson_order, title, updated_at, id) 
    values
        (?, ?, ?, ?, ?, ?, ?, default)
Hibernate: 
    select
        count(*) 
    from
        chat_logs cl1_0
Hibernate: 
    select
        u1_0.id,
        u1_0.avatar,
        u1_0.created_at,
        u1_0.email,
        u1_0.last_activity_date,
        u1_0.level,
        u1_0.password,
        u1_0.points,
        u1_0.role,
        u1_0.streak,
        u1_0.updated_at,
        u1_0.username 
    from
        users u1_0 
    where
        u1_0.email=?
2026-01-18 14:29:13 - Rate limiting is disabled, allowing request
Hibernate: 
    select
        u1_0.id,
        u1_0.avatar,
        u1_0.created_at,
        u1_0.email,
        u1_0.last_activity_date,
        u1_0.level,
        u1_0.password,
        u1_0.points,
        u1_0.role,
        u1_0.streak,
        u1_0.updated_at,
        u1_0.username 
    from
        users u1_0 
    where
        u1_0.email=?
2026-01-18 14:29:13 - Processing question for user 5
2026-01-18 14:29:13 - Processing question for user 5: Explain linked lists
Hibernate: 
    insert 
    into
        chat_logs
        (bot_response, confidence_score, created_at, question_timestamp, related_chapter_ids, response_timestamp, retrieved_chunks, user_id, user_question, id) 
    values
        (?, ?, ?, ?, ?, ?, ?, ?, ?, default)
Hibernate: 
    select
        le1_0.id,
        le1_0.chunk_index,
        le1_0.chunk_text,
        le1_0.created_at,
        le1_0.embedding,
        le1_0.lesson_id 
    from
        lesson_embeddings le1_0 
    where
        le1_0.embedding is not null
2026-01-18 14:29:13 - Retrieved 0 similar chunks for question
2026-01-18 14:29:13 - Updated chat log 7 with response
Hibernate: 
    update
        chat_logs 
    set
        bot_response=?,
        confidence_score=?,
        question_timestamp=?,
        related_chapter_ids=?,
        response_timestamp=?,
        retrieved_chunks=?,
        user_id=?,
        user_question=? 
    where
        id=?
Hibernate: 
    select
        count(*) 
    from
        chat_logs cl1_0
Hibernate: 
    select
        cl1_0.id,
        cl1_0.bot_response,
        cl1_0.confidence_score,
        cl1_0.created_at,
        cl1_0.question_timestamp,
        cl1_0.related_chapter_ids,
        cl1_0.response_timestamp,
        cl1_0.retrieved_chunks,
        cl1_0.user_id,
        cl1_0.user_question 
    from
        chat_logs cl1_0
Hibernate: 
    select
        cl1_0.id,
        cl1_0.bot_response,
        cl1_0.confidence_score,
        cl1_0.created_at,
        cl1_0.question_timestamp,
        cl1_0.related_chapter_ids,
        cl1_0.response_timestamp,
        cl1_0.retrieved_chunks,
        cl1_0.user_id,
        cl1_0.user_question 
    from
        chat_logs cl1_0
Hibernate: 
    delete 
    from
        chat_logs 
    where
        id=?
Hibernate: 
    select
        le1_0.id,
        le1_0.chunk_index,
        le1_0.chunk_text,
        le1_0.created_at,
        le1_0.embedding,
        le1_0.lesson_id 
    from
        lesson_embeddings le1_0
Hibernate: 
    select
        l1_0.id,
        l1_0.chapter_id,
        l1_0.content,
        l1_0.created_at,
        l1_0.duration,
        l1_0.lesson_order,
        l1_0.title,
        l1_0.updated_at 
    from
        lessons l1_0
Hibernate: 
    select
        e1_0.lesson_id,
        e1_0.id,
        e1_0.chunk_index,
        e1_0.chunk_text,
        e1_0.created_at,
        e1_0.embedding 
    from
        lesson_embeddings e1_0 
    where
        e1_0.lesson_id=?
Hibernate: 
    select
        p1_0.lesson_id,
        p1_0.id,
        p1_0.completed,
        p1_0.completed_at,
        p1_0.created_at,
        p1_0.updated_at,
        p1_0.user_id 
    from
        lesson_progress p1_0 
    where
        p1_0.lesson_id=?
Hibernate: 
    delete 
    from
        lessons 
    where
        id=?
Hibernate: 
    select
        c1_0.id,
        c1_0.course_id,
        c1_0.created_at,
        c1_0.description,
        c1_0.chapter_order,
        c1_0.title,
        c1_0.updated_at 
    from
        chapters c1_0
Hibernate: 
    select
        l1_0.chapter_id,
        l1_0.id,
        l1_0.content,
        l1_0.created_at,
        l1_0.duration,
        l1_0.lesson_order,
        l1_0.title,
        l1_0.updated_at 
    from
        lessons l1_0 
    where
        l1_0.chapter_id=? 
    order by
        l1_0.lesson_order
Hibernate: 
    delete 
    from
        chapters 
    where
        id=?
Hibernate: 
    select
        c1_0.id,
        c1_0.created_at,
        c1_0.description,
        c1_0.difficulty,
        c1_0.duration,
        c1_0.thumbnail,
        c1_0.title,
        c1_0.updated_at 
    from
        courses c1_0
Hibernate: 
    select
        c1_0.course_id,
        c1_0.id,
        c1_0.created_at,
        c1_0.description,
        c1_0.chapter_order,
        c1_0.title,
        c1_0.updated_at 
    from
        chapters c1_0 
    where
        c1_0.course_id=? 
    order by
        c1_0.chapter_order
Hibernate: 
    delete 
    from
        courses 
    where
        id=?
Hibernate: 
    select
        u1_0.id,
        u1_0.avatar,
        u1_0.created_at,
        u1_0.email,
        u1_0.last_activity_date,
        u1_0.level,
        u1_0.password,
        u1_0.points,
        u1_0.role,
        u1_0.streak,
        u1_0.updated_at,
        u1_0.username 
    from
        users u1_0
Hibernate: 
    select
        b1_0.user_id,
        b1_0.id,
        b1_0.badge_id,
        b1_0.earned_at 
    from
        user_badges b1_0 
    where
        b1_0.user_id=?
Hibernate: 
    select
        lp1_0.user_id,
        lp1_0.id,
        lp1_0.completed,
        lp1_0.completed_at,
        lp1_0.created_at,
        lp1_0.lesson_id,
        lp1_0.updated_at 
    from
        lesson_progress lp1_0 
    where
        lp1_0.user_id=?
Hibernate: 
    select
        n1_0.user_id,
        n1_0.id,
        n1_0.content,
        n1_0.created_at,
        n1_0.lesson_id,
        n1_0.title,
        n1_0.updated_at 
    from
        notes n1_0 
    where
        n1_0.user_id=?
Hibernate: 
    delete 
    from
        users 
    where
        id=?
Hibernate: 
    insert 
    into
        users
        (avatar, created_at, email, last_activity_date, level, password, points, role, streak, updated_at, username, id) 
    values
        (?, ?, ?, ?, ?, ?, ?, ?, ?, ?, ?, default)
Hibernate: 
    insert 
    into
        courses
        (created_at, description, difficulty, duration, thumbnail, title, updated_at, id) 
    values
        (?, ?, ?, ?, ?, ?, ?, default)
Hibernate: 
    insert 
    into
        chapters
        (course_id, created_at, description, chapter_order, title, updated_at, id) 
    values
        (?, ?, ?, ?, ?, ?, default)
Hibernate: 
    insert 
    into
        lessons
        (chapter_id, content, created_at, duration, lesson_order, title, updated_at, id) 
    values
        (?, ?, ?, ?, ?, ?, ?, default)
Hibernate: 
    select
        u1_0.id,
        u1_0.avatar,
        u1_0.created_at,
        u1_0.email,
        u1_0.last_activity_date,
        u1_0.level,
        u1_0.password,
        u1_0.points,
        u1_0.role,
        u1_0.streak,
        u1_0.updated_at,
        u1_0.username 
    from
        users u1_0 
    where
        u1_0.email=?
2026-01-18 14:29:13 - Rate limiting is disabled, allowing request
Hibernate: 
    select
        cl1_0.id,
        cl1_0.bot_response,
        cl1_0.confidence_score,
        cl1_0.created_at,
        cl1_0.question_timestamp,
        cl1_0.related_chapter_ids,
        cl1_0.response_timestamp,
        cl1_0.retrieved_chunks,
        cl1_0.user_id,
        cl1_0.user_question 
    from
        chat_logs cl1_0
Hibernate: 
    select
        le1_0.id,
        le1_0.chunk_index,
        le1_0.chunk_text,
        le1_0.created_at,
        le1_0.embedding,
        le1_0.lesson_id 
    from
        lesson_embeddings le1_0
Hibernate: 
    select
        l1_0.id,
        l1_0.chapter_id,
        l1_0.content,
        l1_0.created_at,
        l1_0.duration,
        l1_0.lesson_order,
        l1_0.title,
        l1_0.updated_at 
    from
        lessons l1_0
Hibernate: 
    select
        e1_0.lesson_id,
        e1_0.id,
        e1_0.chunk_index,
        e1_0.chunk_text,
        e1_0.created_at,
        e1_0.embedding 
    from
        lesson_embeddings e1_0 
    where
        e1_0.lesson_id=?
Hibernate: 
    select
        p1_0.lesson_id,
        p1_0.id,
        p1_0.completed,
        p1_0.completed_at,
        p1_0.created_at,
        p1_0.updated_at,
        p1_0.user_id 
    from
        lesson_progress p1_0 
    where
        p1_0.lesson_id=?
Hibernate: 
    delete 
    from
        lessons 
    where
        id=?
Hibernate: 
    select
        c1_0.id,
        c1_0.course_id,
        c1_0.created_at,
        c1_0.description,
        c1_0.chapter_order,
        c1_0.title,
        c1_0.updated_at 
    from
        chapters c1_0
Hibernate: 
    select
        l1_0.chapter_id,
        l1_0.id,
        l1_0.content,
        l1_0.created_at,
        l1_0.duration,
        l1_0.lesson_order,
        l1_0.title,
        l1_0.updated_at 
    from
        lessons l1_0 
    where
        l1_0.chapter_id=? 
    order by
        l1_0.lesson_order
Hibernate: 
    delete 
    from
        chapters 
    where
        id=?
Hibernate: 
    select
        c1_0.id,
        c1_0.created_at,
        c1_0.description,
        c1_0.difficulty,
        c1_0.duration,
        c1_0.thumbnail,
        c1_0.title,
        c1_0.updated_at 
    from
        courses c1_0
Hibernate: 
    select
        c1_0.course_id,
        c1_0.id,
        c1_0.created_at,
        c1_0.description,
        c1_0.chapter_order,
        c1_0.title,
        c1_0.updated_at 
    from
        chapters c1_0 
    where
        c1_0.course_id=? 
    order by
        c1_0.chapter_order
Hibernate: 
    delete 
    from
        courses 
    where
        id=?
Hibernate: 
    select
        u1_0.id,
        u1_0.avatar,
        u1_0.created_at,
        u1_0.email,
        u1_0.last_activity_date,
        u1_0.level,
        u1_0.password,
        u1_0.points,
        u1_0.role,
        u1_0.streak,
        u1_0.updated_at,
        u1_0.username 
    from
        users u1_0
Hibernate: 
    select
        b1_0.user_id,
        b1_0.id,
        b1_0.badge_id,
        b1_0.earned_at 
    from
        user_badges b1_0 
    where
        b1_0.user_id=?
Hibernate: 
    select
        lp1_0.user_id,
        lp1_0.id,
        lp1_0.completed,
        lp1_0.completed_at,
        lp1_0.created_at,
        lp1_0.lesson_id,
        lp1_0.updated_at 
    from
        lesson_progress lp1_0 
    where
        lp1_0.user_id=?
Hibernate: 
    select
        n1_0.user_id,
        n1_0.id,
        n1_0.content,
        n1_0.created_at,
        n1_0.lesson_id,
        n1_0.title,
        n1_0.updated_at 
    from
        notes n1_0 
    where
        n1_0.user_id=?
Hibernate: 
    delete 
    from
        users 
    where
        id=?
Hibernate: 
    insert 
    into
        users
        (avatar, created_at, email, last_activity_date, level, password, points, role, streak, updated_at, username, id) 
    values
        (?, ?, ?, ?, ?, ?, ?, ?, ?, ?, ?, default)
Hibernate: 
    insert 
    into
        courses
        (created_at, description, difficulty, duration, thumbnail, title, updated_at, id) 
    values
        (?, ?, ?, ?, ?, ?, ?, default)
Hibernate: 
    insert 
    into
        chapters
        (course_id, created_at, description, chapter_order, title, updated_at, id) 
    values
        (?, ?, ?, ?, ?, ?, default)
Hibernate: 
    insert 
    into
        lessons
        (chapter_id, content, created_at, duration, lesson_order, title, updated_at, id) 
    values
        (?, ?, ?, ?, ?, ?, ?, default)
Hibernate: 
    select
        u1_0.id,
        u1_0.avatar,
        u1_0.created_at,
        u1_0.email,
        u1_0.last_activity_date,
        u1_0.level,
        u1_0.password,
        u1_0.points,
        u1_0.role,
        u1_0.streak,
        u1_0.updated_at,
        u1_0.username 
    from
        users u1_0 
    where
        u1_0.email=?
2026-01-18 14:29:13 - Rate limiting is disabled, allowing request
Hibernate: 
    select
        cl1_0.id,
        cl1_0.bot_response,
        cl1_0.confidence_score,
        cl1_0.created_at,
        cl1_0.question_timestamp,
        cl1_0.related_chapter_ids,
        cl1_0.response_timestamp,
        cl1_0.retrieved_chunks,
        cl1_0.user_id,
        cl1_0.user_question 
    from
        chat_logs cl1_0
Hibernate: 
    select
        le1_0.id,
        le1_0.chunk_index,
        le1_0.chunk_text,
        le1_0.created_at,
        le1_0.embedding,
        le1_0.lesson_id 
    from
        lesson_embeddings le1_0
Hibernate: 
    select
        l1_0.id,
        l1_0.chapter_id,
        l1_0.content,
        l1_0.created_at,
        l1_0.duration,
        l1_0.lesson_order,
        l1_0.title,
        l1_0.updated_at 
    from
        lessons l1_0
Hibernate: 
    select
        e1_0.lesson_id,
        e1_0.id,
        e1_0.chunk_index,
        e1_0.chunk_text,
        e1_0.created_at,
        e1_0.embedding 
    from
        lesson_embeddings e1_0 
    where
        e1_0.lesson_id=?
Hibernate: 
    select
        p1_0.lesson_id,
        p1_0.id,
        p1_0.completed,
        p1_0.completed_at,
        p1_0.created_at,
        p1_0.updated_at,
        p1_0.user_id 
    from
        lesson_progress p1_0 
    where
        p1_0.lesson_id=?
Hibernate: 
    delete 
    from
        lessons 
    where
        id=?
Hibernate: 
    select
        c1_0.id,
        c1_0.course_id,
        c1_0.created_at,
        c1_0.description,
        c1_0.chapter_order,
        c1_0.title,
        c1_0.updated_at 
    from
        chapters c1_0
Hibernate: 
    select
        l1_0.chapter_id,
        l1_0.id,
        l1_0.content,
        l1_0.created_at,
        l1_0.duration,
        l1_0.lesson_order,
        l1_0.title,
        l1_0.updated_at 
    from
        lessons l1_0 
    where
        l1_0.chapter_id=? 
    order by
        l1_0.lesson_order
Hibernate: 
    delete 
    from
        chapters 
    where
        id=?
Hibernate: 
    select
        c1_0.id,
        c1_0.created_at,
        c1_0.description,
        c1_0.difficulty,
        c1_0.duration,
        c1_0.thumbnail,
        c1_0.title,
        c1_0.updated_at 
    from
        courses c1_0
Hibernate: 
    select
        c1_0.course_id,
        c1_0.id,
        c1_0.created_at,
        c1_0.description,
        c1_0.chapter_order,
        c1_0.title,
        c1_0.updated_at 
    from
        chapters c1_0 
    where
        c1_0.course_id=? 
    order by
        c1_0.chapter_order
Hibernate: 
    delete 
    from
        courses 
    where
        id=?
Hibernate: 
    select
        u1_0.id,
        u1_0.avatar,
        u1_0.created_at,
        u1_0.email,
        u1_0.last_activity_date,
        u1_0.level,
        u1_0.password,
        u1_0.points,
        u1_0.role,
        u1_0.streak,
        u1_0.updated_at,
        u1_0.username 
    from
        users u1_0
Hibernate: 
    select
        b1_0.user_id,
        b1_0.id,
        b1_0.badge_id,
        b1_0.earned_at 
    from
        user_badges b1_0 
    where
        b1_0.user_id=?
Hibernate: 
    select
        lp1_0.user_id,
        lp1_0.id,
        lp1_0.completed,
        lp1_0.completed_at,
        lp1_0.created_at,
        lp1_0.lesson_id,
        lp1_0.updated_at 
    from
        lesson_progress lp1_0 
    where
        lp1_0.user_id=?
Hibernate: 
    select
        n1_0.user_id,
        n1_0.id,
        n1_0.content,
        n1_0.created_at,
        n1_0.lesson_id,
        n1_0.title,
        n1_0.updated_at 
    from
        notes n1_0 
    where
        n1_0.user_id=?
Hibernate: 
    delete 
    from
        users 
    where
        id=?
Hibernate: 
    insert 
    into
        users
        (avatar, created_at, email, last_activity_date, level, password, points, role, streak, updated_at, username, id) 
    values
        (?, ?, ?, ?, ?, ?, ?, ?, ?, ?, ?, default)
Hibernate: 
    insert 
    into
        courses
        (created_at, description, difficulty, duration, thumbnail, title, updated_at, id) 
    values
        (?, ?, ?, ?, ?, ?, ?, default)
Hibernate: 
    insert 
    into
        chapters
        (course_id, created_at, description, chapter_order, title, updated_at, id) 
    values
        (?, ?, ?, ?, ?, ?, default)
Hibernate: 
    insert 
    into
        lessons
        (chapter_id, content, created_at, duration, lesson_order, title, updated_at, id) 
    values
        (?, ?, ?, ?, ?, ?, ?, default)
Hibernate: 
    select
        u1_0.id,
        u1_0.avatar,
        u1_0.created_at,
        u1_0.email,
        u1_0.last_activity_date,
        u1_0.level,
        u1_0.password,
        u1_0.points,
        u1_0.role,
        u1_0.streak,
        u1_0.updated_at,
        u1_0.username 
    from
        users u1_0 
    where
        u1_0.email=?
2026-01-18 14:29:14 - Rate limiting is disabled, allowing request
2026-01-18 14:29:14 - Embedding content for lesson 99999
2026-01-18 14:29:14 - Starting embedding process for lesson ID: 99999
Hibernate: 
    select
        l1_0.id,
        l1_0.chapter_id,
        l1_0.content,
        l1_0.created_at,
        l1_0.duration,
        l1_0.lesson_order,
        l1_0.title,
        l1_0.updated_at 
    from
        lessons l1_0 
    where
        l1_0.id=?
2026-01-18 14:29:14 - Content not found: Lesson not found with id: 99999
Hibernate: 
    select
        cl1_0.id,
        cl1_0.bot_response,
        cl1_0.confidence_score,
        cl1_0.created_at,
        cl1_0.question_timestamp,
        cl1_0.related_chapter_ids,
        cl1_0.response_timestamp,
        cl1_0.retrieved_chunks,
        cl1_0.user_id,
        cl1_0.user_question 
    from
        chat_logs cl1_0
Hibernate: 
    select
        le1_0.id,
        le1_0.chunk_index,
        le1_0.chunk_text,
        le1_0.created_at,
        le1_0.embedding,
        le1_0.lesson_id 
    from
        lesson_embeddings le1_0
Hibernate: 
    select
        l1_0.id,
        l1_0.chapter_id,
        l1_0.content,
        l1_0.created_at,
        l1_0.duration,
        l1_0.lesson_order,
        l1_0.title,
        l1_0.updated_at 
    from
        lessons l1_0
Hibernate: 
    select
        e1_0.lesson_id,
        e1_0.id,
        e1_0.chunk_index,
        e1_0.chunk_text,
        e1_0.created_at,
        e1_0.embedding 
    from
        lesson_embeddings e1_0 
    where
        e1_0.lesson_id=?
Hibernate: 
    select
        p1_0.lesson_id,
        p1_0.id,
        p1_0.completed,
        p1_0.completed_at,
        p1_0.created_at,
        p1_0.updated_at,
        p1_0.user_id 
    from
        lesson_progress p1_0 
    where
        p1_0.lesson_id=?
Hibernate: 
    delete 
    from
        lessons 
    where
        id=?
Hibernate: 
    select
        c1_0.id,
        c1_0.course_id,
        c1_0.created_at,
        c1_0.description,
        c1_0.chapter_order,
        c1_0.title,
        c1_0.updated_at 
    from
        chapters c1_0
Hibernate: 
    select
        l1_0.chapter_id,
        l1_0.id,
        l1_0.content,
        l1_0.created_at,
        l1_0.duration,
        l1_0.lesson_order,
        l1_0.title,
        l1_0.updated_at 
    from
        lessons l1_0 
    where
        l1_0.chapter_id=? 
    order by
        l1_0.lesson_order
Hibernate: 
    delete 
    from
        chapters 
    where
        id=?
Hibernate: 
    select
        c1_0.id,
        c1_0.created_at,
        c1_0.description,
        c1_0.difficulty,
        c1_0.duration,
        c1_0.thumbnail,
        c1_0.title,
        c1_0.updated_at 
    from
        courses c1_0
Hibernate: 
    select
        c1_0.course_id,
        c1_0.id,
        c1_0.created_at,
        c1_0.description,
        c1_0.chapter_order,
        c1_0.title,
        c1_0.updated_at 
    from
        chapters c1_0 
    where
        c1_0.course_id=? 
    order by
        c1_0.chapter_order
Hibernate: 
    delete 
    from
        courses 
    where
        id=?
Hibernate: 
    select
        u1_0.id,
        u1_0.avatar,
        u1_0.created_at,
        u1_0.email,
        u1_0.last_activity_date,
        u1_0.level,
        u1_0.password,
        u1_0.points,
        u1_0.role,
        u1_0.streak,
        u1_0.updated_at,
        u1_0.username 
    from
        users u1_0
Hibernate: 
    select
        b1_0.user_id,
        b1_0.id,
        b1_0.badge_id,
        b1_0.earned_at 
    from
        user_badges b1_0 
    where
        b1_0.user_id=?
Hibernate: 
    select
        lp1_0.user_id,
        lp1_0.id,
        lp1_0.completed,
        lp1_0.completed_at,
        lp1_0.created_at,
        lp1_0.lesson_id,
        lp1_0.updated_at 
    from
        lesson_progress lp1_0 
    where
        lp1_0.user_id=?
Hibernate: 
    select
        n1_0.user_id,
        n1_0.id,
        n1_0.content,
        n1_0.created_at,
        n1_0.lesson_id,
        n1_0.title,
        n1_0.updated_at 
    from
        notes n1_0 
    where
        n1_0.user_id=?
Hibernate: 
    delete 
    from
        users 
    where
        id=?
Hibernate: 
    insert 
    into
        users
        (avatar, created_at, email, last_activity_date, level, password, points, role, streak, updated_at, username, id) 
    values
        (?, ?, ?, ?, ?, ?, ?, ?, ?, ?, ?, default)
Hibernate: 
    insert 
    into
        courses
        (created_at, description, difficulty, duration, thumbnail, title, updated_at, id) 
    values
        (?, ?, ?, ?, ?, ?, ?, default)
Hibernate: 
    insert 
    into
        chapters
        (course_id, created_at, description, chapter_order, title, updated_at, id) 
    values
        (?, ?, ?, ?, ?, ?, default)
Hibernate: 
    insert 
    into
        lessons
        (chapter_id, content, created_at, duration, lesson_order, title, updated_at, id) 
    values
        (?, ?, ?, ?, ?, ?, ?, default)

MockHttpServletRequest:
      HTTP Method = POST
      Request URI = /api/chat/ask
       Parameters = {}
          Headers = [Content-Type:"application/json;charset=UTF-8", Content-Length:"74"]
             Body = {"message":"What is an array?","lessonId":null,"conversationHistory":null}
    Session Attrs = {}

Handler:
             Type = null

Async:
    Async started = false
     Async result = null

Resolved Exception:
             Type = null

ModelAndView:
        View name = null
             View = null
            Model = null

FlashMap:
       Attributes = null

MockHttpServletResponse:
           Status = 403
    Error message = Access Denied
          Headers = [Vary:"Origin", "Access-Control-Request-Method", "Access-Control-Request-Headers", X-Content-Type-Options:"nosniff", X-XSS-Protection:"0", Cache-Control:"no-cache, no-store, max-age=0, must-revalidate", Pragma:"no-cache", Expires:"0", X-Frame-Options:"DENY"]
     Content type = null
             Body = 
    Forwarded URL = null
   Redirected URL = null
          Cookies = []
[ERROR] Tests run: 9, Failures: 2, Errors: 0, Skipped: 0, Time elapsed: 28.11 s <<< FAILURE! -- in com.dsaplatform.integration.ChatIntegrationTest
[ERROR] com.dsaplatform.integration.ChatIntegrationTest.testQuestionAnsweringFlow -- Time elapsed: 0.384 s <<< FAILURE!
java.lang.AssertionError: Expected a non-empty value at JSON path "$.data.content" but found: null
	at org.springframework.test.util.AssertionErrors.fail(AssertionErrors.java:39)
	at org.springframework.test.util.AssertionErrors.assertTrue(AssertionErrors.java:73)
	at org.springframework.test.util.JsonPathExpectationsHelper.assertValueIsNotEmpty(JsonPathExpectationsHelper.java:288)
	at org.springframework.test.web.servlet.result.JsonPathResultMatchers.lambda$isNotEmpty$6(JsonPathResultMatchers.java:163)
	at org.springframework.test.web.servlet.MockMvc$1.andExpect(MockMvc.java:214)
	at com.dsaplatform.integration.ChatIntegrationTest.testQuestionAnsweringFlow(ChatIntegrationTest.java:238)
	at java.base/java.lang.reflect.Method.invoke(Method.java:580)
	at java.base/java.util.ArrayList.forEach(ArrayList.java:1596)
	at java.base/java.util.ArrayList.forEach(ArrayList.java:1596)

[ERROR] com.dsaplatform.integration.ChatIntegrationTest.testUnauthorizedAccess -- Time elapsed: 0.228 s <<< FAILURE!
java.lang.AssertionError: Status expected:<401> but was:<403>
	at org.springframework.test.util.AssertionErrors.fail(AssertionErrors.java:61)
	at org.springframework.test.util.AssertionErrors.assertEquals(AssertionErrors.java:128)
	at org.springframework.test.web.servlet.result.StatusResultMatchers.lambda$matcher$9(StatusResultMatchers.java:640)
	at org.springframework.test.web.servlet.MockMvc$1.andExpect(MockMvc.java:214)
	at com.dsaplatform.integration.ChatIntegrationTest.testUnauthorizedAccess(ChatIntegrationTest.java:443)
	at java.base/java.lang.reflect.Method.invoke(Method.java:580)
	at java.base/java.util.ArrayList.forEach(ArrayList.java:1596)
	at java.base/java.util.ArrayList.forEach(ArrayList.java:1596)

[INFO] Running com.dsaplatform.repository.ChatLogRepositoryPropertyTest
2026-01-18 14:29:14 - Could not detect default configuration classes for test class [com.dsaplatform.repository.ChatLogRepositoryPropertyTest]: ChatLogRepositoryPropertyTest does not declare any static, non-private, non-final, nested classes annotated with @Configuration.
2026-01-18 14:29:14 - Found @SpringBootConfiguration com.dsaplatform.DsaLearningPlatformApplication for test class com.dsaplatform.repository.ChatLogRepositoryPropertyTest
2026-01-18 14:29:14 - Initialized Dotenv with DotenvConfig{directory=null, filename=null, ignoreIfMalformed=false, ignoreIfMissing=true, systemProperties=false, prefix=null}

  .   ____          _            __ _ _
 /\\ / ___'_ __ _ _(_)_ __  __ _ \ \ \ \
( ( )\___ | '_ | '_| | '_ \/ _` | \ \ \ \
 \\/  ___)| |_)| | | | | || (_| |  ) ) ) )
  '  |____| .__|_| |_|_| |_\__, | / / / /
 =========|_|==============|___/=/_/_/_/

 :: Spring Boot ::                (v3.4.1)

2026-01-18 14:29:14 - Starting ChatLogRepositoryPropertyTest using Java 21.0.9 with PID 1172 (started by PC in D:\Proj\Dsa\backend)
2026-01-18 14:29:14 - Running with Spring Boot v3.4.1, Spring v6.2.1
2026-01-18 14:29:14 - The following 1 profile is active: "test"
2026-01-18 14:29:15 - Bootstrapping Spring Data JPA repositories in DEFAULT mode.
2026-01-18 14:29:15 - Finished Spring Data repository scanning in 87 ms. Found 10 JPA repository interfaces.
2026-01-18 14:29:15 - Replacing 'dataSource' DataSource bean with embedded version
2026-01-18 14:29:15 - Starting embedded database: url='jdbc:h2:mem:c989ead0-2a46-4ef9-b883-f19c13c84b81;DB_CLOSE_DELAY=-1;DB_CLOSE_ON_EXIT=false', username='sa'
2026-01-18 14:29:15 - HHH000204: Processing PersistenceUnitInfo [name: default]
2026-01-18 14:29:15 - HHH000026: Second-level cache disabled
2026-01-18 14:29:15 - No LoadTimeWeaver setup: ignoring JPA class transformer
2026-01-18 14:29:15 - HHH90000025: H2Dialect does not need to be specified explicitly using 'hibernate.dialect' (remove the property setting and it will be selected by default)
2026-01-18 14:29:15 - HHH10001005: Database info:
	Database JDBC URL [Connecting through datasource 'org.springframework.jdbc.datasource.embedded.EmbeddedDatabaseFactory$EmbeddedDataSourceProxy@216a0542']
	Database driver: undefined/unknown
	Database version: 2.3.232
	Autocommit mode: undefined/unknown
	Isolation level: undefined/unknown
	Minimum pool size: undefined/unknown
	Maximum pool size: undefined/unknown
2026-01-18 14:29:16 - HHH000489: No JTA platform available (set 'hibernate.transaction.jta.platform' to enable JTA platform integration)
Hibernate: 
    drop table if exists badges cascade 
Hibernate: 
    drop table if exists chapters cascade 
Hibernate: 
    drop table if exists chat_logs cascade 
Hibernate: 
    drop table if exists courses cascade 
Hibernate: 
    drop table if exists lesson_embeddings cascade 
Hibernate: 
    drop table if exists lesson_progress cascade 
Hibernate: 
    drop table if exists lessons cascade 
Hibernate: 
    drop table if exists notes cascade 
Hibernate: 
    drop table if exists user_badges cascade 
Hibernate: 
    drop table if exists users cascade 
Hibernate: 
    create table badges (
        created_at timestamp(6) not null,
        id bigint generated by default as identity,
        updated_at timestamp(6),
        icon varchar(10),
        name varchar(100) not null unique,
        description varchar(500),
        rarity enum ('COMMON','EPIC','LEGENDARY','RARE') not null,
        primary key (id)
    )
Hibernate: 
    create table chapters (
        chapter_order integer not null,
        course_id bigint not null,
        created_at timestamp(6) not null,
        id bigint generated by default as identity,
        updated_at timestamp(6),
        title varchar(200) not null,
        description varchar(1000),
        primary key (id)
    )
Hibernate: 
    create table chat_logs (
        confidence_score numeric(5,4),
        retrieved_chunks integer,
        created_at timestamp(6) not null,
        id bigint generated by default as identity,
        question_timestamp timestamp(6) not null,
        response_timestamp timestamp(6),
        user_id bigint not null,
        bot_response TEXT,
        related_chapter_ids TEXT,
        user_question TEXT not null,
        primary key (id)
    )
Hibernate: 
    create table courses (
        duration integer not null,
        created_at timestamp(6) not null,
        id bigint generated by default as identity,
        updated_at timestamp(6),
        title varchar(200) not null,
        thumbnail varchar(500),
        description varchar(1000),
        difficulty enum ('ADVANCED','BEGINNER','INTERMEDIATE') not null,
        primary key (id)
    )
Hibernate: 
    create table lesson_embeddings (
        chunk_index integer,
        created_at timestamp(6) not null,
        id bigint generated by default as identity,
        lesson_id bigint not null,
        chunk_text varchar(2000),
        embedding TEXT,
        primary key (id)
    )
Hibernate: 
    create table lesson_progress (
        completed boolean not null,
        completed_at timestamp(6),
        created_at timestamp(6) not null,
        id bigint generated by default as identity,
        lesson_id bigint not null,
        updated_at timestamp(6),
        user_id bigint not null,
        primary key (id),
        unique (user_id, lesson_id)
    )
Hibernate: 
    create table lessons (
        duration integer not null,
        lesson_order integer not null,
        chapter_id bigint not null,
        created_at timestamp(6) not null,
        id bigint generated by default as identity,
        updated_at timestamp(6),
        title varchar(200) not null,
        content TEXT,
        primary key (id)
    )
Hibernate: 
    create table notes (
        created_at timestamp(6) not null,
        id bigint generated by default as identity,
        lesson_id bigint,
        updated_at timestamp(6),
        user_id bigint not null,
        title varchar(200) not null,
        content TEXT,
        primary key (id)
    )
Hibernate: 
    create table user_badges (
        badge_id bigint not null,
        earned_at timestamp(6) not null,
        id bigint generated by default as identity,
        user_id bigint not null,
        primary key (id),
        unique (user_id, badge_id)
    )
Hibernate: 
    create table users (
        level integer not null,
        points integer not null,
        streak integer not null,
        created_at timestamp(6) not null,
        id bigint generated by default as identity,
        last_activity_date timestamp(6),
        updated_at timestamp(6),
        username varchar(50) not null unique,
        avatar varchar(500),
        email varchar(255) not null unique,
        password varchar(255) not null,
        role enum ('ADMIN','STUDENT') not null,
        primary key (id)
    )
Hibernate: 
    alter table if exists chapters 
       add constraint FK6h1m0nrtdwj37570c0sp2tdcs 
       foreign key (course_id) 
       references courses
Hibernate: 
    alter table if exists lesson_embeddings 
       add constraint FKqrgqipxxna7k8m9p4o08ck01p 
       foreign key (lesson_id) 
       references lessons
Hibernate: 
    alter table if exists lesson_progress 
       add constraint FKqwr70bkn0j6gok1y4op9jns8y 
       foreign key (lesson_id) 
       references lessons
Hibernate: 
    alter table if exists lesson_progress 
       add constraint FKhxwj6gbacmwi2768sceg602uf 
       foreign key (user_id) 
       references users
Hibernate: 
    alter table if exists lessons 
       add constraint FKmb78vk1f2oljr16oj1hpo45ma 
       foreign key (chapter_id) 
       references chapters
Hibernate: 
    alter table if exists notes 
       add constraint FK3xenqmacuiqjq2lnhmtojavp7 
       foreign key (lesson_id) 
       references lessons
Hibernate: 
    alter table if exists notes 
       add constraint FKechaouoa6kus6k1dpix1u91c 
       foreign key (user_id) 
       references users
Hibernate: 
    alter table if exists user_badges 
       add constraint FKk6e00pguaij0uke6xr81gt045 
       foreign key (badge_id) 
       references badges
Hibernate: 
    alter table if exists user_badges 
       add constraint FKr46ah81sjymsn035m4ojstn5s 
       foreign key (user_id) 
       references users
2026-01-18 14:29:16 - Initialized JPA EntityManagerFactory for persistence unit 'default'
2026-01-18 14:29:17 - Started ChatLogRepositoryPropertyTest in 2.318 seconds (process running for 32.707)
Hibernate: 
    select
        cl1_0.id,
        cl1_0.bot_response,
        cl1_0.confidence_score,
        cl1_0.created_at,
        cl1_0.question_timestamp,
        cl1_0.related_chapter_ids,
        cl1_0.response_timestamp,
        cl1_0.retrieved_chunks,
        cl1_0.user_id,
        cl1_0.user_question 
    from
        chat_logs cl1_0
Hibernate: 
    insert 
    into
        chat_logs
        (bot_response, confidence_score, created_at, question_timestamp, related_chapter_ids, response_timestamp, retrieved_chunks, user_id, user_question, id) 
    values
        (?, ?, ?, ?, ?, ?, ?, ?, ?, default)
Hibernate: 
    insert 
    into
        chat_logs
        (bot_response, confidence_score, created_at, question_timestamp, related_chapter_ids, response_timestamp, retrieved_chunks, user_id, user_question, id) 
    values
        (?, ?, ?, ?, ?, ?, ?, ?, ?, default)
Hibernate: 
    insert 
    into
        chat_logs
        (bot_response, confidence_score, created_at, question_timestamp, related_chapter_ids, response_timestamp, retrieved_chunks, user_id, user_question, id) 
    values
        (?, ?, ?, ?, ?, ?, ?, ?, ?, default)
Hibernate: 
    insert 
    into
        chat_logs
        (bot_response, confidence_score, created_at, question_timestamp, related_chapter_ids, response_timestamp, retrieved_chunks, user_id, user_question, id) 
    values
        (?, ?, ?, ?, ?, ?, ?, ?, ?, default)
Hibernate: 
    insert 
    into
        chat_logs
        (bot_response, confidence_score, created_at, question_timestamp, related_chapter_ids, response_timestamp, retrieved_chunks, user_id, user_question, id) 
    values
        (?, ?, ?, ?, ?, ?, ?, ?, ?, default)
Hibernate: 
    insert 
    into
        chat_logs
        (bot_response, confidence_score, created_at, question_timestamp, related_chapter_ids, response_timestamp, retrieved_chunks, user_id, user_question, id) 
    values
        (?, ?, ?, ?, ?, ?, ?, ?, ?, default)
Hibernate: 
    insert 
    into
        chat_logs
        (bot_response, confidence_score, created_at, question_timestamp, related_chapter_ids, response_timestamp, retrieved_chunks, user_id, user_question, id) 
    values
        (?, ?, ?, ?, ?, ?, ?, ?, ?, default)
Hibernate: 
    insert 
    into
        chat_logs
        (bot_response, confidence_score, created_at, question_timestamp, related_chapter_ids, response_timestamp, retrieved_chunks, user_id, user_question, id) 
    values
        (?, ?, ?, ?, ?, ?, ?, ?, ?, default)
Hibernate: 
    select
        cl1_0.id,
        cl1_0.bot_response,
        cl1_0.confidence_score,
        cl1_0.created_at,
        cl1_0.question_timestamp,
        cl1_0.related_chapter_ids,
        cl1_0.response_timestamp,
        cl1_0.retrieved_chunks,
        cl1_0.user_id,
        cl1_0.user_question 
    from
        chat_logs cl1_0 
    where
        cl1_0.user_id=? 
    order by
        cl1_0.question_timestamp desc 
    fetch
        first ? rows only
Hibernate: 
    select
        cl1_0.id,
        cl1_0.bot_response,
        cl1_0.confidence_score,
        cl1_0.created_at,
        cl1_0.question_timestamp,
        cl1_0.related_chapter_ids,
        cl1_0.response_timestamp,
        cl1_0.retrieved_chunks,
        cl1_0.user_id,
        cl1_0.user_question 
    from
        chat_logs cl1_0
Hibernate: 
    insert 
    into
        chat_logs
        (bot_response, confidence_score, created_at, question_timestamp, related_chapter_ids, response_timestamp, retrieved_chunks, user_id, user_question, id) 
    values
        (?, ?, ?, ?, ?, ?, ?, ?, ?, default)
Hibernate: 
    insert 
    into
        chat_logs
        (bot_response, confidence_score, created_at, question_timestamp, related_chapter_ids, response_timestamp, retrieved_chunks, user_id, user_question, id) 
    values
        (?, ?, ?, ?, ?, ?, ?, ?, ?, default)
Hibernate: 
    insert 
    into
        chat_logs
        (bot_response, confidence_score, created_at, question_timestamp, related_chapter_ids, response_timestamp, retrieved_chunks, user_id, user_question, id) 
    values
        (?, ?, ?, ?, ?, ?, ?, ?, ?, default)
Hibernate: 
    insert 
    into
        chat_logs
        (bot_response, confidence_score, created_at, question_timestamp, related_chapter_ids, response_timestamp, retrieved_chunks, user_id, user_question, id) 
    values
        (?, ?, ?, ?, ?, ?, ?, ?, ?, default)
Hibernate: 
    insert 
    into
        chat_logs
        (bot_response, confidence_score, created_at, question_timestamp, related_chapter_ids, response_timestamp, retrieved_chunks, user_id, user_question, id) 
    values
        (?, ?, ?, ?, ?, ?, ?, ?, ?, default)
Hibernate: 
    insert 
    into
        chat_logs
        (bot_response, confidence_score, created_at, question_timestamp, related_chapter_ids, response_timestamp, retrieved_chunks, user_id, user_question, id) 
    values
        (?, ?, ?, ?, ?, ?, ?, ?, ?, default)
Hibernate: 
    insert 
    into
        chat_logs
        (bot_response, confidence_score, created_at, question_timestamp, related_chapter_ids, response_timestamp, retrieved_chunks, user_id, user_question, id) 
    values
        (?, ?, ?, ?, ?, ?, ?, ?, ?, default)
Hibernate: 
    insert 
    into
        chat_logs
        (bot_response, confidence_score, created_at, question_timestamp, related_chapter_ids, response_timestamp, retrieved_chunks, user_id, user_question, id) 
    values
        (?, ?, ?, ?, ?, ?, ?, ?, ?, default)
Hibernate: 
    insert 
    into
        chat_logs
        (bot_response, confidence_score, created_at, question_timestamp, related_chapter_ids, response_timestamp, retrieved_chunks, user_id, user_question, id) 
    values
        (?, ?, ?, ?, ?, ?, ?, ?, ?, default)
Hibernate: 
    insert 
    into
        chat_logs
        (bot_response, confidence_score, created_at, question_timestamp, related_chapter_ids, response_timestamp, retrieved_chunks, user_id, user_question, id) 
    values
        (?, ?, ?, ?, ?, ?, ?, ?, ?, default)
Hibernate: 
    insert 
    into
        chat_logs
        (bot_response, confidence_score, created_at, question_timestamp, related_chapter_ids, response_timestamp, retrieved_chunks, user_id, user_question, id) 
    values
        (?, ?, ?, ?, ?, ?, ?, ?, ?, default)
Hibernate: 
    insert 
    into
        chat_logs
        (bot_response, confidence_score, created_at, question_timestamp, related_chapter_ids, response_timestamp, retrieved_chunks, user_id, user_question, id) 
    values
        (?, ?, ?, ?, ?, ?, ?, ?, ?, default)
Hibernate: 
    insert 
    into
        chat_logs
        (bot_response, confidence_score, created_at, question_timestamp, related_chapter_ids, response_timestamp, retrieved_chunks, user_id, user_question, id) 
    values
        (?, ?, ?, ?, ?, ?, ?, ?, ?, default)
Hibernate: 
    insert 
    into
        chat_logs
        (bot_response, confidence_score, created_at, question_timestamp, related_chapter_ids, response_timestamp, retrieved_chunks, user_id, user_question, id) 
    values
        (?, ?, ?, ?, ?, ?, ?, ?, ?, default)
Hibernate: 
    insert 
    into
        chat_logs
        (bot_response, confidence_score, created_at, question_timestamp, related_chapter_ids, response_timestamp, retrieved_chunks, user_id, user_question, id) 
    values
        (?, ?, ?, ?, ?, ?, ?, ?, ?, default)
Hibernate: 
    select
        cl1_0.id,
        cl1_0.bot_response,
        cl1_0.confidence_score,
        cl1_0.created_at,
        cl1_0.question_timestamp,
        cl1_0.related_chapter_ids,
        cl1_0.response_timestamp,
        cl1_0.retrieved_chunks,
        cl1_0.user_id,
        cl1_0.user_question 
    from
        chat_logs cl1_0 
    where
        cl1_0.user_id=? 
    order by
        cl1_0.question_timestamp desc 
    fetch
        first ? rows only
Hibernate: 
    select
        cl1_0.id,
        cl1_0.bot_response,
        cl1_0.confidence_score,
        cl1_0.created_at,
        cl1_0.question_timestamp,
        cl1_0.related_chapter_ids,
        cl1_0.response_timestamp,
        cl1_0.retrieved_chunks,
        cl1_0.user_id,
        cl1_0.user_question 
    from
        chat_logs cl1_0
Hibernate: 
    insert 
    into
        chat_logs
        (bot_response, confidence_score, created_at, question_timestamp, related_chapter_ids, response_timestamp, retrieved_chunks, user_id, user_question, id) 
    values
        (?, ?, ?, ?, ?, ?, ?, ?, ?, default)
Hibernate: 
    insert 
    into
        chat_logs
        (bot_response, confidence_score, created_at, question_timestamp, related_chapter_ids, response_timestamp, retrieved_chunks, user_id, user_question, id) 
    values
        (?, ?, ?, ?, ?, ?, ?, ?, ?, default)
Hibernate: 
    insert 
    into
        chat_logs
        (bot_response, confidence_score, created_at, question_timestamp, related_chapter_ids, response_timestamp, retrieved_chunks, user_id, user_question, id) 
    values
        (?, ?, ?, ?, ?, ?, ?, ?, ?, default)
Hibernate: 
    insert 
    into
        chat_logs
        (bot_response, confidence_score, created_at, question_timestamp, related_chapter_ids, response_timestamp, retrieved_chunks, user_id, user_question, id) 
    values
        (?, ?, ?, ?, ?, ?, ?, ?, ?, default)
Hibernate: 
    insert 
    into
        chat_logs
        (bot_response, confidence_score, created_at, question_timestamp, related_chapter_ids, response_timestamp, retrieved_chunks, user_id, user_question, id) 
    values
        (?, ?, ?, ?, ?, ?, ?, ?, ?, default)
Hibernate: 
    insert 
    into
        chat_logs
        (bot_response, confidence_score, created_at, question_timestamp, related_chapter_ids, response_timestamp, retrieved_chunks, user_id, user_question, id) 
    values
        (?, ?, ?, ?, ?, ?, ?, ?, ?, default)
Hibernate: 
    insert 
    into
        chat_logs
        (bot_response, confidence_score, created_at, question_timestamp, related_chapter_ids, response_timestamp, retrieved_chunks, user_id, user_question, id) 
    values
        (?, ?, ?, ?, ?, ?, ?, ?, ?, default)
Hibernate: 
    insert 
    into
        chat_logs
        (bot_response, confidence_score, created_at, question_timestamp, related_chapter_ids, response_timestamp, retrieved_chunks, user_id, user_question, id) 
    values
        (?, ?, ?, ?, ?, ?, ?, ?, ?, default)
Hibernate: 
    insert 
    into
        chat_logs
        (bot_response, confidence_score, created_at, question_timestamp, related_chapter_ids, response_timestamp, retrieved_chunks, user_id, user_question, id) 
    values
        (?, ?, ?, ?, ?, ?, ?, ?, ?, default)
Hibernate: 
    insert 
    into
        chat_logs
        (bot_response, confidence_score, created_at, question_timestamp, related_chapter_ids, response_timestamp, retrieved_chunks, user_id, user_question, id) 
    values
        (?, ?, ?, ?, ?, ?, ?, ?, ?, default)
Hibernate: 
    select
        cl1_0.id,
        cl1_0.bot_response,
        cl1_0.confidence_score,
        cl1_0.created_at,
        cl1_0.question_timestamp,
        cl1_0.related_chapter_ids,
        cl1_0.response_timestamp,
        cl1_0.retrieved_chunks,
        cl1_0.user_id,
        cl1_0.user_question 
    from
        chat_logs cl1_0 
    where
        cl1_0.user_id=? 
    order by
        cl1_0.question_timestamp desc 
    fetch
        first ? rows only
Hibernate: 
    select
        cl1_0.id,
        cl1_0.bot_response,
        cl1_0.confidence_score,
        cl1_0.created_at,
        cl1_0.question_timestamp,
        cl1_0.related_chapter_ids,
        cl1_0.response_timestamp,
        cl1_0.retrieved_chunks,
        cl1_0.user_id,
        cl1_0.user_question 
    from
        chat_logs cl1_0
Hibernate: 
    insert 
    into
        chat_logs
        (bot_response, confidence_score, created_at, question_timestamp, related_chapter_ids, response_timestamp, retrieved_chunks, user_id, user_question, id) 
    values
        (?, ?, ?, ?, ?, ?, ?, ?, ?, default)
Hibernate: 
    insert 
    into
        chat_logs
        (bot_response, confidence_score, created_at, question_timestamp, related_chapter_ids, response_timestamp, retrieved_chunks, user_id, user_question, id) 
    values
        (?, ?, ?, ?, ?, ?, ?, ?, ?, default)
Hibernate: 
    insert 
    into
        chat_logs
        (bot_response, confidence_score, created_at, question_timestamp, related_chapter_ids, response_timestamp, retrieved_chunks, user_id, user_question, id) 
    values
        (?, ?, ?, ?, ?, ?, ?, ?, ?, default)
Hibernate: 
    insert 
    into
        chat_logs
        (bot_response, confidence_score, created_at, question_timestamp, related_chapter_ids, response_timestamp, retrieved_chunks, user_id, user_question, id) 
    values
        (?, ?, ?, ?, ?, ?, ?, ?, ?, default)
Hibernate: 
    insert 
    into
        chat_logs
        (bot_response, confidence_score, created_at, question_timestamp, related_chapter_ids, response_timestamp, retrieved_chunks, user_id, user_question, id) 
    values
        (?, ?, ?, ?, ?, ?, ?, ?, ?, default)
Hibernate: 
    insert 
    into
        chat_logs
        (bot_response, confidence_score, created_at, question_timestamp, related_chapter_ids, response_timestamp, retrieved_chunks, user_id, user_question, id) 
    values
        (?, ?, ?, ?, ?, ?, ?, ?, ?, default)
Hibernate: 
    insert 
    into
        chat_logs
        (bot_response, confidence_score, created_at, question_timestamp, related_chapter_ids, response_timestamp, retrieved_chunks, user_id, user_question, id) 
    values
        (?, ?, ?, ?, ?, ?, ?, ?, ?, default)
Hibernate: 
    insert 
    into
        chat_logs
        (bot_response, confidence_score, created_at, question_timestamp, related_chapter_ids, response_timestamp, retrieved_chunks, user_id, user_question, id) 
    values
        (?, ?, ?, ?, ?, ?, ?, ?, ?, default)
Hibernate: 
    insert 
    into
        chat_logs
        (bot_response, confidence_score, created_at, question_timestamp, related_chapter_ids, response_timestamp, retrieved_chunks, user_id, user_question, id) 
    values
        (?, ?, ?, ?, ?, ?, ?, ?, ?, default)
Hibernate: 
    insert 
    into
        chat_logs
        (bot_response, confidence_score, created_at, question_timestamp, related_chapter_ids, response_timestamp, retrieved_chunks, user_id, user_question, id) 
    values
        (?, ?, ?, ?, ?, ?, ?, ?, ?, default)
Hibernate: 
    insert 
    into
        chat_logs
        (bot_response, confidence_score, created_at, question_timestamp, related_chapter_ids, response_timestamp, retrieved_chunks, user_id, user_question, id) 
    values
        (?, ?, ?, ?, ?, ?, ?, ?, ?, default)
Hibernate: 
    insert 
    into
        chat_logs
        (bot_response, confidence_score, created_at, question_timestamp, related_chapter_ids, response_timestamp, retrieved_chunks, user_id, user_question, id) 
    values
        (?, ?, ?, ?, ?, ?, ?, ?, ?, default)
Hibernate: 
    insert 
    into
        chat_logs
        (bot_response, confidence_score, created_at, question_timestamp, related_chapter_ids, response_timestamp, retrieved_chunks, user_id, user_question, id) 
    values
        (?, ?, ?, ?, ?, ?, ?, ?, ?, default)
Hibernate: 
    insert 
    into
        chat_logs
        (bot_response, confidence_score, created_at, question_timestamp, related_chapter_ids, response_timestamp, retrieved_chunks, user_id, user_question, id) 
    values
        (?, ?, ?, ?, ?, ?, ?, ?, ?, default)
Hibernate: 
    insert 
    into
        chat_logs
        (bot_response, confidence_score, created_at, question_timestamp, related_chapter_ids, response_timestamp, retrieved_chunks, user_id, user_question, id) 
    values
        (?, ?, ?, ?, ?, ?, ?, ?, ?, default)
Hibernate: 
    select
        cl1_0.id,
        cl1_0.bot_response,
        cl1_0.confidence_score,
        cl1_0.created_at,
        cl1_0.question_timestamp,
        cl1_0.related_chapter_ids,
        cl1_0.response_timestamp,
        cl1_0.retrieved_chunks,
        cl1_0.user_id,
        cl1_0.user_question 
    from
        chat_logs cl1_0 
    where
        cl1_0.user_id=? 
    order by
        cl1_0.question_timestamp desc 
    fetch
        first ? rows only
Hibernate: 
    select
        cl1_0.id,
        cl1_0.bot_response,
        cl1_0.confidence_score,
        cl1_0.created_at,
        cl1_0.question_timestamp,
        cl1_0.related_chapter_ids,
        cl1_0.response_timestamp,
        cl1_0.retrieved_chunks,
        cl1_0.user_id,
        cl1_0.user_question 
    from
        chat_logs cl1_0
Hibernate: 
    insert 
    into
        chat_logs
        (bot_response, confidence_score, created_at, question_timestamp, related_chapter_ids, response_timestamp, retrieved_chunks, user_id, user_question, id) 
    values
        (?, ?, ?, ?, ?, ?, ?, ?, ?, default)
Hibernate: 
    insert 
    into
        chat_logs
        (bot_response, confidence_score, created_at, question_timestamp, related_chapter_ids, response_timestamp, retrieved_chunks, user_id, user_question, id) 
    values
        (?, ?, ?, ?, ?, ?, ?, ?, ?, default)
Hibernate: 
    insert 
    into
        chat_logs
        (bot_response, confidence_score, created_at, question_timestamp, related_chapter_ids, response_timestamp, retrieved_chunks, user_id, user_question, id) 
    values
        (?, ?, ?, ?, ?, ?, ?, ?, ?, default)
Hibernate: 
    insert 
    into
        chat_logs
        (bot_response, confidence_score, created_at, question_timestamp, related_chapter_ids, response_timestamp, retrieved_chunks, user_id, user_question, id) 
    values
        (?, ?, ?, ?, ?, ?, ?, ?, ?, default)
Hibernate: 
    insert 
    into
        chat_logs
        (bot_response, confidence_score, created_at, question_timestamp, related_chapter_ids, response_timestamp, retrieved_chunks, user_id, user_question, id) 
    values
        (?, ?, ?, ?, ?, ?, ?, ?, ?, default)
Hibernate: 
    insert 
    into
        chat_logs
        (bot_response, confidence_score, created_at, question_timestamp, related_chapter_ids, response_timestamp, retrieved_chunks, user_id, user_question, id) 
    values
        (?, ?, ?, ?, ?, ?, ?, ?, ?, default)
Hibernate: 
    insert 
    into
        chat_logs
        (bot_response, confidence_score, created_at, question_timestamp, related_chapter_ids, response_timestamp, retrieved_chunks, user_id, user_question, id) 
    values
        (?, ?, ?, ?, ?, ?, ?, ?, ?, default)
Hibernate: 
    insert 
    into
        chat_logs
        (bot_response, confidence_score, created_at, question_timestamp, related_chapter_ids, response_timestamp, retrieved_chunks, user_id, user_question, id) 
    values
        (?, ?, ?, ?, ?, ?, ?, ?, ?, default)
Hibernate: 
    insert 
    into
        chat_logs
        (bot_response, confidence_score, created_at, question_timestamp, related_chapter_ids, response_timestamp, retrieved_chunks, user_id, user_question, id) 
    values
        (?, ?, ?, ?, ?, ?, ?, ?, ?, default)
Hibernate: 
    insert 
    into
        chat_logs
        (bot_response, confidence_score, created_at, question_timestamp, related_chapter_ids, response_timestamp, retrieved_chunks, user_id, user_question, id) 
    values
        (?, ?, ?, ?, ?, ?, ?, ?, ?, default)
Hibernate: 
    insert 
    into
        chat_logs
        (bot_response, confidence_score, created_at, question_timestamp, related_chapter_ids, response_timestamp, retrieved_chunks, user_id, user_question, id) 
    values
        (?, ?, ?, ?, ?, ?, ?, ?, ?, default)
Hibernate: 
    insert 
    into
        chat_logs
        (bot_response, confidence_score, created_at, question_timestamp, related_chapter_ids, response_timestamp, retrieved_chunks, user_id, user_question, id) 
    values
        (?, ?, ?, ?, ?, ?, ?, ?, ?, default)
Hibernate: 
    insert 
    into
        chat_logs
        (bot_response, confidence_score, created_at, question_timestamp, related_chapter_ids, response_timestamp, retrieved_chunks, user_id, user_question, id) 
    values
        (?, ?, ?, ?, ?, ?, ?, ?, ?, default)
Hibernate: 
    insert 
    into
        chat_logs
        (bot_response, confidence_score, created_at, question_timestamp, related_chapter_ids, response_timestamp, retrieved_chunks, user_id, user_question, id) 
    values
        (?, ?, ?, ?, ?, ?, ?, ?, ?, default)
Hibernate: 
    insert 
    into
        chat_logs
        (bot_response, confidence_score, created_at, question_timestamp, related_chapter_ids, response_timestamp, retrieved_chunks, user_id, user_question, id) 
    values
        (?, ?, ?, ?, ?, ?, ?, ?, ?, default)
Hibernate: 
    select
        cl1_0.id,
        cl1_0.bot_response,
        cl1_0.confidence_score,
        cl1_0.created_at,
        cl1_0.question_timestamp,
        cl1_0.related_chapter_ids,
        cl1_0.response_timestamp,
        cl1_0.retrieved_chunks,
        cl1_0.user_id,
        cl1_0.user_question 
    from
        chat_logs cl1_0 
    where
        cl1_0.user_id=? 
    order by
        cl1_0.question_timestamp desc 
    fetch
        first ? rows only
Hibernate: 
    select
        count(cl1_0.id) 
    from
        chat_logs cl1_0 
    where
        cl1_0.user_id=?
Hibernate: 
    select
        cl1_0.id,
        cl1_0.bot_response,
        cl1_0.confidence_score,
        cl1_0.created_at,
        cl1_0.question_timestamp,
        cl1_0.related_chapter_ids,
        cl1_0.response_timestamp,
        cl1_0.retrieved_chunks,
        cl1_0.user_id,
        cl1_0.user_question 
    from
        chat_logs cl1_0
Hibernate: 
    insert 
    into
        chat_logs
        (bot_response, confidence_score, created_at, question_timestamp, related_chapter_ids, response_timestamp, retrieved_chunks, user_id, user_question, id) 
    values
        (?, ?, ?, ?, ?, ?, ?, ?, ?, default)
Hibernate: 
    insert 
    into
        chat_logs
        (bot_response, confidence_score, created_at, question_timestamp, related_chapter_ids, response_timestamp, retrieved_chunks, user_id, user_question, id) 
    values
        (?, ?, ?, ?, ?, ?, ?, ?, ?, default)
Hibernate: 
    insert 
    into
        chat_logs
        (bot_response, confidence_score, created_at, question_timestamp, related_chapter_ids, response_timestamp, retrieved_chunks, user_id, user_question, id) 
    values
        (?, ?, ?, ?, ?, ?, ?, ?, ?, default)
Hibernate: 
    insert 
    into
        chat_logs
        (bot_response, confidence_score, created_at, question_timestamp, related_chapter_ids, response_timestamp, retrieved_chunks, user_id, user_question, id) 
    values
        (?, ?, ?, ?, ?, ?, ?, ?, ?, default)
Hibernate: 
    insert 
    into
        chat_logs
        (bot_response, confidence_score, created_at, question_timestamp, related_chapter_ids, response_timestamp, retrieved_chunks, user_id, user_question, id) 
    values
        (?, ?, ?, ?, ?, ?, ?, ?, ?, default)
Hibernate: 
    insert 
    into
        chat_logs
        (bot_response, confidence_score, created_at, question_timestamp, related_chapter_ids, response_timestamp, retrieved_chunks, user_id, user_question, id) 
    values
        (?, ?, ?, ?, ?, ?, ?, ?, ?, default)
Hibernate: 
    insert 
    into
        chat_logs
        (bot_response, confidence_score, created_at, question_timestamp, related_chapter_ids, response_timestamp, retrieved_chunks, user_id, user_question, id) 
    values
        (?, ?, ?, ?, ?, ?, ?, ?, ?, default)
Hibernate: 
    insert 
    into
        chat_logs
        (bot_response, confidence_score, created_at, question_timestamp, related_chapter_ids, response_timestamp, retrieved_chunks, user_id, user_question, id) 
    values
        (?, ?, ?, ?, ?, ?, ?, ?, ?, default)
Hibernate: 
    insert 
    into
        chat_logs
        (bot_response, confidence_score, created_at, question_timestamp, related_chapter_ids, response_timestamp, retrieved_chunks, user_id, user_question, id) 
    values
        (?, ?, ?, ?, ?, ?, ?, ?, ?, default)
Hibernate: 
    insert 
    into
        chat_logs
        (bot_response, confidence_score, created_at, question_timestamp, related_chapter_ids, response_timestamp, retrieved_chunks, user_id, user_question, id) 
    values
        (?, ?, ?, ?, ?, ?, ?, ?, ?, default)
Hibernate: 
    insert 
    into
        chat_logs
        (bot_response, confidence_score, created_at, question_timestamp, related_chapter_ids, response_timestamp, retrieved_chunks, user_id, user_question, id) 
    values
        (?, ?, ?, ?, ?, ?, ?, ?, ?, default)
Hibernate: 
    insert 
    into
        chat_logs
        (bot_response, confidence_score, created_at, question_timestamp, related_chapter_ids, response_timestamp, retrieved_chunks, user_id, user_question, id) 
    values
        (?, ?, ?, ?, ?, ?, ?, ?, ?, default)
Hibernate: 
    insert 
    into
        chat_logs
        (bot_response, confidence_score, created_at, question_timestamp, related_chapter_ids, response_timestamp, retrieved_chunks, user_id, user_question, id) 
    values
        (?, ?, ?, ?, ?, ?, ?, ?, ?, default)
Hibernate: 
    insert 
    into
        chat_logs
        (bot_response, confidence_score, created_at, question_timestamp, related_chapter_ids, response_timestamp, retrieved_chunks, user_id, user_question, id) 
    values
        (?, ?, ?, ?, ?, ?, ?, ?, ?, default)
Hibernate: 
    insert 
    into
        chat_logs
        (bot_response, confidence_score, created_at, question_timestamp, related_chapter_ids, response_timestamp, retrieved_chunks, user_id, user_question, id) 
    values
        (?, ?, ?, ?, ?, ?, ?, ?, ?, default)
Hibernate: 
    insert 
    into
        chat_logs
        (bot_response, confidence_score, created_at, question_timestamp, related_chapter_ids, response_timestamp, retrieved_chunks, user_id, user_question, id) 
    values
        (?, ?, ?, ?, ?, ?, ?, ?, ?, default)
Hibernate: 
    insert 
    into
        chat_logs
        (bot_response, confidence_score, created_at, question_timestamp, related_chapter_ids, response_timestamp, retrieved_chunks, user_id, user_question, id) 
    values
        (?, ?, ?, ?, ?, ?, ?, ?, ?, default)
Hibernate: 
    insert 
    into
        chat_logs
        (bot_response, confidence_score, created_at, question_timestamp, related_chapter_ids, response_timestamp, retrieved_chunks, user_id, user_question, id) 
    values
        (?, ?, ?, ?, ?, ?, ?, ?, ?, default)
Hibernate: 
    insert 
    into
        chat_logs
        (bot_response, confidence_score, created_at, question_timestamp, related_chapter_ids, response_timestamp, retrieved_chunks, user_id, user_question, id) 
    values
        (?, ?, ?, ?, ?, ?, ?, ?, ?, default)
Hibernate: 
    insert 
    into
        chat_logs
        (bot_response, confidence_score, created_at, question_timestamp, related_chapter_ids, response_timestamp, retrieved_chunks, user_id, user_question, id) 
    values
        (?, ?, ?, ?, ?, ?, ?, ?, ?, default)
Hibernate: 
    select
        cl1_0.id,
        cl1_0.bot_response,
        cl1_0.confidence_score,
        cl1_0.created_at,
        cl1_0.question_timestamp,
        cl1_0.related_chapter_ids,
        cl1_0.response_timestamp,
        cl1_0.retrieved_chunks,
        cl1_0.user_id,
        cl1_0.user_question 
    from
        chat_logs cl1_0 
    where
        cl1_0.user_id=? 
    order by
        cl1_0.question_timestamp desc 
    fetch
        first ? rows only
Hibernate: 
    select
        count(cl1_0.id) 
    from
        chat_logs cl1_0 
    where
        cl1_0.user_id=?
Hibernate: 
    select
        cl1_0.id,
        cl1_0.bot_response,
        cl1_0.confidence_score,
        cl1_0.created_at,
        cl1_0.question_timestamp,
        cl1_0.related_chapter_ids,
        cl1_0.response_timestamp,
        cl1_0.retrieved_chunks,
        cl1_0.user_id,
        cl1_0.user_question 
    from
        chat_logs cl1_0
Hibernate: 
    insert 
    into
        chat_logs
        (bot_response, confidence_score, created_at, question_timestamp, related_chapter_ids, response_timestamp, retrieved_chunks, user_id, user_question, id) 
    values
        (?, ?, ?, ?, ?, ?, ?, ?, ?, default)
Hibernate: 
    insert 
    into
        chat_logs
        (bot_response, confidence_score, created_at, question_timestamp, related_chapter_ids, response_timestamp, retrieved_chunks, user_id, user_question, id) 
    values
        (?, ?, ?, ?, ?, ?, ?, ?, ?, default)
Hibernate: 
    insert 
    into
        chat_logs
        (bot_response, confidence_score, created_at, question_timestamp, related_chapter_ids, response_timestamp, retrieved_chunks, user_id, user_question, id) 
    values
        (?, ?, ?, ?, ?, ?, ?, ?, ?, default)
Hibernate: 
    insert 
    into
        chat_logs
        (bot_response, confidence_score, created_at, question_timestamp, related_chapter_ids, response_timestamp, retrieved_chunks, user_id, user_question, id) 
    values
        (?, ?, ?, ?, ?, ?, ?, ?, ?, default)
Hibernate: 
    insert 
    into
        chat_logs
        (bot_response, confidence_score, created_at, question_timestamp, related_chapter_ids, response_timestamp, retrieved_chunks, user_id, user_question, id) 
    values
        (?, ?, ?, ?, ?, ?, ?, ?, ?, default)
Hibernate: 
    insert 
    into
        chat_logs
        (bot_response, confidence_score, created_at, question_timestamp, related_chapter_ids, response_timestamp, retrieved_chunks, user_id, user_question, id) 
    values
        (?, ?, ?, ?, ?, ?, ?, ?, ?, default)
Hibernate: 
    insert 
    into
        chat_logs
        (bot_response, confidence_score, created_at, question_timestamp, related_chapter_ids, response_timestamp, retrieved_chunks, user_id, user_question, id) 
    values
        (?, ?, ?, ?, ?, ?, ?, ?, ?, default)
Hibernate: 
    insert 
    into
        chat_logs
        (bot_response, confidence_score, created_at, question_timestamp, related_chapter_ids, response_timestamp, retrieved_chunks, user_id, user_question, id) 
    values
        (?, ?, ?, ?, ?, ?, ?, ?, ?, default)
Hibernate: 
    insert 
    into
        chat_logs
        (bot_response, confidence_score, created_at, question_timestamp, related_chapter_ids, response_timestamp, retrieved_chunks, user_id, user_question, id) 
    values
        (?, ?, ?, ?, ?, ?, ?, ?, ?, default)
Hibernate: 
    insert 
    into
        chat_logs
        (bot_response, confidence_score, created_at, question_timestamp, related_chapter_ids, response_timestamp, retrieved_chunks, user_id, user_question, id) 
    values
        (?, ?, ?, ?, ?, ?, ?, ?, ?, default)
Hibernate: 
    select
        cl1_0.id,
        cl1_0.bot_response,
        cl1_0.confidence_score,
        cl1_0.created_at,
        cl1_0.question_timestamp,
        cl1_0.related_chapter_ids,
        cl1_0.response_timestamp,
        cl1_0.retrieved_chunks,
        cl1_0.user_id,
        cl1_0.user_question 
    from
        chat_logs cl1_0 
    where
        cl1_0.user_id=? 
    order by
        cl1_0.question_timestamp desc 
    fetch
        first ? rows only
Hibernate: 
    select
        count(cl1_0.id) 
    from
        chat_logs cl1_0 
    where
        cl1_0.user_id=?
Hibernate: 
    select
        cl1_0.id,
        cl1_0.bot_response,
        cl1_0.confidence_score,
        cl1_0.created_at,
        cl1_0.question_timestamp,
        cl1_0.related_chapter_ids,
        cl1_0.response_timestamp,
        cl1_0.retrieved_chunks,
        cl1_0.user_id,
        cl1_0.user_question 
    from
        chat_logs cl1_0
Hibernate: 
    insert 
    into
        chat_logs
        (bot_response, confidence_score, created_at, question_timestamp, related_chapter_ids, response_timestamp, retrieved_chunks, user_id, user_question, id) 
    values
        (?, ?, ?, ?, ?, ?, ?, ?, ?, default)
Hibernate: 
    insert 
    into
        chat_logs
        (bot_response, confidence_score, created_at, question_timestamp, related_chapter_ids, response_timestamp, retrieved_chunks, user_id, user_question, id) 
    values
        (?, ?, ?, ?, ?, ?, ?, ?, ?, default)
Hibernate: 
    insert 
    into
        chat_logs
        (bot_response, confidence_score, created_at, question_timestamp, related_chapter_ids, response_timestamp, retrieved_chunks, user_id, user_question, id) 
    values
        (?, ?, ?, ?, ?, ?, ?, ?, ?, default)
Hibernate: 
    insert 
    into
        chat_logs
        (bot_response, confidence_score, created_at, question_timestamp, related_chapter_ids, response_timestamp, retrieved_chunks, user_id, user_question, id) 
    values
        (?, ?, ?, ?, ?, ?, ?, ?, ?, default)
Hibernate: 
    insert 
    into
        chat_logs
        (bot_response, confidence_score, created_at, question_timestamp, related_chapter_ids, response_timestamp, retrieved_chunks, user_id, user_question, id) 
    values
        (?, ?, ?, ?, ?, ?, ?, ?, ?, default)
Hibernate: 
    insert 
    into
        chat_logs
        (bot_response, confidence_score, created_at, question_timestamp, related_chapter_ids, response_timestamp, retrieved_chunks, user_id, user_question, id) 
    values
        (?, ?, ?, ?, ?, ?, ?, ?, ?, default)
Hibernate: 
    insert 
    into
        chat_logs
        (bot_response, confidence_score, created_at, question_timestamp, related_chapter_ids, response_timestamp, retrieved_chunks, user_id, user_question, id) 
    values
        (?, ?, ?, ?, ?, ?, ?, ?, ?, default)
Hibernate: 
    insert 
    into
        chat_logs
        (bot_response, confidence_score, created_at, question_timestamp, related_chapter_ids, response_timestamp, retrieved_chunks, user_id, user_question, id) 
    values
        (?, ?, ?, ?, ?, ?, ?, ?, ?, default)
Hibernate: 
    insert 
    into
        chat_logs
        (bot_response, confidence_score, created_at, question_timestamp, related_chapter_ids, response_timestamp, retrieved_chunks, user_id, user_question, id) 
    values
        (?, ?, ?, ?, ?, ?, ?, ?, ?, default)
Hibernate: 
    insert 
    into
        chat_logs
        (bot_response, confidence_score, created_at, question_timestamp, related_chapter_ids, response_timestamp, retrieved_chunks, user_id, user_question, id) 
    values
        (?, ?, ?, ?, ?, ?, ?, ?, ?, default)
Hibernate: 
    insert 
    into
        chat_logs
        (bot_response, confidence_score, created_at, question_timestamp, related_chapter_ids, response_timestamp, retrieved_chunks, user_id, user_question, id) 
    values
        (?, ?, ?, ?, ?, ?, ?, ?, ?, default)
Hibernate: 
    insert 
    into
        chat_logs
        (bot_response, confidence_score, created_at, question_timestamp, related_chapter_ids, response_timestamp, retrieved_chunks, user_id, user_question, id) 
    values
        (?, ?, ?, ?, ?, ?, ?, ?, ?, default)
Hibernate: 
    insert 
    into
        chat_logs
        (bot_response, confidence_score, created_at, question_timestamp, related_chapter_ids, response_timestamp, retrieved_chunks, user_id, user_question, id) 
    values
        (?, ?, ?, ?, ?, ?, ?, ?, ?, default)
Hibernate: 
    insert 
    into
        chat_logs
        (bot_response, confidence_score, created_at, question_timestamp, related_chapter_ids, response_timestamp, retrieved_chunks, user_id, user_question, id) 
    values
        (?, ?, ?, ?, ?, ?, ?, ?, ?, default)
Hibernate: 
    insert 
    into
        chat_logs
        (bot_response, confidence_score, created_at, question_timestamp, related_chapter_ids, response_timestamp, retrieved_chunks, user_id, user_question, id) 
    values
        (?, ?, ?, ?, ?, ?, ?, ?, ?, default)
Hibernate: 
    insert 
    into
        chat_logs
        (bot_response, confidence_score, created_at, question_timestamp, related_chapter_ids, response_timestamp, retrieved_chunks, user_id, user_question, id) 
    values
        (?, ?, ?, ?, ?, ?, ?, ?, ?, default)
Hibernate: 
    insert 
    into
        chat_logs
        (bot_response, confidence_score, created_at, question_timestamp, related_chapter_ids, response_timestamp, retrieved_chunks, user_id, user_question, id) 
    values
        (?, ?, ?, ?, ?, ?, ?, ?, ?, default)
Hibernate: 
    insert 
    into
        chat_logs
        (bot_response, confidence_score, created_at, question_timestamp, related_chapter_ids, response_timestamp, retrieved_chunks, user_id, user_question, id) 
    values
        (?, ?, ?, ?, ?, ?, ?, ?, ?, default)
Hibernate: 
    insert 
    into
        chat_logs
        (bot_response, confidence_score, created_at, question_timestamp, related_chapter_ids, response_timestamp, retrieved_chunks, user_id, user_question, id) 
    values
        (?, ?, ?, ?, ?, ?, ?, ?, ?, default)
Hibernate: 
    insert 
    into
        chat_logs
        (bot_response, confidence_score, created_at, question_timestamp, related_chapter_ids, response_timestamp, retrieved_chunks, user_id, user_question, id) 
    values
        (?, ?, ?, ?, ?, ?, ?, ?, ?, default)
Hibernate: 
    insert 
    into
        chat_logs
        (bot_response, confidence_score, created_at, question_timestamp, related_chapter_ids, response_timestamp, retrieved_chunks, user_id, user_question, id) 
    values
        (?, ?, ?, ?, ?, ?, ?, ?, ?, default)
Hibernate: 
    insert 
    into
        chat_logs
        (bot_response, confidence_score, created_at, question_timestamp, related_chapter_ids, response_timestamp, retrieved_chunks, user_id, user_question, id) 
    values
        (?, ?, ?, ?, ?, ?, ?, ?, ?, default)
Hibernate: 
    insert 
    into
        chat_logs
        (bot_response, confidence_score, created_at, question_timestamp, related_chapter_ids, response_timestamp, retrieved_chunks, user_id, user_question, id) 
    values
        (?, ?, ?, ?, ?, ?, ?, ?, ?, default)
Hibernate: 
    insert 
    into
        chat_logs
        (bot_response, confidence_score, created_at, question_timestamp, related_chapter_ids, response_timestamp, retrieved_chunks, user_id, user_question, id) 
    values
        (?, ?, ?, ?, ?, ?, ?, ?, ?, default)
Hibernate: 
    insert 
    into
        chat_logs
        (bot_response, confidence_score, created_at, question_timestamp, related_chapter_ids, response_timestamp, retrieved_chunks, user_id, user_question, id) 
    values
        (?, ?, ?, ?, ?, ?, ?, ?, ?, default)
Hibernate: 
    select
        cl1_0.id,
        cl1_0.bot_response,
        cl1_0.confidence_score,
        cl1_0.created_at,
        cl1_0.question_timestamp,
        cl1_0.related_chapter_ids,
        cl1_0.response_timestamp,
        cl1_0.retrieved_chunks,
        cl1_0.user_id,
        cl1_0.user_question 
    from
        chat_logs cl1_0 
    where
        cl1_0.user_id=? 
    order by
        cl1_0.question_timestamp desc 
    fetch
        first ? rows only
Hibernate: 
    select
        count(cl1_0.id) 
    from
        chat_logs cl1_0 
    where
        cl1_0.user_id=?
Hibernate: 
    select
        cl1_0.id,
        cl1_0.bot_response,
        cl1_0.confidence_score,
        cl1_0.created_at,
        cl1_0.question_timestamp,
        cl1_0.related_chapter_ids,
        cl1_0.response_timestamp,
        cl1_0.retrieved_chunks,
        cl1_0.user_id,
        cl1_0.user_question 
    from
        chat_logs cl1_0
Hibernate: 
    insert 
    into
        chat_logs
        (bot_response, confidence_score, created_at, question_timestamp, related_chapter_ids, response_timestamp, retrieved_chunks, user_id, user_question, id) 
    values
        (?, ?, ?, ?, ?, ?, ?, ?, ?, default)
Hibernate: 
    insert 
    into
        chat_logs
        (bot_response, confidence_score, created_at, question_timestamp, related_chapter_ids, response_timestamp, retrieved_chunks, user_id, user_question, id) 
    values
        (?, ?, ?, ?, ?, ?, ?, ?, ?, default)
Hibernate: 
    insert 
    into
        chat_logs
        (bot_response, confidence_score, created_at, question_timestamp, related_chapter_ids, response_timestamp, retrieved_chunks, user_id, user_question, id) 
    values
        (?, ?, ?, ?, ?, ?, ?, ?, ?, default)
Hibernate: 
    insert 
    into
        chat_logs
        (bot_response, confidence_score, created_at, question_timestamp, related_chapter_ids, response_timestamp, retrieved_chunks, user_id, user_question, id) 
    values
        (?, ?, ?, ?, ?, ?, ?, ?, ?, default)
Hibernate: 
    insert 
    into
        chat_logs
        (bot_response, confidence_score, created_at, question_timestamp, related_chapter_ids, response_timestamp, retrieved_chunks, user_id, user_question, id) 
    values
        (?, ?, ?, ?, ?, ?, ?, ?, ?, default)
Hibernate: 
    insert 
    into
        chat_logs
        (bot_response, confidence_score, created_at, question_timestamp, related_chapter_ids, response_timestamp, retrieved_chunks, user_id, user_question, id) 
    values
        (?, ?, ?, ?, ?, ?, ?, ?, ?, default)
Hibernate: 
    insert 
    into
        chat_logs
        (bot_response, confidence_score, created_at, question_timestamp, related_chapter_ids, response_timestamp, retrieved_chunks, user_id, user_question, id) 
    values
        (?, ?, ?, ?, ?, ?, ?, ?, ?, default)
Hibernate: 
    insert 
    into
        chat_logs
        (bot_response, confidence_score, created_at, question_timestamp, related_chapter_ids, response_timestamp, retrieved_chunks, user_id, user_question, id) 
    values
        (?, ?, ?, ?, ?, ?, ?, ?, ?, default)
Hibernate: 
    insert 
    into
        chat_logs
        (bot_response, confidence_score, created_at, question_timestamp, related_chapter_ids, response_timestamp, retrieved_chunks, user_id, user_question, id) 
    values
        (?, ?, ?, ?, ?, ?, ?, ?, ?, default)
Hibernate: 
    insert 
    into
        chat_logs
        (bot_response, confidence_score, created_at, question_timestamp, related_chapter_ids, response_timestamp, retrieved_chunks, user_id, user_question, id) 
    values
        (?, ?, ?, ?, ?, ?, ?, ?, ?, default)
Hibernate: 
    select
        cl1_0.id,
        cl1_0.bot_response,
        cl1_0.confidence_score,
        cl1_0.created_at,
        cl1_0.question_timestamp,
        cl1_0.related_chapter_ids,
        cl1_0.response_timestamp,
        cl1_0.retrieved_chunks,
        cl1_0.user_id,
        cl1_0.user_question 
    from
        chat_logs cl1_0 
    where
        cl1_0.user_id=? 
    order by
        cl1_0.question_timestamp desc 
    fetch
        first ? rows only
[INFO] Tests run: 9, Failures: 0, Errors: 0, Skipped: 0, Time elapsed: 3.235 s -- in com.dsaplatform.repository.ChatLogRepositoryPropertyTest
[INFO] Running com.dsaplatform.service.AuthServiceTest
[ERROR] Tests run: 2, Failures: 0, Errors: 1, Skipped: 0, Time elapsed: 0.786 s <<< FAILURE! -- in com.dsaplatform.service.AuthServiceTest
[ERROR] com.dsaplatform.service.AuthServiceTest.testRegister_EmailExists -- Time elapsed: 0.770 s <<< ERROR!
org.mockito.exceptions.misusing.UnnecessaryStubbingException: 

Unnecessary stubbings detected.
Clean & maintainable test code requires zero unnecessary code.
Following stubbings are unnecessary (click to navigate to relevant line of code):
  1. -> at com.dsaplatform.service.AuthServiceTest.setUp(AuthServiceTest.java:61)
Please remove unnecessary stubbings or use 'lenient' strictness. More info: javadoc for UnnecessaryStubbingException class.
	at org.mockito.junit.jupiter.MockitoExtension.afterEach(MockitoExtension.java:197)
	at java.base/java.util.ArrayList.forEach(ArrayList.java:1596)
	at java.base/java.util.ArrayList.forEach(ArrayList.java:1596)

[INFO] Running com.dsaplatform.service.ChatServicePropertyTest
2026-01-18 14:29:18 - Could not detect default configuration classes for test class [com.dsaplatform.service.ChatServicePropertyTest]: ChatServicePropertyTest does not declare any static, non-private, non-final, nested classes annotated with @Configuration.
2026-01-18 14:29:18 - Found @SpringBootConfiguration com.dsaplatform.DsaLearningPlatformApplication for test class com.dsaplatform.service.ChatServicePropertyTest
2026-01-18 14:29:18 - Initialized Dotenv with DotenvConfig{directory=null, filename=null, ignoreIfMalformed=false, ignoreIfMissing=true, systemProperties=false, prefix=null}

  .   ____          _            __ _ _
 /\\ / ___'_ __ _ _(_)_ __  __ _ \ \ \ \
( ( )\___ | '_ | '_| | '_ \/ _` | \ \ \ \
 \\/  ___)| |_)| | | | | || (_| |  ) ) ) )
  '  |____| .__|_| |_|_| |_\__, | / / / /
 =========|_|==============|___/=/_/_/_/

 :: Spring Boot ::                (v3.4.1)

2026-01-18 14:29:18 - Starting ChatServicePropertyTest using Java 21.0.9 with PID 1172 (started by PC in D:\Proj\Dsa\backend)
2026-01-18 14:29:18 - Running with Spring Boot v3.4.1, Spring v6.2.1
2026-01-18 14:29:18 - The following 1 profile is active: "test"
2026-01-18 14:29:19 - Bootstrapping Spring Data JPA repositories in DEFAULT mode.
2026-01-18 14:29:19 - Finished Spring Data repository scanning in 68 ms. Found 10 JPA repository interfaces.
2026-01-18 14:29:19 - HHH000204: Processing PersistenceUnitInfo [name: default]
2026-01-18 14:29:19 - HHH000026: Second-level cache disabled
2026-01-18 14:29:19 - No LoadTimeWeaver setup: ignoring JPA class transformer
2026-01-18 14:29:19 - HikariPool-2 - Starting...
2026-01-18 14:29:19 - HikariPool-2 - Added connection conn23: url=jdbc:h2:mem:testdb user=SA
2026-01-18 14:29:19 - HikariPool-2 - Start completed.
2026-01-18 14:29:19 - HHH90000025: H2Dialect does not need to be specified explicitly using 'hibernate.dialect' (remove the property setting and it will be selected by default)
2026-01-18 14:29:19 - HHH10001005: Database info:
	Database JDBC URL [Connecting through datasource 'HikariDataSource (HikariPool-2)']
	Database driver: undefined/unknown
	Database version: 2.3.232
	Autocommit mode: undefined/unknown
	Isolation level: undefined/unknown
	Minimum pool size: undefined/unknown
	Maximum pool size: undefined/unknown
2026-01-18 14:29:20 - HHH000489: No JTA platform available (set 'hibernate.transaction.jta.platform' to enable JTA platform integration)
Hibernate: 
    drop table if exists badges cascade 
Hibernate: 
    drop table if exists chapters cascade 
Hibernate: 
    drop table if exists chat_logs cascade 
Hibernate: 
    drop table if exists courses cascade 
Hibernate: 
    drop table if exists lesson_embeddings cascade 
Hibernate: 
    drop table if exists lesson_progress cascade 
Hibernate: 
    drop table if exists lessons cascade 
Hibernate: 
    drop table if exists notes cascade 
Hibernate: 
    drop table if exists user_badges cascade 
Hibernate: 
    drop table if exists users cascade 
Hibernate: 
    create table badges (
        created_at timestamp(6) not null,
        id bigint generated by default as identity,
        updated_at timestamp(6),
        icon varchar(10),
        name varchar(100) not null unique,
        description varchar(500),
        rarity enum ('COMMON','EPIC','LEGENDARY','RARE') not null,
        primary key (id)
    )
Hibernate: 
    create table chapters (
        chapter_order integer not null,
        course_id bigint not null,
        created_at timestamp(6) not null,
        id bigint generated by default as identity,
        updated_at timestamp(6),
        title varchar(200) not null,
        description varchar(1000),
        primary key (id)
    )
Hibernate: 
    create table chat_logs (
        confidence_score numeric(5,4),
        retrieved_chunks integer,
        created_at timestamp(6) not null,
        id bigint generated by default as identity,
        question_timestamp timestamp(6) not null,
        response_timestamp timestamp(6),
        user_id bigint not null,
        bot_response TEXT,
        related_chapter_ids TEXT,
        user_question TEXT not null,
        primary key (id)
    )
Hibernate: 
    create table courses (
        duration integer not null,
        created_at timestamp(6) not null,
        id bigint generated by default as identity,
        updated_at timestamp(6),
        title varchar(200) not null,
        thumbnail varchar(500),
        description varchar(1000),
        difficulty enum ('ADVANCED','BEGINNER','INTERMEDIATE') not null,
        primary key (id)
    )
Hibernate: 
    create table lesson_embeddings (
        chunk_index integer,
        created_at timestamp(6) not null,
        id bigint generated by default as identity,
        lesson_id bigint not null,
        chunk_text varchar(2000),
        embedding TEXT,
        primary key (id)
    )
Hibernate: 
    create table lesson_progress (
        completed boolean not null,
        completed_at timestamp(6),
        created_at timestamp(6) not null,
        id bigint generated by default as identity,
        lesson_id bigint not null,
        updated_at timestamp(6),
        user_id bigint not null,
        primary key (id),
        unique (user_id, lesson_id)
    )
Hibernate: 
    create table lessons (
        duration integer not null,
        lesson_order integer not null,
        chapter_id bigint not null,
        created_at timestamp(6) not null,
        id bigint generated by default as identity,
        updated_at timestamp(6),
        title varchar(200) not null,
        content TEXT,
        primary key (id)
    )
Hibernate: 
    create table notes (
        created_at timestamp(6) not null,
        id bigint generated by default as identity,
        lesson_id bigint,
        updated_at timestamp(6),
        user_id bigint not null,
        title varchar(200) not null,
        content TEXT,
        primary key (id)
    )
Hibernate: 
    create table user_badges (
        badge_id bigint not null,
        earned_at timestamp(6) not null,
        id bigint generated by default as identity,
        user_id bigint not null,
        primary key (id),
        unique (user_id, badge_id)
    )
Hibernate: 
    create table users (
        level integer not null,
        points integer not null,
        streak integer not null,
        created_at timestamp(6) not null,
        id bigint generated by default as identity,
        last_activity_date timestamp(6),
        updated_at timestamp(6),
        username varchar(50) not null unique,
        avatar varchar(500),
        email varchar(255) not null unique,
        password varchar(255) not null,
        role enum ('ADMIN','STUDENT') not null,
        primary key (id)
    )
Hibernate: 
    alter table if exists chapters 
       add constraint FK6h1m0nrtdwj37570c0sp2tdcs 
       foreign key (course_id) 
       references courses
Hibernate: 
    alter table if exists lesson_embeddings 
       add constraint FKqrgqipxxna7k8m9p4o08ck01p 
       foreign key (lesson_id) 
       references lessons
Hibernate: 
    alter table if exists lesson_progress 
       add constraint FKqwr70bkn0j6gok1y4op9jns8y 
       foreign key (lesson_id) 
       references lessons
Hibernate: 
    alter table if exists lesson_progress 
       add constraint FKhxwj6gbacmwi2768sceg602uf 
       foreign key (user_id) 
       references users
Hibernate: 
    alter table if exists lessons 
       add constraint FKmb78vk1f2oljr16oj1hpo45ma 
       foreign key (chapter_id) 
       references chapters
Hibernate: 
    alter table if exists notes 
       add constraint FK3xenqmacuiqjq2lnhmtojavp7 
       foreign key (lesson_id) 
       references lessons
Hibernate: 
    alter table if exists notes 
       add constraint FKechaouoa6kus6k1dpix1u91c 
       foreign key (user_id) 
       references users
Hibernate: 
    alter table if exists user_badges 
       add constraint FKk6e00pguaij0uke6xr81gt045 
       foreign key (badge_id) 
       references badges
Hibernate: 
    alter table if exists user_badges 
       add constraint FKr46ah81sjymsn035m4ojstn5s 
       foreign key (user_id) 
       references users
2026-01-18 14:29:20 - Initialized JPA EntityManagerFactory for persistence unit 'default'
2026-01-18 14:29:20 - Global AuthenticationManager configured with AuthenticationProvider bean with name authenticationProvider
2026-01-18 14:29:20 - Global AuthenticationManager configured with an AuthenticationProvider bean. UserDetailsService beans will not be used by Spring Security for automatically configuring username/password login. Consider removing the AuthenticationProvider bean. Alternatively, consider using the UserDetailsService in a manually instantiated DaoAuthenticationProvider. If the current configuration is intentional, to turn off this warning, increase the logging level of 'org.springframework.security.config.annotation.authentication.configuration.InitializeUserDetailsBeanManagerConfigurer' to ERROR
2026-01-18 14:29:20 - spring.jpa.open-in-view is enabled by default. Therefore, database queries may be performed during view rendering. Explicitly configure spring.jpa.open-in-view to disable this warning
2026-01-18 14:29:21 - H2 console available at '/h2-console'. Database available at 'jdbc:h2:mem:testdb'
2026-01-18 14:29:21 - Started ChatServicePropertyTest in 3.17 seconds (process running for 37.403)
Hibernate: 
    select
        cl1_0.id,
        cl1_0.bot_response,
        cl1_0.confidence_score,
        cl1_0.created_at,
        cl1_0.question_timestamp,
        cl1_0.related_chapter_ids,
        cl1_0.response_timestamp,
        cl1_0.retrieved_chunks,
        cl1_0.user_id,
        cl1_0.user_question 
    from
        chat_logs cl1_0
Hibernate: 
    select
        le1_0.id,
        le1_0.chunk_index,
        le1_0.chunk_text,
        le1_0.created_at,
        le1_0.embedding,
        le1_0.lesson_id 
    from
        lesson_embeddings le1_0
Hibernate: 
    select
        l1_0.id,
        l1_0.chapter_id,
        l1_0.content,
        l1_0.created_at,
        l1_0.duration,
        l1_0.lesson_order,
        l1_0.title,
        l1_0.updated_at 
    from
        lessons l1_0
Hibernate: 
    select
        c1_0.id,
        c1_0.course_id,
        c1_0.created_at,
        c1_0.description,
        c1_0.chapter_order,
        c1_0.title,
        c1_0.updated_at 
    from
        chapters c1_0
Hibernate: 
    select
        c1_0.id,
        c1_0.created_at,
        c1_0.description,
        c1_0.difficulty,
        c1_0.duration,
        c1_0.thumbnail,
        c1_0.title,
        c1_0.updated_at 
    from
        courses c1_0
Hibernate: 
    select
        u1_0.id,
        u1_0.avatar,
        u1_0.created_at,
        u1_0.email,
        u1_0.last_activity_date,
        u1_0.level,
        u1_0.password,
        u1_0.points,
        u1_0.role,
        u1_0.streak,
        u1_0.updated_at,
        u1_0.username 
    from
        users u1_0
Hibernate: 
    insert 
    into
        users
        (avatar, created_at, email, last_activity_date, level, password, points, role, streak, updated_at, username, id) 
    values
        (?, ?, ?, ?, ?, ?, ?, ?, ?, ?, ?, default)
Hibernate: 
    insert 
    into
        courses
        (created_at, description, difficulty, duration, thumbnail, title, updated_at, id) 
    values
        (?, ?, ?, ?, ?, ?, ?, default)
Hibernate: 
    insert 
    into
        chapters
        (course_id, created_at, description, chapter_order, title, updated_at, id) 
    values
        (?, ?, ?, ?, ?, ?, default)
Hibernate: 
    insert 
    into
        lessons
        (chapter_id, content, created_at, duration, lesson_order, title, updated_at, id) 
    values
        (?, ?, ?, ?, ?, ?, ?, default)
Hibernate: 
    select
        count(*) 
    from
        chat_logs cl1_0
2026-01-18 14:29:21 - Processing question for user 1: What is an array?
Hibernate: 
    insert 
    into
        chat_logs
        (bot_response, confidence_score, created_at, question_timestamp, related_chapter_ids, response_timestamp, retrieved_chunks, user_id, user_question, id) 
    values
        (?, ?, ?, ?, ?, ?, ?, ?, ?, default)
Hibernate: 
    select
        le1_0.id,
        le1_0.chunk_index,
        le1_0.chunk_text,
        le1_0.created_at,
        le1_0.embedding,
        le1_0.lesson_id 
    from
        lesson_embeddings le1_0 
    where
        le1_0.embedding is not null
2026-01-18 14:29:22 - Retrieved 0 similar chunks for question
2026-01-18 14:29:22 - Updated chat log 1 with response
Hibernate: 
    update
        chat_logs 
    set
        bot_response=?,
        confidence_score=?,
        question_timestamp=?,
        related_chapter_ids=?,
        response_timestamp=?,
        retrieved_chunks=?,
        user_id=?,
        user_question=? 
    where
        id=?
Hibernate: 
    select
        count(*) 
    from
        chat_logs cl1_0
Hibernate: 
    select
        cl1_0.id,
        cl1_0.bot_response,
        cl1_0.confidence_score,
        cl1_0.created_at,
        cl1_0.question_timestamp,
        cl1_0.related_chapter_ids,
        cl1_0.response_timestamp,
        cl1_0.retrieved_chunks,
        cl1_0.user_id,
        cl1_0.user_question 
    from
        chat_logs cl1_0
Hibernate: 
    select
        cl1_0.id,
        cl1_0.bot_response,
        cl1_0.confidence_score,
        cl1_0.created_at,
        cl1_0.question_timestamp,
        cl1_0.related_chapter_ids,
        cl1_0.response_timestamp,
        cl1_0.retrieved_chunks,
        cl1_0.user_id,
        cl1_0.user_question 
    from
        chat_logs cl1_0
Hibernate: 
    select
        le1_0.id,
        le1_0.chunk_index,
        le1_0.chunk_text,
        le1_0.created_at,
        le1_0.embedding,
        le1_0.lesson_id 
    from
        lesson_embeddings le1_0
Hibernate: 
    select
        l1_0.id,
        l1_0.chapter_id,
        l1_0.content,
        l1_0.created_at,
        l1_0.duration,
        l1_0.lesson_order,
        l1_0.title,
        l1_0.updated_at 
    from
        lessons l1_0
Hibernate: 
    select
        c1_0.id,
        c1_0.course_id,
        c1_0.created_at,
        c1_0.description,
        c1_0.chapter_order,
        c1_0.title,
        c1_0.updated_at 
    from
        chapters c1_0
Hibernate: 
    select
        c1_0.id,
        c1_0.created_at,
        c1_0.description,
        c1_0.difficulty,
        c1_0.duration,
        c1_0.thumbnail,
        c1_0.title,
        c1_0.updated_at 
    from
        courses c1_0
Hibernate: 
    select
        u1_0.id,
        u1_0.avatar,
        u1_0.created_at,
        u1_0.email,
        u1_0.last_activity_date,
        u1_0.level,
        u1_0.password,
        u1_0.points,
        u1_0.role,
        u1_0.streak,
        u1_0.updated_at,
        u1_0.username 
    from
        users u1_0
Hibernate: 
    insert 
    into
        users
        (avatar, created_at, email, last_activity_date, level, password, points, role, streak, updated_at, username, id) 
    values
        (?, ?, ?, ?, ?, ?, ?, ?, ?, ?, ?, default)
Hibernate: 
    insert 
    into
        courses
        (created_at, description, difficulty, duration, thumbnail, title, updated_at, id) 
    values
        (?, ?, ?, ?, ?, ?, ?, default)
Hibernate: 
    insert 
    into
        chapters
        (course_id, created_at, description, chapter_order, title, updated_at, id) 
    values
        (?, ?, ?, ?, ?, ?, default)
Hibernate: 
    insert 
    into
        lessons
        (chapter_id, content, created_at, duration, lesson_order, title, updated_at, id) 
    values
        (?, ?, ?, ?, ?, ?, ?, default)
Hibernate: 
    select
        count(*) 
    from
        chat_logs cl1_0
2026-01-18 14:29:22 - Processing question for user 2: Explain binary trees
Hibernate: 
    insert 
    into
        chat_logs
        (bot_response, confidence_score, created_at, question_timestamp, related_chapter_ids, response_timestamp, retrieved_chunks, user_id, user_question, id) 
    values
        (?, ?, ?, ?, ?, ?, ?, ?, ?, default)
Hibernate: 
    select
        le1_0.id,
        le1_0.chunk_index,
        le1_0.chunk_text,
        le1_0.created_at,
        le1_0.embedding,
        le1_0.lesson_id 
    from
        lesson_embeddings le1_0 
    where
        le1_0.embedding is not null
2026-01-18 14:29:22 - Retrieved 0 similar chunks for question
2026-01-18 14:29:22 - Updated chat log 2 with response
Hibernate: 
    update
        chat_logs 
    set
        bot_response=?,
        confidence_score=?,
        question_timestamp=?,
        related_chapter_ids=?,
        response_timestamp=?,
        retrieved_chunks=?,
        user_id=?,
        user_question=? 
    where
        id=?
Hibernate: 
    select
        count(*) 
    from
        chat_logs cl1_0
Hibernate: 
    select
        cl1_0.id,
        cl1_0.bot_response,
        cl1_0.confidence_score,
        cl1_0.created_at,
        cl1_0.question_timestamp,
        cl1_0.related_chapter_ids,
        cl1_0.response_timestamp,
        cl1_0.retrieved_chunks,
        cl1_0.user_id,
        cl1_0.user_question 
    from
        chat_logs cl1_0
Hibernate: 
    select
        cl1_0.id,
        cl1_0.bot_response,
        cl1_0.confidence_score,
        cl1_0.created_at,
        cl1_0.question_timestamp,
        cl1_0.related_chapter_ids,
        cl1_0.response_timestamp,
        cl1_0.retrieved_chunks,
        cl1_0.user_id,
        cl1_0.user_question 
    from
        chat_logs cl1_0
Hibernate: 
    select
        le1_0.id,
        le1_0.chunk_index,
        le1_0.chunk_text,
        le1_0.created_at,
        le1_0.embedding,
        le1_0.lesson_id 
    from
        lesson_embeddings le1_0
Hibernate: 
    select
        l1_0.id,
        l1_0.chapter_id,
        l1_0.content,
        l1_0.created_at,
        l1_0.duration,
        l1_0.lesson_order,
        l1_0.title,
        l1_0.updated_at 
    from
        lessons l1_0
Hibernate: 
    select
        c1_0.id,
        c1_0.course_id,
        c1_0.created_at,
        c1_0.description,
        c1_0.chapter_order,
        c1_0.title,
        c1_0.updated_at 
    from
        chapters c1_0
Hibernate: 
    select
        c1_0.id,
        c1_0.created_at,
        c1_0.description,
        c1_0.difficulty,
        c1_0.duration,
        c1_0.thumbnail,
        c1_0.title,
        c1_0.updated_at 
    from
        courses c1_0
Hibernate: 
    select
        u1_0.id,
        u1_0.avatar,
        u1_0.created_at,
        u1_0.email,
        u1_0.last_activity_date,
        u1_0.level,
        u1_0.password,
        u1_0.points,
        u1_0.role,
        u1_0.streak,
        u1_0.updated_at,
        u1_0.username 
    from
        users u1_0
Hibernate: 
    insert 
    into
        users
        (avatar, created_at, email, last_activity_date, level, password, points, role, streak, updated_at, username, id) 
    values
        (?, ?, ?, ?, ?, ?, ?, ?, ?, ?, ?, default)
Hibernate: 
    insert 
    into
        courses
        (created_at, description, difficulty, duration, thumbnail, title, updated_at, id) 
    values
        (?, ?, ?, ?, ?, ?, ?, default)
Hibernate: 
    insert 
    into
        chapters
        (course_id, created_at, description, chapter_order, title, updated_at, id) 
    values
        (?, ?, ?, ?, ?, ?, default)
Hibernate: 
    insert 
    into
        lessons
        (chapter_id, content, created_at, duration, lesson_order, title, updated_at, id) 
    values
        (?, ?, ?, ?, ?, ?, ?, default)
Hibernate: 
    select
        count(*) 
    from
        chat_logs cl1_0
2026-01-18 14:29:22 - Processing question for user 3: How does quicksort work?
Hibernate: 
    insert 
    into
        chat_logs
        (bot_response, confidence_score, created_at, question_timestamp, related_chapter_ids, response_timestamp, retrieved_chunks, user_id, user_question, id) 
    values
        (?, ?, ?, ?, ?, ?, ?, ?, ?, default)
Hibernate: 
    select
        le1_0.id,
        le1_0.chunk_index,
        le1_0.chunk_text,
        le1_0.created_at,
        le1_0.embedding,
        le1_0.lesson_id 
    from
        lesson_embeddings le1_0 
    where
        le1_0.embedding is not null
2026-01-18 14:29:22 - Retrieved 0 similar chunks for question
2026-01-18 14:29:22 - Updated chat log 3 with response
Hibernate: 
    update
        chat_logs 
    set
        bot_response=?,
        confidence_score=?,
        question_timestamp=?,
        related_chapter_ids=?,
        response_timestamp=?,
        retrieved_chunks=?,
        user_id=?,
        user_question=? 
    where
        id=?
Hibernate: 
    select
        count(*) 
    from
        chat_logs cl1_0
Hibernate: 
    select
        cl1_0.id,
        cl1_0.bot_response,
        cl1_0.confidence_score,
        cl1_0.created_at,
        cl1_0.question_timestamp,
        cl1_0.related_chapter_ids,
        cl1_0.response_timestamp,
        cl1_0.retrieved_chunks,
        cl1_0.user_id,
        cl1_0.user_question 
    from
        chat_logs cl1_0
Hibernate: 
    select
        cl1_0.id,
        cl1_0.bot_response,
        cl1_0.confidence_score,
        cl1_0.created_at,
        cl1_0.question_timestamp,
        cl1_0.related_chapter_ids,
        cl1_0.response_timestamp,
        cl1_0.retrieved_chunks,
        cl1_0.user_id,
        cl1_0.user_question 
    from
        chat_logs cl1_0
Hibernate: 
    select
        le1_0.id,
        le1_0.chunk_index,
        le1_0.chunk_text,
        le1_0.created_at,
        le1_0.embedding,
        le1_0.lesson_id 
    from
        lesson_embeddings le1_0
Hibernate: 
    select
        l1_0.id,
        l1_0.chapter_id,
        l1_0.content,
        l1_0.created_at,
        l1_0.duration,
        l1_0.lesson_order,
        l1_0.title,
        l1_0.updated_at 
    from
        lessons l1_0
Hibernate: 
    select
        c1_0.id,
        c1_0.course_id,
        c1_0.created_at,
        c1_0.description,
        c1_0.chapter_order,
        c1_0.title,
        c1_0.updated_at 
    from
        chapters c1_0
Hibernate: 
    select
        c1_0.id,
        c1_0.created_at,
        c1_0.description,
        c1_0.difficulty,
        c1_0.duration,
        c1_0.thumbnail,
        c1_0.title,
        c1_0.updated_at 
    from
        courses c1_0
Hibernate: 
    select
        u1_0.id,
        u1_0.avatar,
        u1_0.created_at,
        u1_0.email,
        u1_0.last_activity_date,
        u1_0.level,
        u1_0.password,
        u1_0.points,
        u1_0.role,
        u1_0.streak,
        u1_0.updated_at,
        u1_0.username 
    from
        users u1_0
Hibernate: 
    insert 
    into
        users
        (avatar, created_at, email, last_activity_date, level, password, points, role, streak, updated_at, username, id) 
    values
        (?, ?, ?, ?, ?, ?, ?, ?, ?, ?, ?, default)
Hibernate: 
    insert 
    into
        courses
        (created_at, description, difficulty, duration, thumbnail, title, updated_at, id) 
    values
        (?, ?, ?, ?, ?, ?, ?, default)
Hibernate: 
    insert 
    into
        chapters
        (course_id, created_at, description, chapter_order, title, updated_at, id) 
    values
        (?, ?, ?, ?, ?, ?, default)
Hibernate: 
    insert 
    into
        lessons
        (chapter_id, content, created_at, duration, lesson_order, title, updated_at, id) 
    values
        (?, ?, ?, ?, ?, ?, ?, default)
Hibernate: 
    select
        count(*) 
    from
        chat_logs cl1_0
2026-01-18 14:29:22 - Processing question for user 4: What is a hash table?
Hibernate: 
    insert 
    into
        chat_logs
        (bot_response, confidence_score, created_at, question_timestamp, related_chapter_ids, response_timestamp, retrieved_chunks, user_id, user_question, id) 
    values
        (?, ?, ?, ?, ?, ?, ?, ?, ?, default)
Hibernate: 
    select
        le1_0.id,
        le1_0.chunk_index,
        le1_0.chunk_text,
        le1_0.created_at,
        le1_0.embedding,
        le1_0.lesson_id 
    from
        lesson_embeddings le1_0 
    where
        le1_0.embedding is not null
2026-01-18 14:29:22 - Retrieved 0 similar chunks for question
2026-01-18 14:29:22 - Updated chat log 4 with response
Hibernate: 
    update
        chat_logs 
    set
        bot_response=?,
        confidence_score=?,
        question_timestamp=?,
        related_chapter_ids=?,
        response_timestamp=?,
        retrieved_chunks=?,
        user_id=?,
        user_question=? 
    where
        id=?
Hibernate: 
    select
        count(*) 
    from
        chat_logs cl1_0
Hibernate: 
    select
        cl1_0.id,
        cl1_0.bot_response,
        cl1_0.confidence_score,
        cl1_0.created_at,
        cl1_0.question_timestamp,
        cl1_0.related_chapter_ids,
        cl1_0.response_timestamp,
        cl1_0.retrieved_chunks,
        cl1_0.user_id,
        cl1_0.user_question 
    from
        chat_logs cl1_0
Hibernate: 
    select
        cl1_0.id,
        cl1_0.bot_response,
        cl1_0.confidence_score,
        cl1_0.created_at,
        cl1_0.question_timestamp,
        cl1_0.related_chapter_ids,
        cl1_0.response_timestamp,
        cl1_0.retrieved_chunks,
        cl1_0.user_id,
        cl1_0.user_question 
    from
        chat_logs cl1_0
Hibernate: 
    select
        le1_0.id,
        le1_0.chunk_index,
        le1_0.chunk_text,
        le1_0.created_at,
        le1_0.embedding,
        le1_0.lesson_id 
    from
        lesson_embeddings le1_0
Hibernate: 
    select
        l1_0.id,
        l1_0.chapter_id,
        l1_0.content,
        l1_0.created_at,
        l1_0.duration,
        l1_0.lesson_order,
        l1_0.title,
        l1_0.updated_at 
    from
        lessons l1_0
Hibernate: 
    select
        c1_0.id,
        c1_0.course_id,
        c1_0.created_at,
        c1_0.description,
        c1_0.chapter_order,
        c1_0.title,
        c1_0.updated_at 
    from
        chapters c1_0
Hibernate: 
    select
        c1_0.id,
        c1_0.created_at,
        c1_0.description,
        c1_0.difficulty,
        c1_0.duration,
        c1_0.thumbnail,
        c1_0.title,
        c1_0.updated_at 
    from
        courses c1_0
Hibernate: 
    select
        u1_0.id,
        u1_0.avatar,
        u1_0.created_at,
        u1_0.email,
        u1_0.last_activity_date,
        u1_0.level,
        u1_0.password,
        u1_0.points,
        u1_0.role,
        u1_0.streak,
        u1_0.updated_at,
        u1_0.username 
    from
        users u1_0
Hibernate: 
    insert 
    into
        users
        (avatar, created_at, email, last_activity_date, level, password, points, role, streak, updated_at, username, id) 
    values
        (?, ?, ?, ?, ?, ?, ?, ?, ?, ?, ?, default)
Hibernate: 
    insert 
    into
        courses
        (created_at, description, difficulty, duration, thumbnail, title, updated_at, id) 
    values
        (?, ?, ?, ?, ?, ?, ?, default)
Hibernate: 
    insert 
    into
        chapters
        (course_id, created_at, description, chapter_order, title, updated_at, id) 
    values
        (?, ?, ?, ?, ?, ?, default)
Hibernate: 
    insert 
    into
        lessons
        (chapter_id, content, created_at, duration, lesson_order, title, updated_at, id) 
    values
        (?, ?, ?, ?, ?, ?, ?, default)
2026-01-18 14:29:22 - Processing question for user 5: What is recursion?
Hibernate: 
    insert 
    into
        chat_logs
        (bot_response, confidence_score, created_at, question_timestamp, related_chapter_ids, response_timestamp, retrieved_chunks, user_id, user_question, id) 
    values
        (?, ?, ?, ?, ?, ?, ?, ?, ?, default)
Hibernate: 
    select
        le1_0.id,
        le1_0.chunk_index,
        le1_0.chunk_text,
        le1_0.created_at,
        le1_0.embedding,
        le1_0.lesson_id 
    from
        lesson_embeddings le1_0 
    where
        le1_0.embedding is not null
2026-01-18 14:29:22 - Retrieved 0 similar chunks for question
2026-01-18 14:29:22 - Updated chat log 5 with response
Hibernate: 
    update
        chat_logs 
    set
        bot_response=?,
        confidence_score=?,
        question_timestamp=?,
        related_chapter_ids=?,
        response_timestamp=?,
        retrieved_chunks=?,
        user_id=?,
        user_question=? 
    where
        id=?
Hibernate: 
    select
        cl1_0.id,
        cl1_0.bot_response,
        cl1_0.confidence_score,
        cl1_0.created_at,
        cl1_0.question_timestamp,
        cl1_0.related_chapter_ids,
        cl1_0.response_timestamp,
        cl1_0.retrieved_chunks,
        cl1_0.user_id,
        cl1_0.user_question 
    from
        chat_logs cl1_0
Hibernate: 
    select
        cl1_0.id,
        cl1_0.bot_response,
        cl1_0.confidence_score,
        cl1_0.created_at,
        cl1_0.question_timestamp,
        cl1_0.related_chapter_ids,
        cl1_0.response_timestamp,
        cl1_0.retrieved_chunks,
        cl1_0.user_id,
        cl1_0.user_question 
    from
        chat_logs cl1_0
Hibernate: 
    select
        le1_0.id,
        le1_0.chunk_index,
        le1_0.chunk_text,
        le1_0.created_at,
        le1_0.embedding,
        le1_0.lesson_id 
    from
        lesson_embeddings le1_0
Hibernate: 
    select
        l1_0.id,
        l1_0.chapter_id,
        l1_0.content,
        l1_0.created_at,
        l1_0.duration,
        l1_0.lesson_order,
        l1_0.title,
        l1_0.updated_at 
    from
        lessons l1_0
Hibernate: 
    select
        c1_0.id,
        c1_0.course_id,
        c1_0.created_at,
        c1_0.description,
        c1_0.chapter_order,
        c1_0.title,
        c1_0.updated_at 
    from
        chapters c1_0
Hibernate: 
    select
        c1_0.id,
        c1_0.created_at,
        c1_0.description,
        c1_0.difficulty,
        c1_0.duration,
        c1_0.thumbnail,
        c1_0.title,
        c1_0.updated_at 
    from
        courses c1_0
Hibernate: 
    select
        u1_0.id,
        u1_0.avatar,
        u1_0.created_at,
        u1_0.email,
        u1_0.last_activity_date,
        u1_0.level,
        u1_0.password,
        u1_0.points,
        u1_0.role,
        u1_0.streak,
        u1_0.updated_at,
        u1_0.username 
    from
        users u1_0
Hibernate: 
    insert 
    into
        users
        (avatar, created_at, email, last_activity_date, level, password, points, role, streak, updated_at, username, id) 
    values
        (?, ?, ?, ?, ?, ?, ?, ?, ?, ?, ?, default)
Hibernate: 
    insert 
    into
        courses
        (created_at, description, difficulty, duration, thumbnail, title, updated_at, id) 
    values
        (?, ?, ?, ?, ?, ?, ?, default)
Hibernate: 
    insert 
    into
        chapters
        (course_id, created_at, description, chapter_order, title, updated_at, id) 
    values
        (?, ?, ?, ?, ?, ?, default)
Hibernate: 
    insert 
    into
        lessons
        (chapter_id, content, created_at, duration, lesson_order, title, updated_at, id) 
    values
        (?, ?, ?, ?, ?, ?, ?, default)
2026-01-18 14:29:23 - Processing question for user 6: Explain graph traversal
Hibernate: 
    insert 
    into
        chat_logs
        (bot_response, confidence_score, created_at, question_timestamp, related_chapter_ids, response_timestamp, retrieved_chunks, user_id, user_question, id) 
    values
        (?, ?, ?, ?, ?, ?, ?, ?, ?, default)
Hibernate: 
    select
        le1_0.id,
        le1_0.chunk_index,
        le1_0.chunk_text,
        le1_0.created_at,
        le1_0.embedding,
        le1_0.lesson_id 
    from
        lesson_embeddings le1_0 
    where
        le1_0.embedding is not null
2026-01-18 14:29:23 - Retrieved 0 similar chunks for question
2026-01-18 14:29:23 - Updated chat log 6 with response
Hibernate: 
    update
        chat_logs 
    set
        bot_response=?,
        confidence_score=?,
        question_timestamp=?,
        related_chapter_ids=?,
        response_timestamp=?,
        retrieved_chunks=?,
        user_id=?,
        user_question=? 
    where
        id=?
Hibernate: 
    select
        cl1_0.id,
        cl1_0.bot_response,
        cl1_0.confidence_score,
        cl1_0.created_at,
        cl1_0.question_timestamp,
        cl1_0.related_chapter_ids,
        cl1_0.response_timestamp,
        cl1_0.retrieved_chunks,
        cl1_0.user_id,
        cl1_0.user_question 
    from
        chat_logs cl1_0
Hibernate: 
    select
        cl1_0.id,
        cl1_0.bot_response,
        cl1_0.confidence_score,
        cl1_0.created_at,
        cl1_0.question_timestamp,
        cl1_0.related_chapter_ids,
        cl1_0.response_timestamp,
        cl1_0.retrieved_chunks,
        cl1_0.user_id,
        cl1_0.user_question 
    from
        chat_logs cl1_0
Hibernate: 
    select
        le1_0.id,
        le1_0.chunk_index,
        le1_0.chunk_text,
        le1_0.created_at,
        le1_0.embedding,
        le1_0.lesson_id 
    from
        lesson_embeddings le1_0
Hibernate: 
    select
        l1_0.id,
        l1_0.chapter_id,
        l1_0.content,
        l1_0.created_at,
        l1_0.duration,
        l1_0.lesson_order,
        l1_0.title,
        l1_0.updated_at 
    from
        lessons l1_0
Hibernate: 
    select
        c1_0.id,
        c1_0.course_id,
        c1_0.created_at,
        c1_0.description,
        c1_0.chapter_order,
        c1_0.title,
        c1_0.updated_at 
    from
        chapters c1_0
Hibernate: 
    select
        c1_0.id,
        c1_0.created_at,
        c1_0.description,
        c1_0.difficulty,
        c1_0.duration,
        c1_0.thumbnail,
        c1_0.title,
        c1_0.updated_at 
    from
        courses c1_0
Hibernate: 
    select
        u1_0.id,
        u1_0.avatar,
        u1_0.created_at,
        u1_0.email,
        u1_0.last_activity_date,
        u1_0.level,
        u1_0.password,
        u1_0.points,
        u1_0.role,
        u1_0.streak,
        u1_0.updated_at,
        u1_0.username 
    from
        users u1_0
Hibernate: 
    insert 
    into
        users
        (avatar, created_at, email, last_activity_date, level, password, points, role, streak, updated_at, username, id) 
    values
        (?, ?, ?, ?, ?, ?, ?, ?, ?, ?, ?, default)
Hibernate: 
    insert 
    into
        courses
        (created_at, description, difficulty, duration, thumbnail, title, updated_at, id) 
    values
        (?, ?, ?, ?, ?, ?, ?, default)
Hibernate: 
    insert 
    into
        chapters
        (course_id, created_at, description, chapter_order, title, updated_at, id) 
    values
        (?, ?, ?, ?, ?, ?, default)
Hibernate: 
    insert 
    into
        lessons
        (chapter_id, content, created_at, duration, lesson_order, title, updated_at, id) 
    values
        (?, ?, ?, ?, ?, ?, ?, default)
2026-01-18 14:29:23 - Processing question for user 7: How do stacks work?
Hibernate: 
    insert 
    into
        chat_logs
        (bot_response, confidence_score, created_at, question_timestamp, related_chapter_ids, response_timestamp, retrieved_chunks, user_id, user_question, id) 
    values
        (?, ?, ?, ?, ?, ?, ?, ?, ?, default)
Hibernate: 
    select
        le1_0.id,
        le1_0.chunk_index,
        le1_0.chunk_text,
        le1_0.created_at,
        le1_0.embedding,
        le1_0.lesson_id 
    from
        lesson_embeddings le1_0 
    where
        le1_0.embedding is not null
2026-01-18 14:29:23 - Retrieved 0 similar chunks for question
2026-01-18 14:29:23 - Updated chat log 7 with response
Hibernate: 
    update
        chat_logs 
    set
        bot_response=?,
        confidence_score=?,
        question_timestamp=?,
        related_chapter_ids=?,
        response_timestamp=?,
        retrieved_chunks=?,
        user_id=?,
        user_question=? 
    where
        id=?
Hibernate: 
    select
        cl1_0.id,
        cl1_0.bot_response,
        cl1_0.confidence_score,
        cl1_0.created_at,
        cl1_0.question_timestamp,
        cl1_0.related_chapter_ids,
        cl1_0.response_timestamp,
        cl1_0.retrieved_chunks,
        cl1_0.user_id,
        cl1_0.user_question 
    from
        chat_logs cl1_0
Hibernate: 
    select
        cl1_0.id,
        cl1_0.bot_response,
        cl1_0.confidence_score,
        cl1_0.created_at,
        cl1_0.question_timestamp,
        cl1_0.related_chapter_ids,
        cl1_0.response_timestamp,
        cl1_0.retrieved_chunks,
        cl1_0.user_id,
        cl1_0.user_question 
    from
        chat_logs cl1_0
Hibernate: 
    select
        le1_0.id,
        le1_0.chunk_index,
        le1_0.chunk_text,
        le1_0.created_at,
        le1_0.embedding,
        le1_0.lesson_id 
    from
        lesson_embeddings le1_0
Hibernate: 
    select
        l1_0.id,
        l1_0.chapter_id,
        l1_0.content,
        l1_0.created_at,
        l1_0.duration,
        l1_0.lesson_order,
        l1_0.title,
        l1_0.updated_at 
    from
        lessons l1_0
Hibernate: 
    select
        c1_0.id,
        c1_0.course_id,
        c1_0.created_at,
        c1_0.description,
        c1_0.chapter_order,
        c1_0.title,
        c1_0.updated_at 
    from
        chapters c1_0
Hibernate: 
    select
        c1_0.id,
        c1_0.created_at,
        c1_0.description,
        c1_0.difficulty,
        c1_0.duration,
        c1_0.thumbnail,
        c1_0.title,
        c1_0.updated_at 
    from
        courses c1_0
Hibernate: 
    select
        u1_0.id,
        u1_0.avatar,
        u1_0.created_at,
        u1_0.email,
        u1_0.last_activity_date,
        u1_0.level,
        u1_0.password,
        u1_0.points,
        u1_0.role,
        u1_0.streak,
        u1_0.updated_at,
        u1_0.username 
    from
        users u1_0
Hibernate: 
    insert 
    into
        users
        (avatar, created_at, email, last_activity_date, level, password, points, role, streak, updated_at, username, id) 
    values
        (?, ?, ?, ?, ?, ?, ?, ?, ?, ?, ?, default)
Hibernate: 
    insert 
    into
        courses
        (created_at, description, difficulty, duration, thumbnail, title, updated_at, id) 
    values
        (?, ?, ?, ?, ?, ?, ?, default)
Hibernate: 
    insert 
    into
        chapters
        (course_id, created_at, description, chapter_order, title, updated_at, id) 
    values
        (?, ?, ?, ?, ?, ?, default)
Hibernate: 
    insert 
    into
        lessons
        (chapter_id, content, created_at, duration, lesson_order, title, updated_at, id) 
    values
        (?, ?, ?, ?, ?, ?, ?, default)
2026-01-18 14:29:23 - Processing question for user 8: What is dynamic programming?
Hibernate: 
    insert 
    into
        chat_logs
        (bot_response, confidence_score, created_at, question_timestamp, related_chapter_ids, response_timestamp, retrieved_chunks, user_id, user_question, id) 
    values
        (?, ?, ?, ?, ?, ?, ?, ?, ?, default)
Hibernate: 
    select
        le1_0.id,
        le1_0.chunk_index,
        le1_0.chunk_text,
        le1_0.created_at,
        le1_0.embedding,
        le1_0.lesson_id 
    from
        lesson_embeddings le1_0 
    where
        le1_0.embedding is not null
2026-01-18 14:29:23 - Retrieved 0 similar chunks for question
2026-01-18 14:29:23 - Updated chat log 8 with response
Hibernate: 
    update
        chat_logs 
    set
        bot_response=?,
        confidence_score=?,
        question_timestamp=?,
        related_chapter_ids=?,
        response_timestamp=?,
        retrieved_chunks=?,
        user_id=?,
        user_question=? 
    where
        id=?
Hibernate: 
    select
        cl1_0.id,
        cl1_0.bot_response,
        cl1_0.confidence_score,
        cl1_0.created_at,
        cl1_0.question_timestamp,
        cl1_0.related_chapter_ids,
        cl1_0.response_timestamp,
        cl1_0.retrieved_chunks,
        cl1_0.user_id,
        cl1_0.user_question 
    from
        chat_logs cl1_0
Hibernate: 
    select
        cl1_0.id,
        cl1_0.bot_response,
        cl1_0.confidence_score,
        cl1_0.created_at,
        cl1_0.question_timestamp,
        cl1_0.related_chapter_ids,
        cl1_0.response_timestamp,
        cl1_0.retrieved_chunks,
        cl1_0.user_id,
        cl1_0.user_question 
    from
        chat_logs cl1_0
Hibernate: 
    select
        le1_0.id,
        le1_0.chunk_index,
        le1_0.chunk_text,
        le1_0.created_at,
        le1_0.embedding,
        le1_0.lesson_id 
    from
        lesson_embeddings le1_0
Hibernate: 
    select
        l1_0.id,
        l1_0.chapter_id,
        l1_0.content,
        l1_0.created_at,
        l1_0.duration,
        l1_0.lesson_order,
        l1_0.title,
        l1_0.updated_at 
    from
        lessons l1_0
Hibernate: 
    select
        c1_0.id,
        c1_0.course_id,
        c1_0.created_at,
        c1_0.description,
        c1_0.chapter_order,
        c1_0.title,
        c1_0.updated_at 
    from
        chapters c1_0
Hibernate: 
    select
        c1_0.id,
        c1_0.created_at,
        c1_0.description,
        c1_0.difficulty,
        c1_0.duration,
        c1_0.thumbnail,
        c1_0.title,
        c1_0.updated_at 
    from
        courses c1_0
Hibernate: 
    select
        u1_0.id,
        u1_0.avatar,
        u1_0.created_at,
        u1_0.email,
        u1_0.last_activity_date,
        u1_0.level,
        u1_0.password,
        u1_0.points,
        u1_0.role,
        u1_0.streak,
        u1_0.updated_at,
        u1_0.username 
    from
        users u1_0
Hibernate: 
    insert 
    into
        users
        (avatar, created_at, email, last_activity_date, level, password, points, role, streak, updated_at, username, id) 
    values
        (?, ?, ?, ?, ?, ?, ?, ?, ?, ?, ?, default)
Hibernate: 
    insert 
    into
        courses
        (created_at, description, difficulty, duration, thumbnail, title, updated_at, id) 
    values
        (?, ?, ?, ?, ?, ?, ?, default)
Hibernate: 
    insert 
    into
        chapters
        (course_id, created_at, description, chapter_order, title, updated_at, id) 
    values
        (?, ?, ?, ?, ?, ?, default)
Hibernate: 
    insert 
    into
        lessons
        (chapter_id, content, created_at, duration, lesson_order, title, updated_at, id) 
    values
        (?, ?, ?, ?, ?, ?, ?, default)
2026-01-18 14:29:23 - Processing question for user 9: What is an array?
Hibernate: 
    insert 
    into
        chat_logs
        (bot_response, confidence_score, created_at, question_timestamp, related_chapter_ids, response_timestamp, retrieved_chunks, user_id, user_question, id) 
    values
        (?, ?, ?, ?, ?, ?, ?, ?, ?, default)
Hibernate: 
    select
        le1_0.id,
        le1_0.chunk_index,
        le1_0.chunk_text,
        le1_0.created_at,
        le1_0.embedding,
        le1_0.lesson_id 
    from
        lesson_embeddings le1_0 
    where
        le1_0.embedding is not null
2026-01-18 14:29:23 - Retrieved 0 similar chunks for question
2026-01-18 14:29:23 - Updated chat log 9 with response
Hibernate: 
    select
        cl1_0.id,
        cl1_0.bot_response,
        cl1_0.confidence_score,
        cl1_0.created_at,
        cl1_0.question_timestamp,
        cl1_0.related_chapter_ids,
        cl1_0.response_timestamp,
        cl1_0.retrieved_chunks,
        cl1_0.user_id,
        cl1_0.user_question 
    from
        chat_logs cl1_0
Hibernate: 
    select
        le1_0.id,
        le1_0.chunk_index,
        le1_0.chunk_text,
        le1_0.created_at,
        le1_0.embedding,
        le1_0.lesson_id 
    from
        lesson_embeddings le1_0
Hibernate: 
    select
        l1_0.id,
        l1_0.chapter_id,
        l1_0.content,
        l1_0.created_at,
        l1_0.duration,
        l1_0.lesson_order,
        l1_0.title,
        l1_0.updated_at 
    from
        lessons l1_0
Hibernate: 
    select
        c1_0.id,
        c1_0.course_id,
        c1_0.created_at,
        c1_0.description,
        c1_0.chapter_order,
        c1_0.title,
        c1_0.updated_at 
    from
        chapters c1_0
Hibernate: 
    select
        c1_0.id,
        c1_0.created_at,
        c1_0.description,
        c1_0.difficulty,
        c1_0.duration,
        c1_0.thumbnail,
        c1_0.title,
        c1_0.updated_at 
    from
        courses c1_0
Hibernate: 
    select
        u1_0.id,
        u1_0.avatar,
        u1_0.created_at,
        u1_0.email,
        u1_0.last_activity_date,
        u1_0.level,
        u1_0.password,
        u1_0.points,
        u1_0.role,
        u1_0.streak,
        u1_0.updated_at,
        u1_0.username 
    from
        users u1_0
Hibernate: 
    insert 
    into
        users
        (avatar, created_at, email, last_activity_date, level, password, points, role, streak, updated_at, username, id) 
    values
        (?, ?, ?, ?, ?, ?, ?, ?, ?, ?, ?, default)
Hibernate: 
    insert 
    into
        courses
        (created_at, description, difficulty, duration, thumbnail, title, updated_at, id) 
    values
        (?, ?, ?, ?, ?, ?, ?, default)
Hibernate: 
    insert 
    into
        chapters
        (course_id, created_at, description, chapter_order, title, updated_at, id) 
    values
        (?, ?, ?, ?, ?, ?, default)
Hibernate: 
    insert 
    into
        lessons
        (chapter_id, content, created_at, duration, lesson_order, title, updated_at, id) 
    values
        (?, ?, ?, ?, ?, ?, ?, default)
2026-01-18 14:29:23 - Processing question for user 10: Explain data structures
Hibernate: 
    insert 
    into
        chat_logs
        (bot_response, confidence_score, created_at, question_timestamp, related_chapter_ids, response_timestamp, retrieved_chunks, user_id, user_question, id) 
    values
        (?, ?, ?, ?, ?, ?, ?, ?, ?, default)
Hibernate: 
    select
        le1_0.id,
        le1_0.chunk_index,
        le1_0.chunk_text,
        le1_0.created_at,
        le1_0.embedding,
        le1_0.lesson_id 
    from
        lesson_embeddings le1_0 
    where
        le1_0.embedding is not null
2026-01-18 14:29:23 - Retrieved 0 similar chunks for question
2026-01-18 14:29:23 - Updated chat log 10 with response
Hibernate: 
    select
        cl1_0.id,
        cl1_0.bot_response,
        cl1_0.confidence_score,
        cl1_0.created_at,
        cl1_0.question_timestamp,
        cl1_0.related_chapter_ids,
        cl1_0.response_timestamp,
        cl1_0.retrieved_chunks,
        cl1_0.user_id,
        cl1_0.user_question 
    from
        chat_logs cl1_0
Hibernate: 
    select
        le1_0.id,
        le1_0.chunk_index,
        le1_0.chunk_text,
        le1_0.created_at,
        le1_0.embedding,
        le1_0.lesson_id 
    from
        lesson_embeddings le1_0
Hibernate: 
    select
        l1_0.id,
        l1_0.chapter_id,
        l1_0.content,
        l1_0.created_at,
        l1_0.duration,
        l1_0.lesson_order,
        l1_0.title,
        l1_0.updated_at 
    from
        lessons l1_0
Hibernate: 
    select
        c1_0.id,
        c1_0.course_id,
        c1_0.created_at,
        c1_0.description,
        c1_0.chapter_order,
        c1_0.title,
        c1_0.updated_at 
    from
        chapters c1_0
Hibernate: 
    select
        c1_0.id,
        c1_0.created_at,
        c1_0.description,
        c1_0.difficulty,
        c1_0.duration,
        c1_0.thumbnail,
        c1_0.title,
        c1_0.updated_at 
    from
        courses c1_0
Hibernate: 
    select
        u1_0.id,
        u1_0.avatar,
        u1_0.created_at,
        u1_0.email,
        u1_0.last_activity_date,
        u1_0.level,
        u1_0.password,
        u1_0.points,
        u1_0.role,
        u1_0.streak,
        u1_0.updated_at,
        u1_0.username 
    from
        users u1_0
Hibernate: 
    insert 
    into
        users
        (avatar, created_at, email, last_activity_date, level, password, points, role, streak, updated_at, username, id) 
    values
        (?, ?, ?, ?, ?, ?, ?, ?, ?, ?, ?, default)
Hibernate: 
    insert 
    into
        courses
        (created_at, description, difficulty, duration, thumbnail, title, updated_at, id) 
    values
        (?, ?, ?, ?, ?, ?, ?, default)
Hibernate: 
    insert 
    into
        chapters
        (course_id, created_at, description, chapter_order, title, updated_at, id) 
    values
        (?, ?, ?, ?, ?, ?, default)
Hibernate: 
    insert 
    into
        lessons
        (chapter_id, content, created_at, duration, lesson_order, title, updated_at, id) 
    values
        (?, ?, ?, ?, ?, ?, ?, default)
2026-01-18 14:29:24 - Processing question for user 11: How do linked lists work?
Hibernate: 
    insert 
    into
        chat_logs
        (bot_response, confidence_score, created_at, question_timestamp, related_chapter_ids, response_timestamp, retrieved_chunks, user_id, user_question, id) 
    values
        (?, ?, ?, ?, ?, ?, ?, ?, ?, default)
Hibernate: 
    select
        le1_0.id,
        le1_0.chunk_index,
        le1_0.chunk_text,
        le1_0.created_at,
        le1_0.embedding,
        le1_0.lesson_id 
    from
        lesson_embeddings le1_0 
    where
        le1_0.embedding is not null
2026-01-18 14:29:24 - Retrieved 0 similar chunks for question
2026-01-18 14:29:24 - Updated chat log 11 with response
Hibernate: 
    select
        cl1_0.id,
        cl1_0.bot_response,
        cl1_0.confidence_score,
        cl1_0.created_at,
        cl1_0.question_timestamp,
        cl1_0.related_chapter_ids,
        cl1_0.response_timestamp,
        cl1_0.retrieved_chunks,
        cl1_0.user_id,
        cl1_0.user_question 
    from
        chat_logs cl1_0
Hibernate: 
    select
        le1_0.id,
        le1_0.chunk_index,
        le1_0.chunk_text,
        le1_0.created_at,
        le1_0.embedding,
        le1_0.lesson_id 
    from
        lesson_embeddings le1_0
Hibernate: 
    select
        l1_0.id,
        l1_0.chapter_id,
        l1_0.content,
        l1_0.created_at,
        l1_0.duration,
        l1_0.lesson_order,
        l1_0.title,
        l1_0.updated_at 
    from
        lessons l1_0
Hibernate: 
    select
        c1_0.id,
        c1_0.course_id,
        c1_0.created_at,
        c1_0.description,
        c1_0.chapter_order,
        c1_0.title,
        c1_0.updated_at 
    from
        chapters c1_0
Hibernate: 
    select
        c1_0.id,
        c1_0.created_at,
        c1_0.description,
        c1_0.difficulty,
        c1_0.duration,
        c1_0.thumbnail,
        c1_0.title,
        c1_0.updated_at 
    from
        courses c1_0
Hibernate: 
    select
        u1_0.id,
        u1_0.avatar,
        u1_0.created_at,
        u1_0.email,
        u1_0.last_activity_date,
        u1_0.level,
        u1_0.password,
        u1_0.points,
        u1_0.role,
        u1_0.streak,
        u1_0.updated_at,
        u1_0.username 
    from
        users u1_0
Hibernate: 
    insert 
    into
        users
        (avatar, created_at, email, last_activity_date, level, password, points, role, streak, updated_at, username, id) 
    values
        (?, ?, ?, ?, ?, ?, ?, ?, ?, ?, ?, default)
Hibernate: 
    insert 
    into
        courses
        (created_at, description, difficulty, duration, thumbnail, title, updated_at, id) 
    values
        (?, ?, ?, ?, ?, ?, ?, default)
Hibernate: 
    insert 
    into
        chapters
        (course_id, created_at, description, chapter_order, title, updated_at, id) 
    values
        (?, ?, ?, ?, ?, ?, default)
Hibernate: 
    insert 
    into
        lessons
        (chapter_id, content, created_at, duration, lesson_order, title, updated_at, id) 
    values
        (?, ?, ?, ?, ?, ?, ?, default)
2026-01-18 14:29:24 - Processing question for user 12: What is the time complexity of binary search?
Hibernate: 
    insert 
    into
        chat_logs
        (bot_response, confidence_score, created_at, question_timestamp, related_chapter_ids, response_timestamp, retrieved_chunks, user_id, user_question, id) 
    values
        (?, ?, ?, ?, ?, ?, ?, ?, ?, default)
Hibernate: 
    select
        le1_0.id,
        le1_0.chunk_index,
        le1_0.chunk_text,
        le1_0.created_at,
        le1_0.embedding,
        le1_0.lesson_id 
    from
        lesson_embeddings le1_0 
    where
        le1_0.embedding is not null
2026-01-18 14:29:24 - Retrieved 0 similar chunks for question
2026-01-18 14:29:24 - Updated chat log 12 with response
Hibernate: 
    select
        cl1_0.id,
        cl1_0.bot_response,
        cl1_0.confidence_score,
        cl1_0.created_at,
        cl1_0.question_timestamp,
        cl1_0.related_chapter_ids,
        cl1_0.response_timestamp,
        cl1_0.retrieved_chunks,
        cl1_0.user_id,
        cl1_0.user_question 
    from
        chat_logs cl1_0
Hibernate: 
    select
        le1_0.id,
        le1_0.chunk_index,
        le1_0.chunk_text,
        le1_0.created_at,
        le1_0.embedding,
        le1_0.lesson_id 
    from
        lesson_embeddings le1_0
Hibernate: 
    select
        l1_0.id,
        l1_0.chapter_id,
        l1_0.content,
        l1_0.created_at,
        l1_0.duration,
        l1_0.lesson_order,
        l1_0.title,
        l1_0.updated_at 
    from
        lessons l1_0
Hibernate: 
    select
        c1_0.id,
        c1_0.course_id,
        c1_0.created_at,
        c1_0.description,
        c1_0.chapter_order,
        c1_0.title,
        c1_0.updated_at 
    from
        chapters c1_0
Hibernate: 
    select
        c1_0.id,
        c1_0.created_at,
        c1_0.description,
        c1_0.difficulty,
        c1_0.duration,
        c1_0.thumbnail,
        c1_0.title,
        c1_0.updated_at 
    from
        courses c1_0
Hibernate: 
    select
        u1_0.id,
        u1_0.avatar,
        u1_0.created_at,
        u1_0.email,
        u1_0.last_activity_date,
        u1_0.level,
        u1_0.password,
        u1_0.points,
        u1_0.role,
        u1_0.streak,
        u1_0.updated_at,
        u1_0.username 
    from
        users u1_0
Hibernate: 
    insert 
    into
        users
        (avatar, created_at, email, last_activity_date, level, password, points, role, streak, updated_at, username, id) 
    values
        (?, ?, ?, ?, ?, ?, ?, ?, ?, ?, ?, default)
Hibernate: 
    insert 
    into
        courses
        (created_at, description, difficulty, duration, thumbnail, title, updated_at, id) 
    values
        (?, ?, ?, ?, ?, ?, ?, default)
Hibernate: 
    insert 
    into
        chapters
        (course_id, created_at, description, chapter_order, title, updated_at, id) 
    values
        (?, ?, ?, ?, ?, ?, default)
Hibernate: 
    insert 
    into
        lessons
        (chapter_id, content, created_at, duration, lesson_order, title, updated_at, id) 
    values
        (?, ?, ?, ?, ?, ?, ?, default)
2026-01-18 14:29:24 - Processing question for user 13: What is a binary tree?
Hibernate: 
    insert 
    into
        chat_logs
        (bot_response, confidence_score, created_at, question_timestamp, related_chapter_ids, response_timestamp, retrieved_chunks, user_id, user_question, id) 
    values
        (?, ?, ?, ?, ?, ?, ?, ?, ?, default)
Hibernate: 
    select
        le1_0.id,
        le1_0.chunk_index,
        le1_0.chunk_text,
        le1_0.created_at,
        le1_0.embedding,
        le1_0.lesson_id 
    from
        lesson_embeddings le1_0 
    where
        le1_0.embedding is not null
2026-01-18 14:29:24 - Retrieved 0 similar chunks for question
2026-01-18 14:29:24 - Updated chat log 13 with response
Hibernate: 
    update
        chat_logs 
    set
        bot_response=?,
        confidence_score=?,
        question_timestamp=?,
        related_chapter_ids=?,
        response_timestamp=?,
        retrieved_chunks=?,
        user_id=?,
        user_question=? 
    where
        id=?
Hibernate: 
    select
        cl1_0.id,
        cl1_0.bot_response,
        cl1_0.confidence_score,
        cl1_0.created_at,
        cl1_0.question_timestamp,
        cl1_0.related_chapter_ids,
        cl1_0.response_timestamp,
        cl1_0.retrieved_chunks,
        cl1_0.user_id,
        cl1_0.user_question 
    from
        chat_logs cl1_0
[ERROR] Tests run: 13, Failures: 8, Errors: 0, Skipped: 0, Time elapsed: 5.961 s <<< FAILURE! -- in com.dsaplatform.service.ChatServicePropertyTest
[ERROR] com.dsaplatform.service.ChatServicePropertyTest.chatLogCompletedWithResponseData(String)[1] -- Time elapsed: 0.212 s <<< FAILURE!
java.lang.AssertionError: 
[Bot response should be stored] 
Expecting not blank but was: null
	at com.dsaplatform.service.ChatServicePropertyTest.chatLogCompletedWithResponseData(ChatServicePropertyTest.java:278)
	at java.base/java.lang.reflect.Method.invoke(Method.java:580)
	at java.base/java.util.stream.ForEachOps$ForEachOp$OfRef.accept(ForEachOps.java:184)
	at java.base/java.util.stream.ReferencePipeline$3$1.accept(ReferencePipeline.java:197)
	at java.base/java.util.stream.ReferencePipeline$2$1.accept(ReferencePipeline.java:179)
	at java.base/java.util.stream.ReferencePipeline$3$1.accept(ReferencePipeline.java:197)
	at java.base/java.util.stream.ForEachOps$ForEachOp$OfRef.accept(ForEachOps.java:184)
	at java.base/java.util.stream.ReferencePipeline$3$1.accept(ReferencePipeline.java:197)
	at java.base/java.util.stream.ForEachOps$ForEachOp$OfRef.accept(ForEachOps.java:184)
	at java.base/java.util.stream.ForEachOps$ForEachOp$OfRef.accept(ForEachOps.java:184)
	at java.base/java.util.stream.ReferencePipeline$3$1.accept(ReferencePipeline.java:197)
	at java.base/java.util.Spliterators$ArraySpliterator.forEachRemaining(Spliterators.java:1024)
	at java.base/java.util.stream.AbstractPipeline.copyInto(AbstractPipeline.java:509)
	at java.base/java.util.stream.AbstractPipeline.wrapAndCopyInto(AbstractPipeline.java:499)
	at java.base/java.util.stream.ForEachOps$ForEachOp.evaluateSequential(ForEachOps.java:151)
	at java.base/java.util.stream.ForEachOps$ForEachOp$OfRef.evaluateSequential(ForEachOps.java:174)
	at java.base/java.util.stream.AbstractPipeline.evaluate(AbstractPipeline.java:234)
	at java.base/java.util.stream.ReferencePipeline.forEach(ReferencePipeline.java:596)
	at java.base/java.util.stream.ReferencePipeline$7$1.accept(ReferencePipeline.java:276)
	at java.base/java.util.ArrayList$ArrayListSpliterator.forEachRemaining(ArrayList.java:1708)
	at java.base/java.util.stream.AbstractPipeline.copyInto(AbstractPipeline.java:509)
	at java.base/java.util.stream.AbstractPipeline.wrapAndCopyInto(AbstractPipeline.java:499)
	at java.base/java.util.stream.ForEachOps$ForEachOp.evaluateSequential(ForEachOps.java:151)
	at java.base/java.util.stream.ForEachOps$ForEachOp$OfRef.evaluateSequential(ForEachOps.java:174)
	at java.base/java.util.stream.AbstractPipeline.evaluate(AbstractPipeline.java:234)
	at java.base/java.util.stream.ReferencePipeline.forEach(ReferencePipeline.java:596)
	at java.base/java.util.stream.ReferencePipeline$7$1.accept(ReferencePipeline.java:276)
	at java.base/java.util.stream.ReferencePipeline$3$1.accept(ReferencePipeline.java:197)
	at java.base/java.util.stream.ReferencePipeline$3$1.accept(ReferencePipeline.java:197)
	at java.base/java.util.stream.ReferencePipeline$3$1.accept(ReferencePipeline.java:197)
	at java.base/java.util.ArrayList$ArrayListSpliterator.forEachRemaining(ArrayList.java:1708)
	at java.base/java.util.stream.AbstractPipeline.copyInto(AbstractPipeline.java:509)
	at java.base/java.util.stream.AbstractPipeline.wrapAndCopyInto(AbstractPipeline.java:499)
	at java.base/java.util.stream.ForEachOps$ForEachOp.evaluateSequential(ForEachOps.java:151)
	at java.base/java.util.stream.ForEachOps$ForEachOp$OfRef.evaluateSequential(ForEachOps.java:174)
	at java.base/java.util.stream.AbstractPipeline.evaluate(AbstractPipeline.java:234)
	at java.base/java.util.stream.ReferencePipeline.forEach(ReferencePipeline.java:596)
	at java.base/java.util.stream.ReferencePipeline$7$1.accept(ReferencePipeline.java:276)
	at java.base/java.util.ArrayList$ArrayListSpliterator.forEachRemaining(ArrayList.java:1708)
	at java.base/java.util.stream.AbstractPipeline.copyInto(AbstractPipeline.java:509)
	at java.base/java.util.stream.AbstractPipeline.wrapAndCopyInto(AbstractPipeline.java:499)
	at java.base/java.util.stream.ForEachOps$ForEachOp.evaluateSequential(ForEachOps.java:151)
	at java.base/java.util.stream.ForEachOps$ForEachOp$OfRef.evaluateSequential(ForEachOps.java:174)
	at java.base/java.util.stream.AbstractPipeline.evaluate(AbstractPipeline.java:234)
	at java.base/java.util.stream.ReferencePipeline.forEach(ReferencePipeline.java:596)
	at java.base/java.util.ArrayList.forEach(ArrayList.java:1596)
	at java.base/java.util.ArrayList.forEach(ArrayList.java:1596)

[ERROR] com.dsaplatform.service.ChatServicePropertyTest.chatLogCompletedWithResponseData(String)[2] -- Time elapsed: 0.193 s <<< FAILURE!
java.lang.AssertionError: 
[Bot response should be stored] 
Expecting not blank but was: null
	at com.dsaplatform.service.ChatServicePropertyTest.chatLogCompletedWithResponseData(ChatServicePropertyTest.java:278)
	at java.base/java.lang.reflect.Method.invoke(Method.java:580)
	at java.base/java.util.stream.ForEachOps$ForEachOp$OfRef.accept(ForEachOps.java:184)
	at java.base/java.util.stream.ReferencePipeline$3$1.accept(ReferencePipeline.java:197)
	at java.base/java.util.stream.ReferencePipeline$2$1.accept(ReferencePipeline.java:179)
	at java.base/java.util.stream.ReferencePipeline$3$1.accept(ReferencePipeline.java:197)
	at java.base/java.util.stream.ForEachOps$ForEachOp$OfRef.accept(ForEachOps.java:184)
	at java.base/java.util.stream.ReferencePipeline$3$1.accept(ReferencePipeline.java:197)
	at java.base/java.util.stream.ForEachOps$ForEachOp$OfRef.accept(ForEachOps.java:184)
	at java.base/java.util.stream.ForEachOps$ForEachOp$OfRef.accept(ForEachOps.java:184)
	at java.base/java.util.stream.ReferencePipeline$3$1.accept(ReferencePipeline.java:197)
	at java.base/java.util.Spliterators$ArraySpliterator.forEachRemaining(Spliterators.java:1024)
	at java.base/java.util.stream.AbstractPipeline.copyInto(AbstractPipeline.java:509)
	at java.base/java.util.stream.AbstractPipeline.wrapAndCopyInto(AbstractPipeline.java:499)
	at java.base/java.util.stream.ForEachOps$ForEachOp.evaluateSequential(ForEachOps.java:151)
	at java.base/java.util.stream.ForEachOps$ForEachOp$OfRef.evaluateSequential(ForEachOps.java:174)
	at java.base/java.util.stream.AbstractPipeline.evaluate(AbstractPipeline.java:234)
	at java.base/java.util.stream.ReferencePipeline.forEach(ReferencePipeline.java:596)
	at java.base/java.util.stream.ReferencePipeline$7$1.accept(ReferencePipeline.java:276)
	at java.base/java.util.ArrayList$ArrayListSpliterator.forEachRemaining(ArrayList.java:1708)
	at java.base/java.util.stream.AbstractPipeline.copyInto(AbstractPipeline.java:509)
	at java.base/java.util.stream.AbstractPipeline.wrapAndCopyInto(AbstractPipeline.java:499)
	at java.base/java.util.stream.ForEachOps$ForEachOp.evaluateSequential(ForEachOps.java:151)
	at java.base/java.util.stream.ForEachOps$ForEachOp$OfRef.evaluateSequential(ForEachOps.java:174)
	at java.base/java.util.stream.AbstractPipeline.evaluate(AbstractPipeline.java:234)
	at java.base/java.util.stream.ReferencePipeline.forEach(ReferencePipeline.java:596)
	at java.base/java.util.stream.ReferencePipeline$7$1.accept(ReferencePipeline.java:276)
	at java.base/java.util.stream.ReferencePipeline$3$1.accept(ReferencePipeline.java:197)
	at java.base/java.util.stream.ReferencePipeline$3$1.accept(ReferencePipeline.java:197)
	at java.base/java.util.stream.ReferencePipeline$3$1.accept(ReferencePipeline.java:197)
	at java.base/java.util.ArrayList$ArrayListSpliterator.forEachRemaining(ArrayList.java:1708)
	at java.base/java.util.stream.AbstractPipeline.copyInto(AbstractPipeline.java:509)
	at java.base/java.util.stream.AbstractPipeline.wrapAndCopyInto(AbstractPipeline.java:499)
	at java.base/java.util.stream.ForEachOps$ForEachOp.evaluateSequential(ForEachOps.java:151)
	at java.base/java.util.stream.ForEachOps$ForEachOp$OfRef.evaluateSequential(ForEachOps.java:174)
	at java.base/java.util.stream.AbstractPipeline.evaluate(AbstractPipeline.java:234)
	at java.base/java.util.stream.ReferencePipeline.forEach(ReferencePipeline.java:596)
	at java.base/java.util.stream.ReferencePipeline$7$1.accept(ReferencePipeline.java:276)
	at java.base/java.util.ArrayList$ArrayListSpliterator.forEachRemaining(ArrayList.java:1708)
	at java.base/java.util.stream.AbstractPipeline.copyInto(AbstractPipeline.java:509)
	at java.base/java.util.stream.AbstractPipeline.wrapAndCopyInto(AbstractPipeline.java:499)
	at java.base/java.util.stream.ForEachOps$ForEachOp.evaluateSequential(ForEachOps.java:151)
	at java.base/java.util.stream.ForEachOps$ForEachOp$OfRef.evaluateSequential(ForEachOps.java:174)
	at java.base/java.util.stream.AbstractPipeline.evaluate(AbstractPipeline.java:234)
	at java.base/java.util.stream.ReferencePipeline.forEach(ReferencePipeline.java:596)
	at java.base/java.util.ArrayList.forEach(ArrayList.java:1596)
	at java.base/java.util.ArrayList.forEach(ArrayList.java:1596)

[ERROR] com.dsaplatform.service.ChatServicePropertyTest.chatLogCompletedWithResponseData(String)[3] -- Time elapsed: 0.186 s <<< FAILURE!
java.lang.AssertionError: 
[Bot response should be stored] 
Expecting not blank but was: null
	at com.dsaplatform.service.ChatServicePropertyTest.chatLogCompletedWithResponseData(ChatServicePropertyTest.java:278)
	at java.base/java.lang.reflect.Method.invoke(Method.java:580)
	at java.base/java.util.stream.ForEachOps$ForEachOp$OfRef.accept(ForEachOps.java:184)
	at java.base/java.util.stream.ReferencePipeline$3$1.accept(ReferencePipeline.java:197)
	at java.base/java.util.stream.ReferencePipeline$2$1.accept(ReferencePipeline.java:179)
	at java.base/java.util.stream.ReferencePipeline$3$1.accept(ReferencePipeline.java:197)
	at java.base/java.util.stream.ForEachOps$ForEachOp$OfRef.accept(ForEachOps.java:184)
	at java.base/java.util.stream.ReferencePipeline$3$1.accept(ReferencePipeline.java:197)
	at java.base/java.util.stream.ForEachOps$ForEachOp$OfRef.accept(ForEachOps.java:184)
	at java.base/java.util.stream.ForEachOps$ForEachOp$OfRef.accept(ForEachOps.java:184)
	at java.base/java.util.stream.ReferencePipeline$3$1.accept(ReferencePipeline.java:197)
	at java.base/java.util.Spliterators$ArraySpliterator.forEachRemaining(Spliterators.java:1024)
	at java.base/java.util.stream.AbstractPipeline.copyInto(AbstractPipeline.java:509)
	at java.base/java.util.stream.AbstractPipeline.wrapAndCopyInto(AbstractPipeline.java:499)
	at java.base/java.util.stream.ForEachOps$ForEachOp.evaluateSequential(ForEachOps.java:151)
	at java.base/java.util.stream.ForEachOps$ForEachOp$OfRef.evaluateSequential(ForEachOps.java:174)
	at java.base/java.util.stream.AbstractPipeline.evaluate(AbstractPipeline.java:234)
	at java.base/java.util.stream.ReferencePipeline.forEach(ReferencePipeline.java:596)
	at java.base/java.util.stream.ReferencePipeline$7$1.accept(ReferencePipeline.java:276)
	at java.base/java.util.ArrayList$ArrayListSpliterator.forEachRemaining(ArrayList.java:1708)
	at java.base/java.util.stream.AbstractPipeline.copyInto(AbstractPipeline.java:509)
	at java.base/java.util.stream.AbstractPipeline.wrapAndCopyInto(AbstractPipeline.java:499)
	at java.base/java.util.stream.ForEachOps$ForEachOp.evaluateSequential(ForEachOps.java:151)
	at java.base/java.util.stream.ForEachOps$ForEachOp$OfRef.evaluateSequential(ForEachOps.java:174)
	at java.base/java.util.stream.AbstractPipeline.evaluate(AbstractPipeline.java:234)
	at java.base/java.util.stream.ReferencePipeline.forEach(ReferencePipeline.java:596)
	at java.base/java.util.stream.ReferencePipeline$7$1.accept(ReferencePipeline.java:276)
	at java.base/java.util.stream.ReferencePipeline$3$1.accept(ReferencePipeline.java:197)
	at java.base/java.util.stream.ReferencePipeline$3$1.accept(ReferencePipeline.java:197)
	at java.base/java.util.stream.ReferencePipeline$3$1.accept(ReferencePipeline.java:197)
	at java.base/java.util.ArrayList$ArrayListSpliterator.forEachRemaining(ArrayList.java:1708)
	at java.base/java.util.stream.AbstractPipeline.copyInto(AbstractPipeline.java:509)
	at java.base/java.util.stream.AbstractPipeline.wrapAndCopyInto(AbstractPipeline.java:499)
	at java.base/java.util.stream.ForEachOps$ForEachOp.evaluateSequential(ForEachOps.java:151)
	at java.base/java.util.stream.ForEachOps$ForEachOp$OfRef.evaluateSequential(ForEachOps.java:174)
	at java.base/java.util.stream.AbstractPipeline.evaluate(AbstractPipeline.java:234)
	at java.base/java.util.stream.ReferencePipeline.forEach(ReferencePipeline.java:596)
	at java.base/java.util.stream.ReferencePipeline$7$1.accept(ReferencePipeline.java:276)
	at java.base/java.util.ArrayList$ArrayListSpliterator.forEachRemaining(ArrayList.java:1708)
	at java.base/java.util.stream.AbstractPipeline.copyInto(AbstractPipeline.java:509)
	at java.base/java.util.stream.AbstractPipeline.wrapAndCopyInto(AbstractPipeline.java:499)
	at java.base/java.util.stream.ForEachOps$ForEachOp.evaluateSequential(ForEachOps.java:151)
	at java.base/java.util.stream.ForEachOps$ForEachOp$OfRef.evaluateSequential(ForEachOps.java:174)
	at java.base/java.util.stream.AbstractPipeline.evaluate(AbstractPipeline.java:234)
	at java.base/java.util.stream.ReferencePipeline.forEach(ReferencePipeline.java:596)
	at java.base/java.util.ArrayList.forEach(ArrayList.java:1596)
	at java.base/java.util.ArrayList.forEach(ArrayList.java:1596)

[ERROR] com.dsaplatform.service.ChatServicePropertyTest.chatLogCompletedWithResponseData(String)[4] -- Time elapsed: 0.183 s <<< FAILURE!
java.lang.AssertionError: 
[Bot response should be stored] 
Expecting not blank but was: null
	at com.dsaplatform.service.ChatServicePropertyTest.chatLogCompletedWithResponseData(ChatServicePropertyTest.java:278)
	at java.base/java.lang.reflect.Method.invoke(Method.java:580)
	at java.base/java.util.stream.ForEachOps$ForEachOp$OfRef.accept(ForEachOps.java:184)
	at java.base/java.util.stream.ReferencePipeline$3$1.accept(ReferencePipeline.java:197)
	at java.base/java.util.stream.ReferencePipeline$2$1.accept(ReferencePipeline.java:179)
	at java.base/java.util.stream.ReferencePipeline$3$1.accept(ReferencePipeline.java:197)
	at java.base/java.util.stream.ForEachOps$ForEachOp$OfRef.accept(ForEachOps.java:184)
	at java.base/java.util.stream.ReferencePipeline$3$1.accept(ReferencePipeline.java:197)
	at java.base/java.util.stream.ForEachOps$ForEachOp$OfRef.accept(ForEachOps.java:184)
	at java.base/java.util.stream.ForEachOps$ForEachOp$OfRef.accept(ForEachOps.java:184)
	at java.base/java.util.stream.ReferencePipeline$3$1.accept(ReferencePipeline.java:197)
	at java.base/java.util.Spliterators$ArraySpliterator.forEachRemaining(Spliterators.java:1024)
	at java.base/java.util.stream.AbstractPipeline.copyInto(AbstractPipeline.java:509)
	at java.base/java.util.stream.AbstractPipeline.wrapAndCopyInto(AbstractPipeline.java:499)
	at java.base/java.util.stream.ForEachOps$ForEachOp.evaluateSequential(ForEachOps.java:151)
	at java.base/java.util.stream.ForEachOps$ForEachOp$OfRef.evaluateSequential(ForEachOps.java:174)
	at java.base/java.util.stream.AbstractPipeline.evaluate(AbstractPipeline.java:234)
	at java.base/java.util.stream.ReferencePipeline.forEach(ReferencePipeline.java:596)
	at java.base/java.util.stream.ReferencePipeline$7$1.accept(ReferencePipeline.java:276)
	at java.base/java.util.ArrayList$ArrayListSpliterator.forEachRemaining(ArrayList.java:1708)
	at java.base/java.util.stream.AbstractPipeline.copyInto(AbstractPipeline.java:509)
	at java.base/java.util.stream.AbstractPipeline.wrapAndCopyInto(AbstractPipeline.java:499)
	at java.base/java.util.stream.ForEachOps$ForEachOp.evaluateSequential(ForEachOps.java:151)
	at java.base/java.util.stream.ForEachOps$ForEachOp$OfRef.evaluateSequential(ForEachOps.java:174)
	at java.base/java.util.stream.AbstractPipeline.evaluate(AbstractPipeline.java:234)
	at java.base/java.util.stream.ReferencePipeline.forEach(ReferencePipeline.java:596)
	at java.base/java.util.stream.ReferencePipeline$7$1.accept(ReferencePipeline.java:276)
	at java.base/java.util.stream.ReferencePipeline$3$1.accept(ReferencePipeline.java:197)
	at java.base/java.util.stream.ReferencePipeline$3$1.accept(ReferencePipeline.java:197)
	at java.base/java.util.stream.ReferencePipeline$3$1.accept(ReferencePipeline.java:197)
	at java.base/java.util.ArrayList$ArrayListSpliterator.forEachRemaining(ArrayList.java:1708)
	at java.base/java.util.stream.AbstractPipeline.copyInto(AbstractPipeline.java:509)
	at java.base/java.util.stream.AbstractPipeline.wrapAndCopyInto(AbstractPipeline.java:499)
	at java.base/java.util.stream.ForEachOps$ForEachOp.evaluateSequential(ForEachOps.java:151)
	at java.base/java.util.stream.ForEachOps$ForEachOp$OfRef.evaluateSequential(ForEachOps.java:174)
	at java.base/java.util.stream.AbstractPipeline.evaluate(AbstractPipeline.java:234)
	at java.base/java.util.stream.ReferencePipeline.forEach(ReferencePipeline.java:596)
	at java.base/java.util.stream.ReferencePipeline$7$1.accept(ReferencePipeline.java:276)
	at java.base/java.util.ArrayList$ArrayListSpliterator.forEachRemaining(ArrayList.java:1708)
	at java.base/java.util.stream.AbstractPipeline.copyInto(AbstractPipeline.java:509)
	at java.base/java.util.stream.AbstractPipeline.wrapAndCopyInto(AbstractPipeline.java:499)
	at java.base/java.util.stream.ForEachOps$ForEachOp.evaluateSequential(ForEachOps.java:151)
	at java.base/java.util.stream.ForEachOps$ForEachOp$OfRef.evaluateSequential(ForEachOps.java:174)
	at java.base/java.util.stream.AbstractPipeline.evaluate(AbstractPipeline.java:234)
	at java.base/java.util.stream.ReferencePipeline.forEach(ReferencePipeline.java:596)
	at java.base/java.util.ArrayList.forEach(ArrayList.java:1596)
	at java.base/java.util.ArrayList.forEach(ArrayList.java:1596)

[ERROR] com.dsaplatform.service.ChatServicePropertyTest.chatResponseContainsRequiredMetadata(String)[1] -- Time elapsed: 0.197 s <<< FAILURE!
java.lang.AssertionError: 
[Response content should not be empty] 
Expecting not blank but was: null
	at com.dsaplatform.service.ChatServicePropertyTest.chatResponseContainsRequiredMetadata(ChatServicePropertyTest.java:171)
	at java.base/java.lang.reflect.Method.invoke(Method.java:580)
	at java.base/java.util.stream.ForEachOps$ForEachOp$OfRef.accept(ForEachOps.java:184)
	at java.base/java.util.stream.ReferencePipeline$3$1.accept(ReferencePipeline.java:197)
	at java.base/java.util.stream.ReferencePipeline$2$1.accept(ReferencePipeline.java:179)
	at java.base/java.util.stream.ReferencePipeline$3$1.accept(ReferencePipeline.java:197)
	at java.base/java.util.stream.ForEachOps$ForEachOp$OfRef.accept(ForEachOps.java:184)
	at java.base/java.util.stream.ReferencePipeline$3$1.accept(ReferencePipeline.java:197)
	at java.base/java.util.stream.ForEachOps$ForEachOp$OfRef.accept(ForEachOps.java:184)
	at java.base/java.util.stream.ForEachOps$ForEachOp$OfRef.accept(ForEachOps.java:184)
	at java.base/java.util.stream.ReferencePipeline$3$1.accept(ReferencePipeline.java:197)
	at java.base/java.util.Spliterators$ArraySpliterator.forEachRemaining(Spliterators.java:1024)
	at java.base/java.util.stream.AbstractPipeline.copyInto(AbstractPipeline.java:509)
	at java.base/java.util.stream.AbstractPipeline.wrapAndCopyInto(AbstractPipeline.java:499)
	at java.base/java.util.stream.ForEachOps$ForEachOp.evaluateSequential(ForEachOps.java:151)
	at java.base/java.util.stream.ForEachOps$ForEachOp$OfRef.evaluateSequential(ForEachOps.java:174)
	at java.base/java.util.stream.AbstractPipeline.evaluate(AbstractPipeline.java:234)
	at java.base/java.util.stream.ReferencePipeline.forEach(ReferencePipeline.java:596)
	at java.base/java.util.stream.ReferencePipeline$7$1.accept(ReferencePipeline.java:276)
	at java.base/java.util.ArrayList$ArrayListSpliterator.forEachRemaining(ArrayList.java:1708)
	at java.base/java.util.stream.AbstractPipeline.copyInto(AbstractPipeline.java:509)
	at java.base/java.util.stream.AbstractPipeline.wrapAndCopyInto(AbstractPipeline.java:499)
	at java.base/java.util.stream.ForEachOps$ForEachOp.evaluateSequential(ForEachOps.java:151)
	at java.base/java.util.stream.ForEachOps$ForEachOp$OfRef.evaluateSequential(ForEachOps.java:174)
	at java.base/java.util.stream.AbstractPipeline.evaluate(AbstractPipeline.java:234)
	at java.base/java.util.stream.ReferencePipeline.forEach(ReferencePipeline.java:596)
	at java.base/java.util.stream.ReferencePipeline$7$1.accept(ReferencePipeline.java:276)
	at java.base/java.util.stream.ReferencePipeline$3$1.accept(ReferencePipeline.java:197)
	at java.base/java.util.stream.ReferencePipeline$3$1.accept(ReferencePipeline.java:197)
	at java.base/java.util.stream.ReferencePipeline$3$1.accept(ReferencePipeline.java:197)
	at java.base/java.util.ArrayList$ArrayListSpliterator.forEachRemaining(ArrayList.java:1708)
	at java.base/java.util.stream.AbstractPipeline.copyInto(AbstractPipeline.java:509)
	at java.base/java.util.stream.AbstractPipeline.wrapAndCopyInto(AbstractPipeline.java:499)
	at java.base/java.util.stream.ForEachOps$ForEachOp.evaluateSequential(ForEachOps.java:151)
	at java.base/java.util.stream.ForEachOps$ForEachOp$OfRef.evaluateSequential(ForEachOps.java:174)
	at java.base/java.util.stream.AbstractPipeline.evaluate(AbstractPipeline.java:234)
	at java.base/java.util.stream.ReferencePipeline.forEach(ReferencePipeline.java:596)
	at java.base/java.util.stream.ReferencePipeline$7$1.accept(ReferencePipeline.java:276)
	at java.base/java.util.ArrayList$ArrayListSpliterator.forEachRemaining(ArrayList.java:1708)
	at java.base/java.util.stream.AbstractPipeline.copyInto(AbstractPipeline.java:509)
	at java.base/java.util.stream.AbstractPipeline.wrapAndCopyInto(AbstractPipeline.java:499)
	at java.base/java.util.stream.ForEachOps$ForEachOp.evaluateSequential(ForEachOps.java:151)
	at java.base/java.util.stream.ForEachOps$ForEachOp$OfRef.evaluateSequential(ForEachOps.java:174)
	at java.base/java.util.stream.AbstractPipeline.evaluate(AbstractPipeline.java:234)
	at java.base/java.util.stream.ReferencePipeline.forEach(ReferencePipeline.java:596)
	at java.base/java.util.ArrayList.forEach(ArrayList.java:1596)
	at java.base/java.util.ArrayList.forEach(ArrayList.java:1596)

[ERROR] com.dsaplatform.service.ChatServicePropertyTest.chatResponseContainsRequiredMetadata(String)[2] -- Time elapsed: 0.207 s <<< FAILURE!
java.lang.AssertionError: 
[Response content should not be empty] 
Expecting not blank but was: null
	at com.dsaplatform.service.ChatServicePropertyTest.chatResponseContainsRequiredMetadata(ChatServicePropertyTest.java:171)
	at java.base/java.lang.reflect.Method.invoke(Method.java:580)
	at java.base/java.util.stream.ForEachOps$ForEachOp$OfRef.accept(ForEachOps.java:184)
	at java.base/java.util.stream.ReferencePipeline$3$1.accept(ReferencePipeline.java:197)
	at java.base/java.util.stream.ReferencePipeline$2$1.accept(ReferencePipeline.java:179)
	at java.base/java.util.stream.ReferencePipeline$3$1.accept(ReferencePipeline.java:197)
	at java.base/java.util.stream.ForEachOps$ForEachOp$OfRef.accept(ForEachOps.java:184)
	at java.base/java.util.stream.ReferencePipeline$3$1.accept(ReferencePipeline.java:197)
	at java.base/java.util.stream.ForEachOps$ForEachOp$OfRef.accept(ForEachOps.java:184)
	at java.base/java.util.stream.ForEachOps$ForEachOp$OfRef.accept(ForEachOps.java:184)
	at java.base/java.util.stream.ReferencePipeline$3$1.accept(ReferencePipeline.java:197)
	at java.base/java.util.Spliterators$ArraySpliterator.forEachRemaining(Spliterators.java:1024)
	at java.base/java.util.stream.AbstractPipeline.copyInto(AbstractPipeline.java:509)
	at java.base/java.util.stream.AbstractPipeline.wrapAndCopyInto(AbstractPipeline.java:499)
	at java.base/java.util.stream.ForEachOps$ForEachOp.evaluateSequential(ForEachOps.java:151)
	at java.base/java.util.stream.ForEachOps$ForEachOp$OfRef.evaluateSequential(ForEachOps.java:174)
	at java.base/java.util.stream.AbstractPipeline.evaluate(AbstractPipeline.java:234)
	at java.base/java.util.stream.ReferencePipeline.forEach(ReferencePipeline.java:596)
	at java.base/java.util.stream.ReferencePipeline$7$1.accept(ReferencePipeline.java:276)
	at java.base/java.util.ArrayList$ArrayListSpliterator.forEachRemaining(ArrayList.java:1708)
	at java.base/java.util.stream.AbstractPipeline.copyInto(AbstractPipeline.java:509)
	at java.base/java.util.stream.AbstractPipeline.wrapAndCopyInto(AbstractPipeline.java:499)
	at java.base/java.util.stream.ForEachOps$ForEachOp.evaluateSequential(ForEachOps.java:151)
	at java.base/java.util.stream.ForEachOps$ForEachOp$OfRef.evaluateSequential(ForEachOps.java:174)
	at java.base/java.util.stream.AbstractPipeline.evaluate(AbstractPipeline.java:234)
	at java.base/java.util.stream.ReferencePipeline.forEach(ReferencePipeline.java:596)
	at java.base/java.util.stream.ReferencePipeline$7$1.accept(ReferencePipeline.java:276)
	at java.base/java.util.stream.ReferencePipeline$3$1.accept(ReferencePipeline.java:197)
	at java.base/java.util.stream.ReferencePipeline$3$1.accept(ReferencePipeline.java:197)
	at java.base/java.util.stream.ReferencePipeline$3$1.accept(ReferencePipeline.java:197)
	at java.base/java.util.ArrayList$ArrayListSpliterator.forEachRemaining(ArrayList.java:1708)
	at java.base/java.util.stream.AbstractPipeline.copyInto(AbstractPipeline.java:509)
	at java.base/java.util.stream.AbstractPipeline.wrapAndCopyInto(AbstractPipeline.java:499)
	at java.base/java.util.stream.ForEachOps$ForEachOp.evaluateSequential(ForEachOps.java:151)
	at java.base/java.util.stream.ForEachOps$ForEachOp$OfRef.evaluateSequential(ForEachOps.java:174)
	at java.base/java.util.stream.AbstractPipeline.evaluate(AbstractPipeline.java:234)
	at java.base/java.util.stream.ReferencePipeline.forEach(ReferencePipeline.java:596)
	at java.base/java.util.stream.ReferencePipeline$7$1.accept(ReferencePipeline.java:276)
	at java.base/java.util.ArrayList$ArrayListSpliterator.forEachRemaining(ArrayList.java:1708)
	at java.base/java.util.stream.AbstractPipeline.copyInto(AbstractPipeline.java:509)
	at java.base/java.util.stream.AbstractPipeline.wrapAndCopyInto(AbstractPipeline.java:499)
	at java.base/java.util.stream.ForEachOps$ForEachOp.evaluateSequential(ForEachOps.java:151)
	at java.base/java.util.stream.ForEachOps$ForEachOp$OfRef.evaluateSequential(ForEachOps.java:174)
	at java.base/java.util.stream.AbstractPipeline.evaluate(AbstractPipeline.java:234)
	at java.base/java.util.stream.ReferencePipeline.forEach(ReferencePipeline.java:596)
	at java.base/java.util.ArrayList.forEach(ArrayList.java:1596)
	at java.base/java.util.ArrayList.forEach(ArrayList.java:1596)

[ERROR] com.dsaplatform.service.ChatServicePropertyTest.chatResponseContainsRequiredMetadata(String)[3] -- Time elapsed: 0.186 s <<< FAILURE!
java.lang.AssertionError: 
[Response content should not be empty] 
Expecting not blank but was: null
	at com.dsaplatform.service.ChatServicePropertyTest.chatResponseContainsRequiredMetadata(ChatServicePropertyTest.java:171)
	at java.base/java.lang.reflect.Method.invoke(Method.java:580)
	at java.base/java.util.stream.ForEachOps$ForEachOp$OfRef.accept(ForEachOps.java:184)
	at java.base/java.util.stream.ReferencePipeline$3$1.accept(ReferencePipeline.java:197)
	at java.base/java.util.stream.ReferencePipeline$2$1.accept(ReferencePipeline.java:179)
	at java.base/java.util.stream.ReferencePipeline$3$1.accept(ReferencePipeline.java:197)
	at java.base/java.util.stream.ForEachOps$ForEachOp$OfRef.accept(ForEachOps.java:184)
	at java.base/java.util.stream.ReferencePipeline$3$1.accept(ReferencePipeline.java:197)
	at java.base/java.util.stream.ForEachOps$ForEachOp$OfRef.accept(ForEachOps.java:184)
	at java.base/java.util.stream.ForEachOps$ForEachOp$OfRef.accept(ForEachOps.java:184)
	at java.base/java.util.stream.ReferencePipeline$3$1.accept(ReferencePipeline.java:197)
	at java.base/java.util.Spliterators$ArraySpliterator.forEachRemaining(Spliterators.java:1024)
	at java.base/java.util.stream.AbstractPipeline.copyInto(AbstractPipeline.java:509)
	at java.base/java.util.stream.AbstractPipeline.wrapAndCopyInto(AbstractPipeline.java:499)
	at java.base/java.util.stream.ForEachOps$ForEachOp.evaluateSequential(ForEachOps.java:151)
	at java.base/java.util.stream.ForEachOps$ForEachOp$OfRef.evaluateSequential(ForEachOps.java:174)
	at java.base/java.util.stream.AbstractPipeline.evaluate(AbstractPipeline.java:234)
	at java.base/java.util.stream.ReferencePipeline.forEach(ReferencePipeline.java:596)
	at java.base/java.util.stream.ReferencePipeline$7$1.accept(ReferencePipeline.java:276)
	at java.base/java.util.ArrayList$ArrayListSpliterator.forEachRemaining(ArrayList.java:1708)
	at java.base/java.util.stream.AbstractPipeline.copyInto(AbstractPipeline.java:509)
	at java.base/java.util.stream.AbstractPipeline.wrapAndCopyInto(AbstractPipeline.java:499)
	at java.base/java.util.stream.ForEachOps$ForEachOp.evaluateSequential(ForEachOps.java:151)
	at java.base/java.util.stream.ForEachOps$ForEachOp$OfRef.evaluateSequential(ForEachOps.java:174)
	at java.base/java.util.stream.AbstractPipeline.evaluate(AbstractPipeline.java:234)
	at java.base/java.util.stream.ReferencePipeline.forEach(ReferencePipeline.java:596)
	at java.base/java.util.stream.ReferencePipeline$7$1.accept(ReferencePipeline.java:276)
	at java.base/java.util.stream.ReferencePipeline$3$1.accept(ReferencePipeline.java:197)
	at java.base/java.util.stream.ReferencePipeline$3$1.accept(ReferencePipeline.java:197)
	at java.base/java.util.stream.ReferencePipeline$3$1.accept(ReferencePipeline.java:197)
	at java.base/java.util.ArrayList$ArrayListSpliterator.forEachRemaining(ArrayList.java:1708)
	at java.base/java.util.stream.AbstractPipeline.copyInto(AbstractPipeline.java:509)
	at java.base/java.util.stream.AbstractPipeline.wrapAndCopyInto(AbstractPipeline.java:499)
	at java.base/java.util.stream.ForEachOps$ForEachOp.evaluateSequential(ForEachOps.java:151)
	at java.base/java.util.stream.ForEachOps$ForEachOp$OfRef.evaluateSequential(ForEachOps.java:174)
	at java.base/java.util.stream.AbstractPipeline.evaluate(AbstractPipeline.java:234)
	at java.base/java.util.stream.ReferencePipeline.forEach(ReferencePipeline.java:596)
	at java.base/java.util.stream.ReferencePipeline$7$1.accept(ReferencePipeline.java:276)
	at java.base/java.util.ArrayList$ArrayListSpliterator.forEachRemaining(ArrayList.java:1708)
	at java.base/java.util.stream.AbstractPipeline.copyInto(AbstractPipeline.java:509)
	at java.base/java.util.stream.AbstractPipeline.wrapAndCopyInto(AbstractPipeline.java:499)
	at java.base/java.util.stream.ForEachOps$ForEachOp.evaluateSequential(ForEachOps.java:151)
	at java.base/java.util.stream.ForEachOps$ForEachOp$OfRef.evaluateSequential(ForEachOps.java:174)
	at java.base/java.util.stream.AbstractPipeline.evaluate(AbstractPipeline.java:234)
	at java.base/java.util.stream.ReferencePipeline.forEach(ReferencePipeline.java:596)
	at java.base/java.util.ArrayList.forEach(ArrayList.java:1596)
	at java.base/java.util.ArrayList.forEach(ArrayList.java:1596)

[ERROR] com.dsaplatform.service.ChatServicePropertyTest.chatResponseContainsRequiredMetadata(String)[4] -- Time elapsed: 0.194 s <<< FAILURE!
java.lang.AssertionError: 
[Response content should not be empty] 
Expecting not blank but was: null
	at com.dsaplatform.service.ChatServicePropertyTest.chatResponseContainsRequiredMetadata(ChatServicePropertyTest.java:171)
	at java.base/java.lang.reflect.Method.invoke(Method.java:580)
	at java.base/java.util.stream.ForEachOps$ForEachOp$OfRef.accept(ForEachOps.java:184)
	at java.base/java.util.stream.ReferencePipeline$3$1.accept(ReferencePipeline.java:197)
	at java.base/java.util.stream.ReferencePipeline$2$1.accept(ReferencePipeline.java:179)
	at java.base/java.util.stream.ReferencePipeline$3$1.accept(ReferencePipeline.java:197)
	at java.base/java.util.stream.ForEachOps$ForEachOp$OfRef.accept(ForEachOps.java:184)
	at java.base/java.util.stream.ReferencePipeline$3$1.accept(ReferencePipeline.java:197)
	at java.base/java.util.stream.ForEachOps$ForEachOp$OfRef.accept(ForEachOps.java:184)
	at java.base/java.util.stream.ForEachOps$ForEachOp$OfRef.accept(ForEachOps.java:184)
	at java.base/java.util.stream.ReferencePipeline$3$1.accept(ReferencePipeline.java:197)
	at java.base/java.util.Spliterators$ArraySpliterator.forEachRemaining(Spliterators.java:1024)
	at java.base/java.util.stream.AbstractPipeline.copyInto(AbstractPipeline.java:509)
	at java.base/java.util.stream.AbstractPipeline.wrapAndCopyInto(AbstractPipeline.java:499)
	at java.base/java.util.stream.ForEachOps$ForEachOp.evaluateSequential(ForEachOps.java:151)
	at java.base/java.util.stream.ForEachOps$ForEachOp$OfRef.evaluateSequential(ForEachOps.java:174)
	at java.base/java.util.stream.AbstractPipeline.evaluate(AbstractPipeline.java:234)
	at java.base/java.util.stream.ReferencePipeline.forEach(ReferencePipeline.java:596)
	at java.base/java.util.stream.ReferencePipeline$7$1.accept(ReferencePipeline.java:276)
	at java.base/java.util.ArrayList$ArrayListSpliterator.forEachRemaining(ArrayList.java:1708)
	at java.base/java.util.stream.AbstractPipeline.copyInto(AbstractPipeline.java:509)
	at java.base/java.util.stream.AbstractPipeline.wrapAndCopyInto(AbstractPipeline.java:499)
	at java.base/java.util.stream.ForEachOps$ForEachOp.evaluateSequential(ForEachOps.java:151)
	at java.base/java.util.stream.ForEachOps$ForEachOp$OfRef.evaluateSequential(ForEachOps.java:174)
	at java.base/java.util.stream.AbstractPipeline.evaluate(AbstractPipeline.java:234)
	at java.base/java.util.stream.ReferencePipeline.forEach(ReferencePipeline.java:596)
	at java.base/java.util.stream.ReferencePipeline$7$1.accept(ReferencePipeline.java:276)
	at java.base/java.util.stream.ReferencePipeline$3$1.accept(ReferencePipeline.java:197)
	at java.base/java.util.stream.ReferencePipeline$3$1.accept(ReferencePipeline.java:197)
	at java.base/java.util.stream.ReferencePipeline$3$1.accept(ReferencePipeline.java:197)
	at java.base/java.util.ArrayList$ArrayListSpliterator.forEachRemaining(ArrayList.java:1708)
	at java.base/java.util.stream.AbstractPipeline.copyInto(AbstractPipeline.java:509)
	at java.base/java.util.stream.AbstractPipeline.wrapAndCopyInto(AbstractPipeline.java:499)
	at java.base/java.util.stream.ForEachOps$ForEachOp.evaluateSequential(ForEachOps.java:151)
	at java.base/java.util.stream.ForEachOps$ForEachOp$OfRef.evaluateSequential(ForEachOps.java:174)
	at java.base/java.util.stream.AbstractPipeline.evaluate(AbstractPipeline.java:234)
	at java.base/java.util.stream.ReferencePipeline.forEach(ReferencePipeline.java:596)
	at java.base/java.util.stream.ReferencePipeline$7$1.accept(ReferencePipeline.java:276)
	at java.base/java.util.ArrayList$ArrayListSpliterator.forEachRemaining(ArrayList.java:1708)
	at java.base/java.util.stream.AbstractPipeline.copyInto(AbstractPipeline.java:509)
	at java.base/java.util.stream.AbstractPipeline.wrapAndCopyInto(AbstractPipeline.java:499)
	at java.base/java.util.stream.ForEachOps$ForEachOp.evaluateSequential(ForEachOps.java:151)
	at java.base/java.util.stream.ForEachOps$ForEachOp$OfRef.evaluateSequential(ForEachOps.java:174)
	at java.base/java.util.stream.AbstractPipeline.evaluate(AbstractPipeline.java:234)
	at java.base/java.util.stream.ReferencePipeline.forEach(ReferencePipeline.java:596)
	at java.base/java.util.ArrayList.forEach(ArrayList.java:1596)
	at java.base/java.util.ArrayList.forEach(ArrayList.java:1596)

[INFO] Running com.dsaplatform.service.EmbeddingServicePropertyTest
[ERROR] Tests run: 25, Failures: 1, Errors: 0, Skipped: 0, Time elapsed: 0.154 s <<< FAILURE! -- in com.dsaplatform.service.EmbeddingServicePropertyTest
[ERROR] com.dsaplatform.service.EmbeddingServicePropertyTest.numberOfChunksIsPredictable(int, int, int)[3] -- Time elapsed: 0.010 s <<< FAILURE!
org.opentest4j.AssertionFailedError: 
[Number of chunks for text length 2000] 
expected: 13
 but was: 14
	at com.dsaplatform.service.EmbeddingServicePropertyTest.numberOfChunksIsPredictable(EmbeddingServicePropertyTest.java:273)
	at java.base/java.lang.reflect.Method.invoke(Method.java:580)
	at java.base/java.util.stream.ForEachOps$ForEachOp$OfRef.accept(ForEachOps.java:184)
	at java.base/java.util.stream.ReferencePipeline$3$1.accept(ReferencePipeline.java:197)
	at java.base/java.util.stream.ReferencePipeline$2$1.accept(ReferencePipeline.java:179)
	at java.base/java.util.stream.ReferencePipeline$3$1.accept(ReferencePipeline.java:197)
	at java.base/java.util.stream.ForEachOps$ForEachOp$OfRef.accept(ForEachOps.java:184)
	at java.base/java.util.stream.ReferencePipeline$3$1.accept(ReferencePipeline.java:197)
	at java.base/java.util.stream.ForEachOps$ForEachOp$OfRef.accept(ForEachOps.java:184)
	at java.base/java.util.ArrayList$ArrayListSpliterator.forEachRemaining(ArrayList.java:1708)
	at java.base/java.util.stream.ReferencePipeline$Head.forEach(ReferencePipeline.java:762)
	at java.base/java.util.stream.ReferencePipeline$7$1.accept(ReferencePipeline.java:276)
	at java.base/java.util.ArrayList$ArrayListSpliterator.forEachRemaining(ArrayList.java:1708)
	at java.base/java.util.stream.AbstractPipeline.copyInto(AbstractPipeline.java:509)
	at java.base/java.util.stream.AbstractPipeline.wrapAndCopyInto(AbstractPipeline.java:499)
	at java.base/java.util.stream.ForEachOps$ForEachOp.evaluateSequential(ForEachOps.java:151)
	at java.base/java.util.stream.ForEachOps$ForEachOp$OfRef.evaluateSequential(ForEachOps.java:174)
	at java.base/java.util.stream.AbstractPipeline.evaluate(AbstractPipeline.java:234)
	at java.base/java.util.stream.ReferencePipeline.forEach(ReferencePipeline.java:596)
	at java.base/java.util.stream.ReferencePipeline$7$1.accept(ReferencePipeline.java:276)
	at java.base/java.util.stream.ReferencePipeline$3$1.accept(ReferencePipeline.java:197)
	at java.base/java.util.stream.ReferencePipeline$3$1.accept(ReferencePipeline.java:197)
	at java.base/java.util.stream.ReferencePipeline$3$1.accept(ReferencePipeline.java:197)
	at java.base/java.util.ArrayList$ArrayListSpliterator.forEachRemaining(ArrayList.java:1708)
	at java.base/java.util.stream.AbstractPipeline.copyInto(AbstractPipeline.java:509)
	at java.base/java.util.stream.AbstractPipeline.wrapAndCopyInto(AbstractPipeline.java:499)
	at java.base/java.util.stream.ForEachOps$ForEachOp.evaluateSequential(ForEachOps.java:151)
	at java.base/java.util.stream.ForEachOps$ForEachOp$OfRef.evaluateSequential(ForEachOps.java:174)
	at java.base/java.util.stream.AbstractPipeline.evaluate(AbstractPipeline.java:234)
	at java.base/java.util.stream.ReferencePipeline.forEach(ReferencePipeline.java:596)
	at java.base/java.util.stream.ReferencePipeline$7$1.accept(ReferencePipeline.java:276)
	at java.base/java.util.ArrayList$ArrayListSpliterator.forEachRemaining(ArrayList.java:1708)
	at java.base/java.util.stream.AbstractPipeline.copyInto(AbstractPipeline.java:509)
	at java.base/java.util.stream.AbstractPipeline.wrapAndCopyInto(AbstractPipeline.java:499)
	at java.base/java.util.stream.ForEachOps$ForEachOp.evaluateSequential(ForEachOps.java:151)
	at java.base/java.util.stream.ForEachOps$ForEachOp$OfRef.evaluateSequential(ForEachOps.java:174)
	at java.base/java.util.stream.AbstractPipeline.evaluate(AbstractPipeline.java:234)
	at java.base/java.util.stream.ReferencePipeline.forEach(ReferencePipeline.java:596)
	at java.base/java.util.ArrayList.forEach(ArrayList.java:1596)
	at java.base/java.util.ArrayList.forEach(ArrayList.java:1596)

[INFO] Running com.dsaplatform.service.LessonProgressPropertyTest
2026-01-18 14:29:24 - Could not detect default configuration classes for test class [com.dsaplatform.service.LessonProgressPropertyTest]: LessonProgressPropertyTest does not declare any static, non-private, non-final, nested classes annotated with @Configuration.
2026-01-18 14:29:24 - Found @SpringBootConfiguration com.dsaplatform.DsaLearningPlatformApplication for test class com.dsaplatform.service.LessonProgressPropertyTest
2026-01-18 14:29:24 - Initialized Dotenv with DotenvConfig{directory=null, filename=null, ignoreIfMalformed=false, ignoreIfMissing=true, systemProperties=false, prefix=null}

  .   ____          _            __ _ _
 /\\ / ___'_ __ _ _(_)_ __  __ _ \ \ \ \
( ( )\___ | '_ | '_| | '_ \/ _` | \ \ \ \
 \\/  ___)| |_)| | | | | || (_| |  ) ) ) )
  '  |____| .__|_| |_|_| |_\__, | / / / /
 =========|_|==============|___/=/_/_/_/

 :: Spring Boot ::                (v3.4.1)

2026-01-18 14:29:24 - Starting LessonProgressPropertyTest using Java 21.0.9 with PID 1172 (started by PC in D:\Proj\Dsa\backend)
2026-01-18 14:29:24 - Running with Spring Boot v3.4.1, Spring v6.2.1
2026-01-18 14:29:24 - The following 1 profile is active: "test"
2026-01-18 14:29:25 - Bootstrapping Spring Data JPA repositories in DEFAULT mode.
2026-01-18 14:29:25 - Finished Spring Data repository scanning in 61 ms. Found 10 JPA repository interfaces.
2026-01-18 14:29:25 - HHH000204: Processing PersistenceUnitInfo [name: default]
2026-01-18 14:29:25 - HHH000026: Second-level cache disabled
2026-01-18 14:29:25 - No LoadTimeWeaver setup: ignoring JPA class transformer
2026-01-18 14:29:25 - HikariPool-3 - Starting...
2026-01-18 14:29:25 - HikariPool-3 - Added connection conn33: url=jdbc:h2:mem:testdb user=SA
2026-01-18 14:29:25 - HikariPool-3 - Start completed.
2026-01-18 14:29:25 - HHH90000025: H2Dialect does not need to be specified explicitly using 'hibernate.dialect' (remove the property setting and it will be selected by default)
2026-01-18 14:29:25 - HHH10001005: Database info:
	Database JDBC URL [Connecting through datasource 'HikariDataSource (HikariPool-3)']
	Database driver: undefined/unknown
	Database version: 2.3.232
	Autocommit mode: undefined/unknown
	Isolation level: undefined/unknown
	Minimum pool size: undefined/unknown
	Maximum pool size: undefined/unknown
2026-01-18 14:29:25 - HHH000489: No JTA platform available (set 'hibernate.transaction.jta.platform' to enable JTA platform integration)
Hibernate: 
    drop table if exists badges cascade 
Hibernate: 
    drop table if exists chapters cascade 
Hibernate: 
    drop table if exists chat_logs cascade 
Hibernate: 
    drop table if exists courses cascade 
Hibernate: 
    drop table if exists lesson_embeddings cascade 
Hibernate: 
    drop table if exists lesson_progress cascade 
Hibernate: 
    drop table if exists lessons cascade 
Hibernate: 
    drop table if exists notes cascade 
Hibernate: 
    drop table if exists user_badges cascade 
Hibernate: 
    drop table if exists users cascade 
Hibernate: 
    create table badges (
        created_at timestamp(6) not null,
        id bigint generated by default as identity,
        updated_at timestamp(6),
        icon varchar(10),
        name varchar(100) not null unique,
        description varchar(500),
        rarity enum ('COMMON','EPIC','LEGENDARY','RARE') not null,
        primary key (id)
    )
Hibernate: 
    create table chapters (
        chapter_order integer not null,
        course_id bigint not null,
        created_at timestamp(6) not null,
        id bigint generated by default as identity,
        updated_at timestamp(6),
        title varchar(200) not null,
        description varchar(1000),
        primary key (id)
    )
Hibernate: 
    create table chat_logs (
        confidence_score numeric(5,4),
        retrieved_chunks integer,
        created_at timestamp(6) not null,
        id bigint generated by default as identity,
        question_timestamp timestamp(6) not null,
        response_timestamp timestamp(6),
        user_id bigint not null,
        bot_response TEXT,
        related_chapter_ids TEXT,
        user_question TEXT not null,
        primary key (id)
    )
Hibernate: 
    create table courses (
        duration integer not null,
        created_at timestamp(6) not null,
        id bigint generated by default as identity,
        updated_at timestamp(6),
        title varchar(200) not null,
        thumbnail varchar(500),
        description varchar(1000),
        difficulty enum ('ADVANCED','BEGINNER','INTERMEDIATE') not null,
        primary key (id)
    )
Hibernate: 
    create table lesson_embeddings (
        chunk_index integer,
        created_at timestamp(6) not null,
        id bigint generated by default as identity,
        lesson_id bigint not null,
        chunk_text varchar(2000),
        embedding TEXT,
        primary key (id)
    )
Hibernate: 
    create table lesson_progress (
        completed boolean not null,
        completed_at timestamp(6),
        created_at timestamp(6) not null,
        id bigint generated by default as identity,
        lesson_id bigint not null,
        updated_at timestamp(6),
        user_id bigint not null,
        primary key (id),
        unique (user_id, lesson_id)
    )
Hibernate: 
    create table lessons (
        duration integer not null,
        lesson_order integer not null,
        chapter_id bigint not null,
        created_at timestamp(6) not null,
        id bigint generated by default as identity,
        updated_at timestamp(6),
        title varchar(200) not null,
        content TEXT,
        primary key (id)
    )
Hibernate: 
    create table notes (
        created_at timestamp(6) not null,
        id bigint generated by default as identity,
        lesson_id bigint,
        updated_at timestamp(6),
        user_id bigint not null,
        title varchar(200) not null,
        content TEXT,
        primary key (id)
    )
Hibernate: 
    create table user_badges (
        badge_id bigint not null,
        earned_at timestamp(6) not null,
        id bigint generated by default as identity,
        user_id bigint not null,
        primary key (id),
        unique (user_id, badge_id)
    )
Hibernate: 
    create table users (
        level integer not null,
        points integer not null,
        streak integer not null,
        created_at timestamp(6) not null,
        id bigint generated by default as identity,
        last_activity_date timestamp(6),
        updated_at timestamp(6),
        username varchar(50) not null unique,
        avatar varchar(500),
        email varchar(255) not null unique,
        password varchar(255) not null,
        role enum ('ADMIN','STUDENT') not null,
        primary key (id)
    )
Hibernate: 
    alter table if exists chapters 
       add constraint FK6h1m0nrtdwj37570c0sp2tdcs 
       foreign key (course_id) 
       references courses
Hibernate: 
    alter table if exists lesson_embeddings 
       add constraint FKqrgqipxxna7k8m9p4o08ck01p 
       foreign key (lesson_id) 
       references lessons
Hibernate: 
    alter table if exists lesson_progress 
       add constraint FKqwr70bkn0j6gok1y4op9jns8y 
       foreign key (lesson_id) 
       references lessons
Hibernate: 
    alter table if exists lesson_progress 
       add constraint FKhxwj6gbacmwi2768sceg602uf 
       foreign key (user_id) 
       references users
Hibernate: 
    alter table if exists lessons 
       add constraint FKmb78vk1f2oljr16oj1hpo45ma 
       foreign key (chapter_id) 
       references chapters
Hibernate: 
    alter table if exists notes 
       add constraint FK3xenqmacuiqjq2lnhmtojavp7 
       foreign key (lesson_id) 
       references lessons
Hibernate: 
    alter table if exists notes 
       add constraint FKechaouoa6kus6k1dpix1u91c 
       foreign key (user_id) 
       references users
Hibernate: 
    alter table if exists user_badges 
       add constraint FKk6e00pguaij0uke6xr81gt045 
       foreign key (badge_id) 
       references badges
Hibernate: 
    alter table if exists user_badges 
       add constraint FKr46ah81sjymsn035m4ojstn5s 
       foreign key (user_id) 
       references users
2026-01-18 14:29:25 - Initialized JPA EntityManagerFactory for persistence unit 'default'
2026-01-18 14:29:26 - Global AuthenticationManager configured with AuthenticationProvider bean with name authenticationProvider
2026-01-18 14:29:26 - Global AuthenticationManager configured with an AuthenticationProvider bean. UserDetailsService beans will not be used by Spring Security for automatically configuring username/password login. Consider removing the AuthenticationProvider bean. Alternatively, consider using the UserDetailsService in a manually instantiated DaoAuthenticationProvider. If the current configuration is intentional, to turn off this warning, increase the logging level of 'org.springframework.security.config.annotation.authentication.configuration.InitializeUserDetailsBeanManagerConfigurer' to ERROR
2026-01-18 14:29:26 - OpenRouter client initialized with API key: sk-t...ting
2026-01-18 14:29:26 - Using base URL: https://openrouter.ai/api/v1
2026-01-18 14:29:26 - spring.jpa.open-in-view is enabled by default. Therefore, database queries may be performed during view rendering. Explicitly configure spring.jpa.open-in-view to disable this warning
2026-01-18 14:29:27 - H2 console available at '/h2-console'. Database available at 'jdbc:h2:mem:testdb'
2026-01-18 14:29:27 - Started LessonProgressPropertyTest in 2.866 seconds (process running for 43.183)
Hibernate: 
    select
        lp1_0.id,
        lp1_0.completed,
        lp1_0.completed_at,
        lp1_0.created_at,
        lp1_0.lesson_id,
        lp1_0.updated_at,
        lp1_0.user_id 
    from
        lesson_progress lp1_0
Hibernate: 
    select
        l1_0.id,
        l1_0.chapter_id,
        l1_0.content,
        l1_0.created_at,
        l1_0.duration,
        l1_0.lesson_order,
        l1_0.title,
        l1_0.updated_at 
    from
        lessons l1_0
Hibernate: 
    select
        c1_0.id,
        c1_0.course_id,
        c1_0.created_at,
        c1_0.description,
        c1_0.chapter_order,
        c1_0.title,
        c1_0.updated_at 
    from
        chapters c1_0
Hibernate: 
    select
        c1_0.id,
        c1_0.created_at,
        c1_0.description,
        c1_0.difficulty,
        c1_0.duration,
        c1_0.thumbnail,
        c1_0.title,
        c1_0.updated_at 
    from
        courses c1_0
Hibernate: 
    select
        u1_0.id,
        u1_0.avatar,
        u1_0.created_at,
        u1_0.email,
        u1_0.last_activity_date,
        u1_0.level,
        u1_0.password,
        u1_0.points,
        u1_0.role,
        u1_0.streak,
        u1_0.updated_at,
        u1_0.username 
    from
        users u1_0
Hibernate: 
    insert 
    into
        users
        (avatar, created_at, email, last_activity_date, level, password, points, role, streak, updated_at, username, id) 
    values
        (?, ?, ?, ?, ?, ?, ?, ?, ?, ?, ?, default)
Hibernate: 
    insert 
    into
        users
        (avatar, created_at, email, last_activity_date, level, password, points, role, streak, updated_at, username, id) 
    values
        (?, ?, ?, ?, ?, ?, ?, ?, ?, ?, ?, default)
Hibernate: 
    insert 
    into
        courses
        (created_at, description, difficulty, duration, thumbnail, title, updated_at, id) 
    values
        (?, ?, ?, ?, ?, ?, ?, default)
Hibernate: 
    insert 
    into
        chapters
        (course_id, created_at, description, chapter_order, title, updated_at, id) 
    values
        (?, ?, ?, ?, ?, ?, default)
Hibernate: 
    insert 
    into
        lessons
        (chapter_id, content, created_at, duration, lesson_order, title, updated_at, id) 
    values
        (?, ?, ?, ?, ?, ?, ?, default)
Hibernate: 
    insert 
    into
        lessons
        (chapter_id, content, created_at, duration, lesson_order, title, updated_at, id) 
    values
        (?, ?, ?, ?, ?, ?, ?, default)
Hibernate: 
    insert 
    into
        lessons
        (chapter_id, content, created_at, duration, lesson_order, title, updated_at, id) 
    values
        (?, ?, ?, ?, ?, ?, ?, default)
Hibernate: 
    insert 
    into
        lessons
        (chapter_id, content, created_at, duration, lesson_order, title, updated_at, id) 
    values
        (?, ?, ?, ?, ?, ?, ?, default)
Hibernate: 
    insert 
    into
        lessons
        (chapter_id, content, created_at, duration, lesson_order, title, updated_at, id) 
    values
        (?, ?, ?, ?, ?, ?, ?, default)
Hibernate: 
    insert 
    into
        lesson_progress
        (completed, completed_at, created_at, lesson_id, updated_at, user_id, id) 
    values
        (?, ?, ?, ?, ?, ?, default)
Hibernate: 
    insert 
    into
        lesson_progress
        (completed, completed_at, created_at, lesson_id, updated_at, user_id, id) 
    values
        (?, ?, ?, ?, ?, ?, default)
Hibernate: 
    insert 
    into
        lesson_progress
        (completed, completed_at, created_at, lesson_id, updated_at, user_id, id) 
    values
        (?, ?, ?, ?, ?, ?, default)
Hibernate: 
    insert 
    into
        lesson_progress
        (completed, completed_at, created_at, lesson_id, updated_at, user_id, id) 
    values
        (?, ?, ?, ?, ?, ?, default)
Hibernate: 
    insert 
    into
        lesson_progress
        (completed, completed_at, created_at, lesson_id, updated_at, user_id, id) 
    values
        (?, ?, ?, ?, ?, ?, default)
Hibernate: 
    insert 
    into
        lesson_progress
        (completed, completed_at, created_at, lesson_id, updated_at, user_id, id) 
    values
        (?, ?, ?, ?, ?, ?, default)
Hibernate: 
    select
        lp1_0.id,
        lp1_0.completed,
        lp1_0.completed_at,
        lp1_0.created_at,
        lp1_0.lesson_id,
        lp1_0.updated_at,
        lp1_0.user_id 
    from
        lesson_progress lp1_0 
    left join
        users u1_0 
            on u1_0.id=lp1_0.user_id 
    where
        u1_0.id=?
Hibernate: 
    select
        lp1_0.id,
        lp1_0.completed,
        lp1_0.completed_at,
        lp1_0.created_at,
        lp1_0.lesson_id,
        lp1_0.updated_at,
        lp1_0.user_id 
    from
        lesson_progress lp1_0 
    left join
        users u1_0 
            on u1_0.id=lp1_0.user_id 
    where
        u1_0.id=?
Hibernate: 
    select
        lp1_0.id,
        lp1_0.completed,
        lp1_0.completed_at,
        lp1_0.created_at,
        lp1_0.lesson_id,
        lp1_0.updated_at,
        lp1_0.user_id 
    from
        lesson_progress lp1_0
Hibernate: 
    select
        l1_0.id,
        l1_0.chapter_id,
        l1_0.content,
        l1_0.created_at,
        l1_0.duration,
        l1_0.lesson_order,
        l1_0.title,
        l1_0.updated_at 
    from
        lessons l1_0
Hibernate: 
    select
        c1_0.id,
        c1_0.course_id,
        c1_0.created_at,
        c1_0.description,
        c1_0.chapter_order,
        c1_0.title,
        c1_0.updated_at 
    from
        chapters c1_0
Hibernate: 
    select
        c1_0.id,
        c1_0.created_at,
        c1_0.description,
        c1_0.difficulty,
        c1_0.duration,
        c1_0.thumbnail,
        c1_0.title,
        c1_0.updated_at 
    from
        courses c1_0
Hibernate: 
    select
        u1_0.id,
        u1_0.avatar,
        u1_0.created_at,
        u1_0.email,
        u1_0.last_activity_date,
        u1_0.level,
        u1_0.password,
        u1_0.points,
        u1_0.role,
        u1_0.streak,
        u1_0.updated_at,
        u1_0.username 
    from
        users u1_0
Hibernate: 
    insert 
    into
        users
        (avatar, created_at, email, last_activity_date, level, password, points, role, streak, updated_at, username, id) 
    values
        (?, ?, ?, ?, ?, ?, ?, ?, ?, ?, ?, default)
Hibernate: 
    insert 
    into
        users
        (avatar, created_at, email, last_activity_date, level, password, points, role, streak, updated_at, username, id) 
    values
        (?, ?, ?, ?, ?, ?, ?, ?, ?, ?, ?, default)
Hibernate: 
    insert 
    into
        courses
        (created_at, description, difficulty, duration, thumbnail, title, updated_at, id) 
    values
        (?, ?, ?, ?, ?, ?, ?, default)
Hibernate: 
    insert 
    into
        chapters
        (course_id, created_at, description, chapter_order, title, updated_at, id) 
    values
        (?, ?, ?, ?, ?, ?, default)
Hibernate: 
    insert 
    into
        lessons
        (chapter_id, content, created_at, duration, lesson_order, title, updated_at, id) 
    values
        (?, ?, ?, ?, ?, ?, ?, default)
Hibernate: 
    insert 
    into
        lessons
        (chapter_id, content, created_at, duration, lesson_order, title, updated_at, id) 
    values
        (?, ?, ?, ?, ?, ?, ?, default)
Hibernate: 
    insert 
    into
        lessons
        (chapter_id, content, created_at, duration, lesson_order, title, updated_at, id) 
    values
        (?, ?, ?, ?, ?, ?, ?, default)
Hibernate: 
    insert 
    into
        lessons
        (chapter_id, content, created_at, duration, lesson_order, title, updated_at, id) 
    values
        (?, ?, ?, ?, ?, ?, ?, default)
Hibernate: 
    insert 
    into
        lessons
        (chapter_id, content, created_at, duration, lesson_order, title, updated_at, id) 
    values
        (?, ?, ?, ?, ?, ?, ?, default)
Hibernate: 
    insert 
    into
        lesson_progress
        (completed, completed_at, created_at, lesson_id, updated_at, user_id, id) 
    values
        (?, ?, ?, ?, ?, ?, default)
Hibernate: 
    insert 
    into
        lesson_progress
        (completed, completed_at, created_at, lesson_id, updated_at, user_id, id) 
    values
        (?, ?, ?, ?, ?, ?, default)
Hibernate: 
    select
        lp1_0.id,
        lp1_0.completed,
        lp1_0.completed_at,
        lp1_0.created_at,
        lp1_0.lesson_id,
        lp1_0.updated_at,
        lp1_0.user_id 
    from
        lesson_progress lp1_0 
    left join
        users u1_0 
            on u1_0.id=lp1_0.user_id 
    where
        u1_0.id=?
Hibernate: 
    select
        lp1_0.id,
        lp1_0.completed,
        lp1_0.completed_at,
        lp1_0.created_at,
        lp1_0.lesson_id,
        lp1_0.updated_at,
        lp1_0.user_id 
    from
        lesson_progress lp1_0 
    left join
        users u1_0 
            on u1_0.id=lp1_0.user_id 
    where
        u1_0.id=?
Hibernate: 
    select
        lp1_0.id,
        lp1_0.completed,
        lp1_0.completed_at,
        lp1_0.created_at,
        lp1_0.lesson_id,
        lp1_0.updated_at,
        lp1_0.user_id 
    from
        lesson_progress lp1_0
Hibernate: 
    select
        l1_0.id,
        l1_0.chapter_id,
        l1_0.content,
        l1_0.created_at,
        l1_0.duration,
        l1_0.lesson_order,
        l1_0.title,
        l1_0.updated_at 
    from
        lessons l1_0
Hibernate: 
    select
        c1_0.id,
        c1_0.course_id,
        c1_0.created_at,
        c1_0.description,
        c1_0.chapter_order,
        c1_0.title,
        c1_0.updated_at 
    from
        chapters c1_0
Hibernate: 
    select
        c1_0.id,
        c1_0.created_at,
        c1_0.description,
        c1_0.difficulty,
        c1_0.duration,
        c1_0.thumbnail,
        c1_0.title,
        c1_0.updated_at 
    from
        courses c1_0
Hibernate: 
    select
        u1_0.id,
        u1_0.avatar,
        u1_0.created_at,
        u1_0.email,
        u1_0.last_activity_date,
        u1_0.level,
        u1_0.password,
        u1_0.points,
        u1_0.role,
        u1_0.streak,
        u1_0.updated_at,
        u1_0.username 
    from
        users u1_0
Hibernate: 
    insert 
    into
        users
        (avatar, created_at, email, last_activity_date, level, password, points, role, streak, updated_at, username, id) 
    values
        (?, ?, ?, ?, ?, ?, ?, ?, ?, ?, ?, default)
Hibernate: 
    insert 
    into
        users
        (avatar, created_at, email, last_activity_date, level, password, points, role, streak, updated_at, username, id) 
    values
        (?, ?, ?, ?, ?, ?, ?, ?, ?, ?, ?, default)
Hibernate: 
    insert 
    into
        courses
        (created_at, description, difficulty, duration, thumbnail, title, updated_at, id) 
    values
        (?, ?, ?, ?, ?, ?, ?, default)
Hibernate: 
    insert 
    into
        chapters
        (course_id, created_at, description, chapter_order, title, updated_at, id) 
    values
        (?, ?, ?, ?, ?, ?, default)
Hibernate: 
    insert 
    into
        lessons
        (chapter_id, content, created_at, duration, lesson_order, title, updated_at, id) 
    values
        (?, ?, ?, ?, ?, ?, ?, default)
Hibernate: 
    insert 
    into
        lessons
        (chapter_id, content, created_at, duration, lesson_order, title, updated_at, id) 
    values
        (?, ?, ?, ?, ?, ?, ?, default)
Hibernate: 
    insert 
    into
        lessons
        (chapter_id, content, created_at, duration, lesson_order, title, updated_at, id) 
    values
        (?, ?, ?, ?, ?, ?, ?, default)
Hibernate: 
    insert 
    into
        lessons
        (chapter_id, content, created_at, duration, lesson_order, title, updated_at, id) 
    values
        (?, ?, ?, ?, ?, ?, ?, default)
Hibernate: 
    insert 
    into
        lessons
        (chapter_id, content, created_at, duration, lesson_order, title, updated_at, id) 
    values
        (?, ?, ?, ?, ?, ?, ?, default)
Hibernate: 
    insert 
    into
        lesson_progress
        (completed, completed_at, created_at, lesson_id, updated_at, user_id, id) 
    values
        (?, ?, ?, ?, ?, ?, default)
Hibernate: 
    insert 
    into
        lesson_progress
        (completed, completed_at, created_at, lesson_id, updated_at, user_id, id) 
    values
        (?, ?, ?, ?, ?, ?, default)
Hibernate: 
    insert 
    into
        lesson_progress
        (completed, completed_at, created_at, lesson_id, updated_at, user_id, id) 
    values
        (?, ?, ?, ?, ?, ?, default)
Hibernate: 
    insert 
    into
        lesson_progress
        (completed, completed_at, created_at, lesson_id, updated_at, user_id, id) 
    values
        (?, ?, ?, ?, ?, ?, default)
Hibernate: 
    insert 
    into
        lesson_progress
        (completed, completed_at, created_at, lesson_id, updated_at, user_id, id) 
    values
        (?, ?, ?, ?, ?, ?, default)
Hibernate: 
    insert 
    into
        lesson_progress
        (completed, completed_at, created_at, lesson_id, updated_at, user_id, id) 
    values
        (?, ?, ?, ?, ?, ?, default)
Hibernate: 
    select
        count(lp1_0.id) 
    from
        lesson_progress lp1_0 
    where
        lp1_0.user_id=? 
        and lp1_0.completed=true
Hibernate: 
    select
        count(lp1_0.id) 
    from
        lesson_progress lp1_0 
    where
        lp1_0.user_id=? 
        and lp1_0.completed=true
Hibernate: 
    select
        lp1_0.id,
        lp1_0.completed,
        lp1_0.completed_at,
        lp1_0.created_at,
        lp1_0.lesson_id,
        lp1_0.updated_at,
        lp1_0.user_id 
    from
        lesson_progress lp1_0
Hibernate: 
    select
        l1_0.id,
        l1_0.chapter_id,
        l1_0.content,
        l1_0.created_at,
        l1_0.duration,
        l1_0.lesson_order,
        l1_0.title,
        l1_0.updated_at 
    from
        lessons l1_0
Hibernate: 
    select
        c1_0.id,
        c1_0.course_id,
        c1_0.created_at,
        c1_0.description,
        c1_0.chapter_order,
        c1_0.title,
        c1_0.updated_at 
    from
        chapters c1_0
Hibernate: 
    select
        c1_0.id,
        c1_0.created_at,
        c1_0.description,
        c1_0.difficulty,
        c1_0.duration,
        c1_0.thumbnail,
        c1_0.title,
        c1_0.updated_at 
    from
        courses c1_0
Hibernate: 
    select
        u1_0.id,
        u1_0.avatar,
        u1_0.created_at,
        u1_0.email,
        u1_0.last_activity_date,
        u1_0.level,
        u1_0.password,
        u1_0.points,
        u1_0.role,
        u1_0.streak,
        u1_0.updated_at,
        u1_0.username 
    from
        users u1_0
Hibernate: 
    insert 
    into
        users
        (avatar, created_at, email, last_activity_date, level, password, points, role, streak, updated_at, username, id) 
    values
        (?, ?, ?, ?, ?, ?, ?, ?, ?, ?, ?, default)
Hibernate: 
    insert 
    into
        users
        (avatar, created_at, email, last_activity_date, level, password, points, role, streak, updated_at, username, id) 
    values
        (?, ?, ?, ?, ?, ?, ?, ?, ?, ?, ?, default)
Hibernate: 
    insert 
    into
        courses
        (created_at, description, difficulty, duration, thumbnail, title, updated_at, id) 
    values
        (?, ?, ?, ?, ?, ?, ?, default)
Hibernate: 
    insert 
    into
        chapters
        (course_id, created_at, description, chapter_order, title, updated_at, id) 
    values
        (?, ?, ?, ?, ?, ?, default)
Hibernate: 
    insert 
    into
        lessons
        (chapter_id, content, created_at, duration, lesson_order, title, updated_at, id) 
    values
        (?, ?, ?, ?, ?, ?, ?, default)
Hibernate: 
    insert 
    into
        lessons
        (chapter_id, content, created_at, duration, lesson_order, title, updated_at, id) 
    values
        (?, ?, ?, ?, ?, ?, ?, default)
Hibernate: 
    insert 
    into
        lessons
        (chapter_id, content, created_at, duration, lesson_order, title, updated_at, id) 
    values
        (?, ?, ?, ?, ?, ?, ?, default)
Hibernate: 
    insert 
    into
        lessons
        (chapter_id, content, created_at, duration, lesson_order, title, updated_at, id) 
    values
        (?, ?, ?, ?, ?, ?, ?, default)
Hibernate: 
    insert 
    into
        lessons
        (chapter_id, content, created_at, duration, lesson_order, title, updated_at, id) 
    values
        (?, ?, ?, ?, ?, ?, ?, default)
Hibernate: 
    select
        lp1_0.id,
        lp1_0.completed,
        lp1_0.completed_at,
        lp1_0.created_at,
        lp1_0.lesson_id,
        lp1_0.updated_at,
        lp1_0.user_id 
    from
        lesson_progress lp1_0 
    left join
        users u1_0 
            on u1_0.id=lp1_0.user_id 
    where
        u1_0.id=?
Hibernate: 
    select
        lp1_0.id,
        lp1_0.completed,
        lp1_0.completed_at,
        lp1_0.created_at,
        lp1_0.lesson_id,
        lp1_0.updated_at,
        lp1_0.user_id 
    from
        lesson_progress lp1_0 
    left join
        users u1_0 
            on u1_0.id=lp1_0.user_id 
    where
        u1_0.id=?
Hibernate: 
    insert 
    into
        lesson_progress
        (completed, completed_at, created_at, lesson_id, updated_at, user_id, id) 
    values
        (?, ?, ?, ?, ?, ?, default)
Hibernate: 
    select
        lp1_0.id,
        lp1_0.completed,
        lp1_0.completed_at,
        lp1_0.created_at,
        lp1_0.lesson_id,
        lp1_0.updated_at,
        lp1_0.user_id 
    from
        lesson_progress lp1_0 
    left join
        users u1_0 
            on u1_0.id=lp1_0.user_id 
    where
        u1_0.id=?
Hibernate: 
    select
        lp1_0.id,
        lp1_0.completed,
        lp1_0.completed_at,
        lp1_0.created_at,
        lp1_0.lesson_id,
        lp1_0.updated_at,
        lp1_0.user_id 
    from
        lesson_progress lp1_0 
    left join
        users u1_0 
            on u1_0.id=lp1_0.user_id 
    where
        u1_0.id=?
Hibernate: 
    select
        lp1_0.id,
        lp1_0.completed,
        lp1_0.completed_at,
        lp1_0.created_at,
        lp1_0.lesson_id,
        lp1_0.updated_at,
        lp1_0.user_id 
    from
        lesson_progress lp1_0
Hibernate: 
    select
        l1_0.id,
        l1_0.chapter_id,
        l1_0.content,
        l1_0.created_at,
        l1_0.duration,
        l1_0.lesson_order,
        l1_0.title,
        l1_0.updated_at 
    from
        lessons l1_0
Hibernate: 
    select
        c1_0.id,
        c1_0.course_id,
        c1_0.created_at,
        c1_0.description,
        c1_0.chapter_order,
        c1_0.title,
        c1_0.updated_at 
    from
        chapters c1_0
Hibernate: 
    select
        c1_0.id,
        c1_0.created_at,
        c1_0.description,
        c1_0.difficulty,
        c1_0.duration,
        c1_0.thumbnail,
        c1_0.title,
        c1_0.updated_at 
    from
        courses c1_0
Hibernate: 
    select
        u1_0.id,
        u1_0.avatar,
        u1_0.created_at,
        u1_0.email,
        u1_0.last_activity_date,
        u1_0.level,
        u1_0.password,
        u1_0.points,
        u1_0.role,
        u1_0.streak,
        u1_0.updated_at,
        u1_0.username 
    from
        users u1_0
Hibernate: 
    insert 
    into
        users
        (avatar, created_at, email, last_activity_date, level, password, points, role, streak, updated_at, username, id) 
    values
        (?, ?, ?, ?, ?, ?, ?, ?, ?, ?, ?, default)
Hibernate: 
    insert 
    into
        users
        (avatar, created_at, email, last_activity_date, level, password, points, role, streak, updated_at, username, id) 
    values
        (?, ?, ?, ?, ?, ?, ?, ?, ?, ?, ?, default)
Hibernate: 
    insert 
    into
        courses
        (created_at, description, difficulty, duration, thumbnail, title, updated_at, id) 
    values
        (?, ?, ?, ?, ?, ?, ?, default)
Hibernate: 
    insert 
    into
        chapters
        (course_id, created_at, description, chapter_order, title, updated_at, id) 
    values
        (?, ?, ?, ?, ?, ?, default)
Hibernate: 
    insert 
    into
        lessons
        (chapter_id, content, created_at, duration, lesson_order, title, updated_at, id) 
    values
        (?, ?, ?, ?, ?, ?, ?, default)
Hibernate: 
    insert 
    into
        lessons
        (chapter_id, content, created_at, duration, lesson_order, title, updated_at, id) 
    values
        (?, ?, ?, ?, ?, ?, ?, default)
Hibernate: 
    insert 
    into
        lessons
        (chapter_id, content, created_at, duration, lesson_order, title, updated_at, id) 
    values
        (?, ?, ?, ?, ?, ?, ?, default)
Hibernate: 
    insert 
    into
        lessons
        (chapter_id, content, created_at, duration, lesson_order, title, updated_at, id) 
    values
        (?, ?, ?, ?, ?, ?, ?, default)
Hibernate: 
    insert 
    into
        lessons
        (chapter_id, content, created_at, duration, lesson_order, title, updated_at, id) 
    values
        (?, ?, ?, ?, ?, ?, ?, default)
Hibernate: 
    insert 
    into
        lesson_progress
        (completed, completed_at, created_at, lesson_id, updated_at, user_id, id) 
    values
        (?, ?, ?, ?, ?, ?, default)
Hibernate: 
    insert 
    into
        lesson_progress
        (completed, completed_at, created_at, lesson_id, updated_at, user_id, id) 
    values
        (?, ?, ?, ?, ?, ?, default)
Hibernate: 
    insert 
    into
        lesson_progress
        (completed, completed_at, created_at, lesson_id, updated_at, user_id, id) 
    values
        (?, ?, ?, ?, ?, ?, default)
Hibernate: 
    select
        lp1_0.id,
        lp1_0.completed,
        lp1_0.completed_at,
        lp1_0.created_at,
        lp1_0.lesson_id,
        lp1_0.updated_at,
        lp1_0.user_id 
    from
        lesson_progress lp1_0 
    left join
        users u1_0 
            on u1_0.id=lp1_0.user_id 
    where
        u1_0.id=?
Hibernate: 
    select
        lp1_0.id,
        lp1_0.completed,
        lp1_0.completed_at,
        lp1_0.created_at,
        lp1_0.lesson_id,
        lp1_0.updated_at,
        lp1_0.user_id 
    from
        lesson_progress lp1_0 
    left join
        users u1_0 
            on u1_0.id=lp1_0.user_id 
    where
        u1_0.id=?
[INFO] Tests run: 5, Failures: 0, Errors: 0, Skipped: 0, Time elapsed: 4.753 s -- in com.dsaplatform.service.LessonProgressPropertyTest
[INFO] 
[INFO] Results:
[INFO] 
[ERROR] Failures: 
[ERROR]   ChatIntegrationTest.testQuestionAnsweringFlow:238 Expected a non-empty value at JSON path "$.data.content" but found: null
[ERROR]   ChatIntegrationTest.testUnauthorizedAccess:443 Status expected:<401> but was:<403>
[ERROR]   ChatServicePropertyTest.chatLogCompletedWithResponseData:278 [Bot response should be stored] 
Expecting not blank but was: null
[ERROR]   ChatServicePropertyTest.chatLogCompletedWithResponseData:278 [Bot response should be stored] 
Expecting not blank but was: null
[ERROR]   ChatServicePropertyTest.chatLogCompletedWithResponseData:278 [Bot response should be stored] 
Expecting not blank but was: null
[ERROR]   ChatServicePropertyTest.chatLogCompletedWithResponseData:278 [Bot response should be stored] 
Expecting not blank but was: null
[ERROR]   ChatServicePropertyTest.chatResponseContainsRequiredMetadata:171 [Response content should not be empty] 
Expecting not blank but was: null
[ERROR]   ChatServicePropertyTest.chatResponseContainsRequiredMetadata:171 [Response content should not be empty] 
Expecting not blank but was: null
[ERROR]   ChatServicePropertyTest.chatResponseContainsRequiredMetadata:171 [Response content should not be empty] 
Expecting not blank but was: null
[ERROR]   ChatServicePropertyTest.chatResponseContainsRequiredMetadata:171 [Response content should not be empty] 
Expecting not blank but was: null
[ERROR]   EmbeddingServicePropertyTest.numberOfChunksIsPredictable:273 [Number of chunks for text length 2000] 
expected: 13
 but was: 14
[ERROR] Errors: 
[ERROR]   AuthServiceTest.testRegister_EmailExists ┬╗ UnnecessaryStubbing 
Unnecessary stubbings detected.
Clean & maintainable test code requires zero unnecessary code.
Following stubbings are unnecessary (click to navigate to relevant line of code):
  1. -> at com.dsaplatform.service.AuthServiceTest.setUp(AuthServiceTest.java:61)
Please remove unnecessary stubbings or use 'lenient' strictness. More info: javadoc for UnnecessaryStubbingException class.
[INFO] 
[ERROR] Tests run: 63, Failures: 11, Errors: 1, Skipped: 0
[INFO] 
[INFO] ------------------------------------------------------------------------
[INFO] BUILD FAILURE
[INFO] ------------------------------------------------------------------------
[INFO] Total time:  57.799 s
[INFO] Finished at: 2026-01-18T14:29:29-08:00
[INFO] ------------------------------------------------------------------------
[ERROR] Failed to execute goal org.apache.maven.plugins:maven-surefire-plugin:3.5.2:test (default-test) on project dsa-learning-platform: There are test failures.
[ERROR] 
[ERROR] See D:\Proj\Dsa\backend\target\surefire-reports for the individual test results.
[ERROR] See dump files (if any exist) [date].dump, [date]-jvmRun[N].dump and [date].dumpstream.
[ERROR] -> [Help 1]
[ERROR] 
[ERROR] To see the full stack trace of the errors, re-run Maven with the -e switch.
[ERROR] Re-run Maven using the -X switch to enable full debug logging.
[ERROR] 
[ERROR] For more information about the errors and possible solutions, please read the following articles:
[ERROR] [Help 1] http://cwiki.apache.org/confluence/display/MAVEN/MojoFailureException
